
> ai-coding-starter-kit@1.0.0 test:e2e
> playwright test


Running 718 tests using 1 worker

[1A[2K[1/718] [chromium] › tests\config-menu.spec.ts:10:7 › PROJ-22: Konfigurations-Menü (AVIS-DB & Alias löschen) › AC-1: Settings-Button ist in der Navigation sichtbar
[1A[2K  1) [chromium] › tests\config-menu.spec.ts:10:7 › PROJ-22: Konfigurations-Menü (AVIS-DB & Alias löschen) › AC-1: Settings-Button ist in der Navigation sichtbar 

    Error: [2mexpect([22m[31mlocator[39m[2m).[22mtoBeVisible[2m([22m[2m)[22m failed

    Locator: getByTitle('Konfiguration')
    Expected: visible
    Timeout: 5000ms
    Error: element(s) not found

    Call log:
    [2m  - Expect "toBeVisible" with timeout 5000ms[22m
    [2m  - waiting for getByTitle('Konfiguration')[22m


      11 |     // Look for settings button in navigation
      12 |     const settingsButton = page.getByTitle("Konfiguration")
    > 13 |     await expect(settingsButton).toBeVisible()
         |                                  ^
      14 |
      15 |     // Button should have title attribute
      16 |     const title = await settingsButton.getAttribute("title")
        at C:\Users\Flo\.antigravity\repos\ex_bon\ai-coding\tests\config-menu.spec.ts:13:34

    Error Context: test-results\config-menu-PROJ-22-Konfig-734e8--in-der-Navigation-sichtbar-chromium\error-context.md


[1A[2K[2/718] [chromium] › tests\config-menu.spec.ts:20:7 › PROJ-22: Konfigurations-Menü (AVIS-DB & Alias löschen) › AC-1: Klick auf Settings öffnet Dialog
[1A[2K  2) [chromium] › tests\config-menu.spec.ts:20:7 › PROJ-22: Konfigurations-Menü (AVIS-DB & Alias löschen) › AC-1: Klick auf Settings öffnet Dialog 

    [31mTest timeout of 30000ms exceeded.[39m

    Error: locator.click: Test timeout of 30000ms exceeded.
    Call log:
    [2m  - waiting for getByTitle('Konfiguration')[22m


      21 |     // Click settings button
      22 |     const settingsButton = page.getByTitle("Konfiguration")
    > 23 |     await settingsButton.click()
         |                          ^
      24 |
      25 |     // Dialog should appear
      26 |     await expect(page.getByRole("heading", { name: /Konfiguration & Datenverwaltung/i })).toBeVisible()
        at C:\Users\Flo\.antigravity\repos\ex_bon\ai-coding\tests\config-menu.spec.ts:23:26

    Error Context: test-results\config-menu-PROJ-22-Konfig-8b3fe--auf-Settings-öffnet-Dialog-chromium\error-context.md


[1A[2K[3/718] [chromium] › tests\config-menu.spec.ts:30:7 › PROJ-22: Konfigurations-Menü (AVIS-DB & Alias löschen) › AC-2: 'AVIS-Datenbank löschen' Button ist im Dialog
[1A[2K  3) [chromium] › tests\config-menu.spec.ts:30:7 › PROJ-22: Konfigurations-Menü (AVIS-DB & Alias löschen) › AC-2: 'AVIS-Datenbank löschen' Button ist im Dialog 

    [31mTest timeout of 30000ms exceeded.[39m

    Error: locator.click: Test timeout of 30000ms exceeded.
    Call log:
    [2m  - waiting for getByTitle('Konfiguration')[22m


      31 |     // Open settings
      32 |     const settingsButton = page.getByTitle("Konfiguration")
    > 33 |     await settingsButton.click()
         |                          ^
      34 |
      35 |     // Find AVIS delete button
      36 |     const avisButton = page.getByRole("button", { name: /AVIS-Datenbank löschen/i })
        at C:\Users\Flo\.antigravity\repos\ex_bon\ai-coding\tests\config-menu.spec.ts:33:26

    Error Context: test-results\config-menu-PROJ-22-Konfig-d5227-öschen-Button-ist-im-Dialog-chromium\error-context.md


[1A[2K[4/718] [chromium] › tests\config-menu.spec.ts:40:7 › PROJ-22: Konfigurations-Menü (AVIS-DB & Alias löschen) › AC-2: Klick auf AVIS-Button zeigt Bestätigungsdialog mit Warnung
[1A[2K  4) [chromium] › tests\config-menu.spec.ts:40:7 › PROJ-22: Konfigurations-Menü (AVIS-DB & Alias löschen) › AC-2: Klick auf AVIS-Button zeigt Bestätigungsdialog mit Warnung 

    [31mTest timeout of 30000ms exceeded.[39m

    Error: locator.click: Test timeout of 30000ms exceeded.
    Call log:
    [2m  - waiting for getByTitle('Konfiguration')[22m


      41 |     // Open settings
      42 |     const settingsButton = page.getByTitle("Konfiguration")
    > 43 |     await settingsButton.click()
         |                          ^
      44 |
      45 |     // Click AVIS delete button
      46 |     const avisButton = page.getByRole("button", { name: /AVIS-Datenbank löschen/i })
        at C:\Users\Flo\.antigravity\repos\ex_bon\ai-coding\tests\config-menu.spec.ts:43:26

    Error Context: test-results\config-menu-PROJ-22-Konfig-13dea-tätigungsdialog-mit-Warnung-chromium\error-context.md


[1A[2K[5/718] [chromium] › tests\config-menu.spec.ts:61:7 › PROJ-22: Konfigurations-Menü (AVIS-DB & Alias löschen) › AC-6: Abbrechen-Button schließt Bestätigungsdialog
[1A[2K  5) [chromium] › tests\config-menu.spec.ts:61:7 › PROJ-22: Konfigurations-Menü (AVIS-DB & Alias löschen) › AC-6: Abbrechen-Button schließt Bestätigungsdialog 

    [31mTest timeout of 30000ms exceeded.[39m

    Error: locator.click: Test timeout of 30000ms exceeded.
    Call log:
    [2m  - waiting for getByTitle('Konfiguration')[22m


      62 |     // Open settings
      63 |     const settingsButton = page.getByTitle("Konfiguration")
    > 64 |     await settingsButton.click()
         |                          ^
      65 |
      66 |     // Click AVIS delete button
      67 |     const avisButton = page.getByRole("button", { name: /AVIS-Datenbank löschen/i })
        at C:\Users\Flo\.antigravity\repos\ex_bon\ai-coding\tests\config-menu.spec.ts:64:26

    Error Context: test-results\config-menu-PROJ-22-Konfig-d0c63-schließt-Bestätigungsdialog-chromium\error-context.md


[1A[2K[6/718] [chromium] › tests\config-menu.spec.ts:81:7 › PROJ-22: Konfigurations-Menü (AVIS-DB & Alias löschen) › AC-3: 'Alle Alias löschen' Button ist im Dialog
[1A[2K  6) [chromium] › tests\config-menu.spec.ts:81:7 › PROJ-22: Konfigurations-Menü (AVIS-DB & Alias löschen) › AC-3: 'Alle Alias löschen' Button ist im Dialog 

    [31mTest timeout of 30000ms exceeded.[39m

    Error: locator.click: Test timeout of 30000ms exceeded.
    Call log:
    [2m  - waiting for getByTitle('Konfiguration')[22m


      82 |     // Open settings
      83 |     const settingsButton = page.getByTitle("Konfiguration")
    > 84 |     await settingsButton.click()
         |                          ^
      85 |
      86 |     // Find alias delete button
      87 |     const aliasButton = page.getByRole("button", { name: /Alle Alias löschen/i })
        at C:\Users\Flo\.antigravity\repos\ex_bon\ai-coding\tests\config-menu.spec.ts:84:26

    Error Context: test-results\config-menu-PROJ-22-Konfig-2d440-öschen-Button-ist-im-Dialog-chromium\error-context.md


[1A[2K[7/718] [chromium] › tests\config-menu.spec.ts:91:7 › PROJ-22: Konfigurations-Menü (AVIS-DB & Alias löschen) › AC-3: Klick auf Alias-Button zeigt Bestätigungsdialog mit Warnung
[1A[2K  7) [chromium] › tests\config-menu.spec.ts:91:7 › PROJ-22: Konfigurations-Menü (AVIS-DB & Alias löschen) › AC-3: Klick auf Alias-Button zeigt Bestätigungsdialog mit Warnung 

    [31mTest timeout of 30000ms exceeded.[39m

    Error: locator.click: Test timeout of 30000ms exceeded.
    Call log:
    [2m  - waiting for getByTitle('Konfiguration')[22m


      92 |     // Open settings
      93 |     const settingsButton = page.getByTitle("Konfiguration")
    > 94 |     await settingsButton.click()
         |                          ^
      95 |
      96 |     // Click alias delete button
      97 |     const aliasButton = page.getByRole("button", { name: /Alle Alias löschen/i })
        at C:\Users\Flo\.antigravity\repos\ex_bon\ai-coding\tests\config-menu.spec.ts:94:26

    Error Context: test-results\config-menu-PROJ-22-Konfig-806b1-tätigungsdialog-mit-Warnung-chromium\error-context.md


[1A[2K[8/718] [chromium] › tests\config-menu.spec.ts:108:7 › PROJ-22: Konfigurations-Menü (AVIS-DB & Alias löschen) › AC-5: Error handling - Dialog bleibt offen bei Fehler
[1A[2K  8) [chromium] › tests\config-menu.spec.ts:108:7 › PROJ-22: Konfigurations-Menü (AVIS-DB & Alias löschen) › AC-5: Error handling - Dialog bleibt offen bei Fehler 

    [31mTest timeout of 30000ms exceeded.[39m

    Error: locator.click: Test timeout of 30000ms exceeded.
    Call log:
    [2m  - waiting for getByTitle('Konfiguration')[22m


      114 |     // Open settings
      115 |     const settingsButton = page.getByTitle("Konfiguration")
    > 116 |     await settingsButton.click()
          |                          ^
      117 |
      118 |     // Click AVIS delete and confirm
      119 |     const avisButton = page.getByRole("button", { name: /AVIS-Datenbank löschen/i })
        at C:\Users\Flo\.antigravity\repos\ex_bon\ai-coding\tests\config-menu.spec.ts:116:26

    Error Context: test-results\config-menu-PROJ-22-Konfig-46355-log-bleibt-offen-bei-Fehler-chromium\error-context.md


[1A[2K[9/718] [chromium] › tests\config-menu.spec.ts:139:7 › PROJ-22: Konfigurations-Menü (AVIS-DB & Alias löschen) › AC-4: Success message nach erfolgreichem Löschen (Happy Path)
[1A[2K  9) [chromium] › tests\config-menu.spec.ts:139:7 › PROJ-22: Konfigurations-Menü (AVIS-DB & Alias löschen) › AC-4: Success message nach erfolgreichem Löschen (Happy Path) 

    [31mTest timeout of 30000ms exceeded.[39m

    Error: locator.click: Test timeout of 30000ms exceeded.
    Call log:
    [2m  - waiting for getByTitle('Konfiguration')[22m


      140 |     // Open settings
      141 |     const settingsButton = page.getByTitle("Konfiguration")
    > 142 |     await settingsButton.click()
          |                          ^
      143 |
      144 |     // Click AVIS delete and confirm
      145 |     const avisButton = page.getByRole("button", { name: /AVIS-Datenbank löschen/i })
        at C:\Users\Flo\.antigravity\repos\ex_bon\ai-coding\tests\config-menu.spec.ts:142:26

    Error Context: test-results\config-menu-PROJ-22-Konfig-51b1a-reichem-Löschen-Happy-Path--chromium\error-context.md


[1A[2K[10/718] [chromium] › tests\config-menu.spec.ts:159:7 › PROJ-22: Konfigurations-Menü (AVIS-DB & Alias löschen) › AC-4: Success message verschwindet nach 3 Sekunden
[1A[2K[11/718] [chromium] › tests\config-menu.spec.ts:181:7 › PROJ-22: Konfigurations-Menü (AVIS-DB & Alias löschen) › AC-1 + AC-2: Dialog closes when Schließen button is clicked
[1A[2K  10) [chromium] › tests\config-menu.spec.ts:181:7 › PROJ-22: Konfigurations-Menü (AVIS-DB & Alias löschen) › AC-1 + AC-2: Dialog closes when Schließen button is clicked 

    [31mTest timeout of 30000ms exceeded.[39m

    Error: locator.click: Test timeout of 30000ms exceeded.
    Call log:
    [2m  - waiting for getByRole('button', { name: /Schließen/i })[22m
    [2m    - locator resolved to <button class="inline-flex items-center justify-center gap-2 whitespace-nowrap rounded-md text-sm font-medium ring-offset-background transition-colors focus-visible:outline-none focus-visible:ring-2 focus-visible:ring-ring focus-visible:ring-offset-2 disabled:pointer-events-none disabled:opacity-50 [&_svg]:pointer-events-none [&_svg]:size-4 [&_svg]:shrink-0 border border-input bg-background hover:bg-accent hover:text-accent-foreground h-10 px-4 py-2">Schließen</button>[22m
    [2m  - attempting click action[22m
    [2m    2 × waiting for element to be visible, enabled and stable[22m
    [2m      - element is visible, enabled and stable[22m
    [2m      - scrolling into view if needed[22m
    [2m      - done scrolling[22m
    [2m      - element is outside of the viewport[22m
    [2m    - retrying click action[22m
    [2m    - waiting 20ms[22m
    [2m    2 × waiting for element to be visible, enabled and stable[22m
    [2m      - element is visible, enabled and stable[22m
    [2m      - scrolling into view if needed[22m
    [2m      - done scrolling[22m
    [2m      - element is outside of the viewport[22m
    [2m    - retrying click action[22m
    [2m      - waiting 100ms[22m
    [2m    55 × waiting for element to be visible, enabled and stable[22m
    [2m       - element is visible, enabled and stable[22m
    [2m       - scrolling into view if needed[22m
    [2m       - done scrolling[22m
    [2m       - element is outside of the viewport[22m
    [2m     - retrying click action[22m
    [2m       - waiting 500ms[22m


      189 |     // Click close button
      190 |     const closeButton = page.getByRole("button", { name: /Schließen/i })
    > 191 |     await closeButton.click()
          |                       ^
      192 |
      193 |     // Dialog should close
      194 |     await expect(page.getByRole("heading", { name: /Konfiguration & Datenverwaltung/i })).not.toBeVisible()
        at C:\Users\Flo\.antigravity\repos\ex_bon\ai-coding\tests\config-menu.spec.ts:191:23

    Error Context: test-results\config-menu-PROJ-22-Konfig-43958-Schließen-button-is-clicked-chromium\error-context.md


[1A[2K[12/718] [chromium] › tests\config-menu.spec.ts:197:7 › PROJ-22: Konfigurations-Menü (AVIS-DB & Alias löschen) › Edge Case: Empty database message for AVIS
[1A[2K[13/718] [chromium] › tests\config-menu.spec.ts:214:7 › PROJ-22: Konfigurations-Menü (AVIS-DB & Alias löschen) › Edge Case: Empty database message for Alias
[1A[2K[14/718] [chromium] › tests\e2e\proj29-transaction-filter.spec.ts:4:7 › PROJ-29: Transaction Year/Month Filter › Year selector appears on Transaktionen page
[1A[2K[15/718] [chromium] › tests\e2e\proj29-transaction-filter.spec.ts:13:7 › PROJ-29: Transaction Year/Month Filter › Month selector is hidden when no year is selected
[1A[2K[16/718] [chromium] › tests\e2e\proj29-transaction-filter.spec.ts:22:7 › PROJ-29: Transaction Year/Month Filter › Month selector appears when year is selected
[1A[2K[17/718] [chromium] › tests\e2e\proj29-transaction-filter.spec.ts:44:7 › PROJ-29: Transaction Year/Month Filter › Search and filter work together
[1A[2K[18/718] [chromium] › tests\e2e\proj30-backup-restore.spec.ts:4:7 › PROJ-30: Backup & Restore › Settings dialog opens and backup section is visible
[1A[2K[19/718] [chromium] › tests\e2e\proj30-backup-restore.spec.ts:17:7 › PROJ-30: Backup & Restore › Backup creation button exists
[1A[2K[20/718] [chromium] › tests\e2e\proj30-backup-restore.spec.ts:30:7 › PROJ-30: Backup & Restore › Backup restore button exists
[1A[2K[21/718] [chromium] › tests\e2e\proj30-backup-restore.spec.ts:43:7 › PROJ-30: Backup & Restore › Backup timestamp displays correctly
[1A[2K[22/718] [chromium] › tests\PROJ-1-ebon-import.spec.ts:25:7 › AC: Import page UI › import page loads with drop zone and instructions
[1A[2K  11) [chromium] › tests\PROJ-1-ebon-import.spec.ts:25:7 › AC: Import page UI › import page loads with drop zone and instructions 

    Error: [2mexpect([22m[31mlocator[39m[2m).[22mtoBeVisible[2m([22m[2m)[22m failed

    Locator: getByText('PDFs hier ablegen')
    Expected: visible
    Error: strict mode violation: getByText('PDFs hier ablegen') resolved to 3 elements:
        1) <p class="font-medium text-gray-700">PDFs hier ablegen</p> aka getByText('PDFs hier ablegen', { exact: true })
        2) <p class="font-medium text-gray-700">AVIS-PDFs hier ablegen</p> aka getByText('AVIS-PDFs hier ablegen')
        3) <p class="font-medium text-gray-700">Kontoauszug-PDFs hier ablegen</p> aka getByText('Kontoauszug-PDFs hier ablegen')

    Call log:
    [2m  - Expect "toBeVisible" with timeout 5000ms[22m
    [2m  - waiting for getByText('PDFs hier ablegen')[22m


      26 |     await page.goto("/import")
      27 |     await expect(page.getByRole("heading", { name: "eBon importieren" })).toBeVisible()
    > 28 |     await expect(page.getByText("PDFs hier ablegen")).toBeVisible()
         |                                                       ^
      29 |     await expect(page.getByText("REWE eBon PDFs").first()).toBeVisible()
      30 |   })
      31 |
        at C:\Users\Flo\.antigravity\repos\ex_bon\ai-coding\tests\PROJ-1-ebon-import.spec.ts:28:55

    Error Context: test-results\PROJ-1-ebon-import-AC-Impo-9cef0--drop-zone-and-instructions-chromium\error-context.md


[1A[2K[23/718] [chromium] › tests\PROJ-1-ebon-import.spec.ts:32:7 › AC: Import page UI › file input accepts multiple PDFs
[1A[2K  12) [chromium] › tests\PROJ-1-ebon-import.spec.ts:32:7 › AC: Import page UI › file input accepts multiple PDFs 

    Error: [2mexpect([22m[31mlocator[39m[2m).[22mtoHaveAttribute[2m([22m[2m)[22m failed

    Locator: locator('input[type="file"]')
    Expected: have attribute
    Error: strict mode violation: locator('input[type="file"]') resolved to 3 elements:
        1) <input multiple type="file" class="hidden" accept=".pdf,application/pdf"/> aka locator('input[type="file"]').first()
        2) <input multiple type="file" class="hidden" accept=".pdf,application/pdf"/> aka locator('input[type="file"]').nth(1)
        3) <input multiple type="file" class="hidden" accept=".pdf,application/pdf"/> aka locator('input[type="file"]').nth(2)

    Call log:
    [2m  - Expect "toHaveAttribute" with timeout 5000ms[22m
    [2m  - waiting for locator('input[type="file"]')[22m


      33 |     await page.goto("/import")
      34 |     const fileInput = page.locator('input[type="file"]')
    > 35 |     await expect(fileInput).toHaveAttribute("multiple")
         |                             ^
      36 |     await expect(fileInput).toHaveAttribute("accept", /.pdf/)
      37 |   })
      38 |
        at C:\Users\Flo\.antigravity\repos\ex_bon\ai-coding\tests\PROJ-1-ebon-import.spec.ts:35:29

    Error Context: test-results\PROJ-1-ebon-import-AC-Impo-3b79b-input-accepts-multiple-PDFs-chromium\error-context.md


[1A[2K[24/718] [chromium] › tests\PROJ-1-ebon-import.spec.ts:39:7 › AC: Import page UI › navigation links are present and correct
[1A[2K[25/718] [chromium] › tests\PROJ-1-ebon-import.spec.ts:55:7 › AC: Import REWE-ebon2.pdf › uploads successfully and shows Importiert or Duplikat badge
[1A[2K  13) [chromium] › tests\PROJ-1-ebon-import.spec.ts:55:7 › AC: Import REWE-ebon2.pdf › uploads successfully and shows Importiert or Duplikat badge 

    Error: ENOENT: no such file or directory, stat 'C:\Users\Flo\.antigravity\repos\ex_bon\ai-coding\data\ebons\REWE-ebon2.pdf'

      13 | async function uploadPdf(page: import("@playwright/test").Page, pdfPath: string) {
      14 |   const fileInput = page.locator('input[type="file"]')
    > 15 |   await fileInput.setInputFiles(pdfPath)
         |   ^
      16 |   // Wait for processing to finish (pending → uploading → terminal state)
      17 |   await expect(
      18 |     page.getByText(/Importiert|Duplikat|Fehler/)
        at uploadPdf (C:\Users\Flo\.antigravity\repos\ex_bon\ai-coding\tests\PROJ-1-ebon-import.spec.ts:15:3)
        at C:\Users\Flo\.antigravity\repos\ex_bon\ai-coding\tests\PROJ-1-ebon-import.spec.ts:56:5

    Error Context: test-results\PROJ-1-ebon-import-AC-Impo-ef6b6-mportiert-or-Duplikat-badge-chromium\error-context.md


[1A[2K[26/718] [chromium] › tests\PROJ-1-ebon-import.spec.ts:61:7 › AC: Import REWE-ebon2.pdf › shows file name in queue after upload
[1A[2K  14) [chromium] › tests\PROJ-1-ebon-import.spec.ts:61:7 › AC: Import REWE-ebon2.pdf › shows file name in queue after upload 

    Error: ENOENT: no such file or directory, stat 'C:\Users\Flo\.antigravity\repos\ex_bon\ai-coding\data\ebons\REWE-ebon2.pdf'

      13 | async function uploadPdf(page: import("@playwright/test").Page, pdfPath: string) {
      14 |   const fileInput = page.locator('input[type="file"]')
    > 15 |   await fileInput.setInputFiles(pdfPath)
         |   ^
      16 |   // Wait for processing to finish (pending → uploading → terminal state)
      17 |   await expect(
      18 |     page.getByText(/Importiert|Duplikat|Fehler/)
        at uploadPdf (C:\Users\Flo\.antigravity\repos\ex_bon\ai-coding\tests\PROJ-1-ebon-import.spec.ts:15:3)
        at C:\Users\Flo\.antigravity\repos\ex_bon\ai-coding\tests\PROJ-1-ebon-import.spec.ts:62:5

    Error Context: test-results\PROJ-1-ebon-import-AC-Impo-26df5--name-in-queue-after-upload-chromium\error-context.md


[1A[2K[27/718] [chromium] › tests\PROJ-1-ebon-import.spec.ts:66:7 › AC: Import REWE-ebon2.pdf › success card shows summary (date, store, items, total)
[1A[2K  15) [chromium] › tests\PROJ-1-ebon-import.spec.ts:66:7 › AC: Import REWE-ebon2.pdf › success card shows summary (date, store, items, total) 

    Error: ENOENT: no such file or directory, stat 'C:\Users\Flo\.antigravity\repos\ex_bon\ai-coding\data\ebons\REWE-ebon2.pdf'

      13 | async function uploadPdf(page: import("@playwright/test").Page, pdfPath: string) {
      14 |   const fileInput = page.locator('input[type="file"]')
    > 15 |   await fileInput.setInputFiles(pdfPath)
         |   ^
      16 |   // Wait for processing to finish (pending → uploading → terminal state)
      17 |   await expect(
      18 |     page.getByText(/Importiert|Duplikat|Fehler/)
        at uploadPdf (C:\Users\Flo\.antigravity\repos\ex_bon\ai-coding\tests\PROJ-1-ebon-import.spec.ts:15:3)
        at C:\Users\Flo\.antigravity\repos\ex_bon\ai-coding\tests\PROJ-1-ebon-import.spec.ts:67:5

    Error Context: test-results\PROJ-1-ebon-import-AC-Impo-3fe43-ary-date-store-items-total--chromium\error-context.md


[1A[2K[28/718] [chromium] › tests\PROJ-1-ebon-import.spec.ts:80:7 › AC: Import REWE-ebon1.pdf (negative total) › imports eBon with negative total (-38,29 EUR)
[1A[2K  16) [chromium] › tests\PROJ-1-ebon-import.spec.ts:80:7 › AC: Import REWE-ebon1.pdf (negative total) › imports eBon with negative total (-38,29 EUR) 

    Error: ENOENT: no such file or directory, stat 'C:\Users\Flo\.antigravity\repos\ex_bon\ai-coding\data\ebons\REWE-ebon1.pdf'

      13 | async function uploadPdf(page: import("@playwright/test").Page, pdfPath: string) {
      14 |   const fileInput = page.locator('input[type="file"]')
    > 15 |   await fileInput.setInputFiles(pdfPath)
         |   ^
      16 |   // Wait for processing to finish (pending → uploading → terminal state)
      17 |   await expect(
      18 |     page.getByText(/Importiert|Duplikat|Fehler/)
        at uploadPdf (C:\Users\Flo\.antigravity\repos\ex_bon\ai-coding\tests\PROJ-1-ebon-import.spec.ts:15:3)
        at C:\Users\Flo\.antigravity\repos\ex_bon\ai-coding\tests\PROJ-1-ebon-import.spec.ts:82:5

    Error Context: test-results\PROJ-1-ebon-import-AC-Impo-d9b01--negative-total--38-29-EUR--chromium\error-context.md


[1A[2K[29/718] [chromium] › tests\PROJ-1-ebon-import.spec.ts:95:7 › AC: Import REWE-eBon3.pdf (Getränkemarkt) › imports Getränkemarkt eBon successfully
[1A[2K  17) [chromium] › tests\PROJ-1-ebon-import.spec.ts:95:7 › AC: Import REWE-eBon3.pdf (Getränkemarkt) › imports Getränkemarkt eBon successfully 

    Error: ENOENT: no such file or directory, stat 'C:\Users\Flo\.antigravity\repos\ex_bon\ai-coding\data\ebons\REWE-eBon3.pdf'

      13 | async function uploadPdf(page: import("@playwright/test").Page, pdfPath: string) {
      14 |   const fileInput = page.locator('input[type="file"]')
    > 15 |   await fileInput.setInputFiles(pdfPath)
         |   ^
      16 |   // Wait for processing to finish (pending → uploading → terminal state)
      17 |   await expect(
      18 |     page.getByText(/Importiert|Duplikat|Fehler/)
        at uploadPdf (C:\Users\Flo\.antigravity\repos\ex_bon\ai-coding\tests\PROJ-1-ebon-import.spec.ts:15:3)
        at C:\Users\Flo\.antigravity\repos\ex_bon\ai-coding\tests\PROJ-1-ebon-import.spec.ts:97:5

    Error Context: test-results\PROJ-1-ebon-import-AC-Impo-5c568-änkemarkt-eBon-successfully-chromium\error-context.md


[1A[2K[30/718] [chromium] › tests\PROJ-1-ebon-import.spec.ts:105:7 › AC: Duplicate detection › second import of same PDF shows Duplikat badge
[1A[2K  18) [chromium] › tests\PROJ-1-ebon-import.spec.ts:105:7 › AC: Duplicate detection › second import of same PDF shows Duplikat badge 

    Error: ENOENT: no such file or directory, stat 'C:\Users\Flo\.antigravity\repos\ex_bon\ai-coding\data\ebons\REWE-ebon2.pdf'

      13 | async function uploadPdf(page: import("@playwright/test").Page, pdfPath: string) {
      14 |   const fileInput = page.locator('input[type="file"]')
    > 15 |   await fileInput.setInputFiles(pdfPath)
         |   ^
      16 |   // Wait for processing to finish (pending → uploading → terminal state)
      17 |   await expect(
      18 |     page.getByText(/Importiert|Duplikat|Fehler/)
        at uploadPdf (C:\Users\Flo\.antigravity\repos\ex_bon\ai-coding\tests\PROJ-1-ebon-import.spec.ts:15:3)
        at C:\Users\Flo\.antigravity\repos\ex_bon\ai-coding\tests\PROJ-1-ebon-import.spec.ts:108:5

    Error Context: test-results\PROJ-1-ebon-import-AC-Dupl-418d4-me-PDF-shows-Duplikat-badge-chromium\error-context.md


[1A[2K[31/718] [chromium] › tests\PROJ-1-ebon-import.spec.ts:118:7 › AC: Duplicate detection › duplicate error message contains Bon-Nr.
[1A[2K  19) [chromium] › tests\PROJ-1-ebon-import.spec.ts:118:7 › AC: Duplicate detection › duplicate error message contains Bon-Nr. 

    Error: ENOENT: no such file or directory, stat 'C:\Users\Flo\.antigravity\repos\ex_bon\ai-coding\data\ebons\REWE-ebon2.pdf'

      122 |
      123 |     // First upload: wait for terminal state
    > 124 |     await fileInput.setInputFiles(EBON2)
          |     ^
      125 |     await expect(page.getByText(/Importiert|Duplikat/)).toBeVisible({ timeout: 15000 })
      126 |
      127 |     // Second upload of same file: must be duplicate
        at C:\Users\Flo\.antigravity\repos\ex_bon\ai-coding\tests\PROJ-1-ebon-import.spec.ts:124:5

    Error Context: test-results\PROJ-1-ebon-import-AC-Dupl-736f8-or-message-contains-Bon-Nr--chromium\error-context.md


[1A[2K[32/718] [chromium] › tests\PROJ-1-ebon-import.spec.ts:138:7 › AC: Multiple file upload › can upload multiple PDFs at once and sees one queue item per file
[1A[2K  20) [chromium] › tests\PROJ-1-ebon-import.spec.ts:138:7 › AC: Multiple file upload › can upload multiple PDFs at once and sees one queue item per file 

    Error: ENOENT: no such file or directory, stat 'C:\Users\Flo\.antigravity\repos\ex_bon\ai-coding\data\ebons\REWE-ebon1.pdf'

      139 |     await page.goto("/import")
      140 |     const fileInput = page.locator('input[type="file"]')
    > 141 |     await fileInput.setInputFiles([EBON1, EBON2, EBON3])
          |     ^
      142 |     // Expect 3 filenames to appear in queue
      143 |     await expect(page.getByText("REWE-ebon1.pdf")).toBeVisible({ timeout: 15000 })
      144 |     await expect(page.getByText("REWE-ebon2.pdf")).toBeVisible()
        at C:\Users\Flo\.antigravity\repos\ex_bon\ai-coding\tests\PROJ-1-ebon-import.spec.ts:141:5

    Error Context: test-results\PROJ-1-ebon-import-AC-Mult-563dc-ees-one-queue-item-per-file-chromium\error-context.md


[1A[2K[33/718] [chromium] › tests\PROJ-1-ebon-import.spec.ts:154:7 › AC: Error handling › uploading a non-PDF text file shows Fehler badge
[1A[2K  21) [chromium] › tests\PROJ-1-ebon-import.spec.ts:154:7 › AC: Error handling › uploading a non-PDF text file shows Fehler badge 

    Error: locator.setInputFiles: Error: strict mode violation: locator('input[type="file"]') resolved to 3 elements:
        1) <input multiple type="file" class="hidden" accept=".pdf,application/pdf"/> aka locator('input[type="file"]').first()
        2) <input multiple type="file" class="hidden" accept=".pdf,application/pdf"/> aka locator('input[type="file"]').nth(1)
        3) <input multiple type="file" class="hidden" accept=".pdf,application/pdf"/> aka locator('input[type="file"]').nth(2)

    Call log:
    [2m  - waiting for locator('input[type="file"]')[22m


      159 |     try {
      160 |       const fileInput = page.locator('input[type="file"]')
    > 161 |       await fileInput.setInputFiles(fakePdfPath)
          |       ^
      162 |       await expect(page.getByText("Fehler")).toBeVisible({ timeout: 15000 })
      163 |     } finally {
      164 |       fs.unlinkSync(fakePdfPath)
        at C:\Users\Flo\.antigravity\repos\ex_bon\ai-coding\tests\PROJ-1-ebon-import.spec.ts:161:7

    Error Context: test-results\PROJ-1-ebon-import-AC-Erro-3617c-ext-file-shows-Fehler-badge-chromium\error-context.md


[1A[2K[34/718] [chromium] › tests\PROJ-1-ebon-import.spec.ts:172:7 › AC: API /api/import direct tests › POST without file returns 400
[1A[2K[35/718] [chromium] › tests\PROJ-1-ebon-import.spec.ts:181:7 › AC: API /api/import direct tests › duplicate import returns 409 with message
[1A[2K  22) [chromium] › tests\PROJ-1-ebon-import.spec.ts:181:7 › AC: API /api/import direct tests › duplicate import returns 409 with message 

    Error: ENOENT: no such file or directory, open 'C:\Users\Flo\.antigravity\repos\ex_bon\ai-coding\data\ebons\REWE-ebon2.pdf'

      181 |   test("duplicate import returns 409 with message", async ({ request: req }) => {
      182 |     // ebon2 should already be imported from earlier tests
    > 183 |     const pdfBuffer = fs.readFileSync(EBON2)
          |                          ^
      184 |     const resp = await req.post("/api/import", {
      185 |       multipart: {
      186 |         file: {
        at C:\Users\Flo\.antigravity\repos\ex_bon\ai-coding\tests\PROJ-1-ebon-import.spec.ts:183:26


[1A[2K[36/718] [chromium] › tests\PROJ-1-ebon-import.spec.ts:201:7 › AC: API /api/import direct tests › successful import returns structured result
[1A[2K  23) [chromium] › tests\PROJ-1-ebon-import.spec.ts:201:7 › AC: API /api/import direct tests › successful import returns structured result 

    Error: ENOENT: no such file or directory, open 'C:\Users\Flo\.antigravity\repos\ex_bon\ai-coding\data\ebons\REWE-eBon3.pdf'

      202 |     // Use ebon3 which is least likely to have been imported
      203 |     // (if already imported, test the 409 structure instead)
    > 204 |     const pdfBuffer = fs.readFileSync(EBON3)
          |                          ^
      205 |     const resp = await req.post("/api/import", {
      206 |       multipart: {
      207 |         file: {
        at C:\Users\Flo\.antigravity\repos\ex_bon\ai-coding\tests\PROJ-1-ebon-import.spec.ts:204:26


[1A[2K[37/718] [chromium] › tests\PROJ-1-ebon-import.spec.ts:230:7 › Responsive: Mobile layout › import page is usable on mobile
[1A[2K  24) [chromium] › tests\PROJ-1-ebon-import.spec.ts:230:7 › Responsive: Mobile layout › import page is usable on mobile 

    Error: [2mexpect([22m[31mlocator[39m[2m).[22mtoBeVisible[2m([22m[2m)[22m failed

    Locator: getByText('PDFs hier ablegen')
    Expected: visible
    Error: strict mode violation: getByText('PDFs hier ablegen') resolved to 3 elements:
        1) <p class="font-medium text-gray-700">PDFs hier ablegen</p> aka getByText('PDFs hier ablegen', { exact: true })
        2) <p class="font-medium text-gray-700">AVIS-PDFs hier ablegen</p> aka getByText('AVIS-PDFs hier ablegen')
        3) <p class="font-medium text-gray-700">Kontoauszug-PDFs hier ablegen</p> aka getByText('Kontoauszug-PDFs hier ablegen')

    Call log:
    [2m  - Expect "toBeVisible" with timeout 5000ms[22m
    [2m  - waiting for getByText('PDFs hier ablegen')[22m


      231 |     await page.goto("/import")
      232 |     await expect(page.getByRole("heading", { name: "eBon importieren" })).toBeVisible()
    > 233 |     await expect(page.getByText("PDFs hier ablegen")).toBeVisible()
          |                                                       ^
      234 |   })
      235 | })
      236 |
        at C:\Users\Flo\.antigravity\repos\ex_bon\ai-coding\tests\PROJ-1-ebon-import.spec.ts:233:55

    Error Context: test-results\PROJ-1-ebon-import-Respons-4b2ee-rt-page-is-usable-on-mobile-chromium\error-context.md


[1A[2K[38/718] [chromium] › tests\PROJ-10-preistrend-indikator.spec.ts:35:7 › AC: Preistrend-Indikator API › GET /api/produkte returns price_trend_pct field
[1A[2K  25) [chromium] › tests\PROJ-10-preistrend-indikator.spec.ts:35:7 › AC: Preistrend-Indikator API › GET /api/produkte returns price_trend_pct field 

    Error: ENOENT: no such file or directory, open 'C:\Users\Flo\.antigravity\repos\ex_bon\ai-coding\data\ebons\REWE-ebon1.pdf'

      11 |
      12 | async function importPdf(request: import("@playwright/test").APIRequestContext, pdfPath: string) {
    > 13 |   const pdfBuffer = fs.readFileSync(pdfPath)
         |                        ^
      14 |   const filename = path.basename(pdfPath)
      15 |   await request.post("/api/import", {
      16 |     multipart: {
        at importPdf (C:\Users\Flo\.antigravity\repos\ex_bon\ai-coding\tests\PROJ-10-preistrend-indikator.spec.ts:13:24)
        at ensureBonsImported (C:\Users\Flo\.antigravity\repos\ex_bon\ai-coding\tests\PROJ-10-preistrend-indikator.spec.ts:23:9)
        at C:\Users\Flo\.antigravity\repos\ex_bon\ai-coding\tests\PROJ-10-preistrend-indikator.spec.ts:32:11


[1A[2K[39/718] [chromium] › tests\PROJ-10-preistrend-indikator.spec.ts:48:7 › AC: Preistrend-Indikator API › GET /api/produkte returns first_price_cents field
[1A[2K  26) [chromium] › tests\PROJ-10-preistrend-indikator.spec.ts:48:7 › AC: Preistrend-Indikator API › GET /api/produkte returns first_price_cents field 

    Error: ENOENT: no such file or directory, open 'C:\Users\Flo\.antigravity\repos\ex_bon\ai-coding\data\ebons\REWE-ebon1.pdf'

      11 |
      12 | async function importPdf(request: import("@playwright/test").APIRequestContext, pdfPath: string) {
    > 13 |   const pdfBuffer = fs.readFileSync(pdfPath)
         |                        ^
      14 |   const filename = path.basename(pdfPath)
      15 |   await request.post("/api/import", {
      16 |     multipart: {
        at importPdf (C:\Users\Flo\.antigravity\repos\ex_bon\ai-coding\tests\PROJ-10-preistrend-indikator.spec.ts:13:24)
        at ensureBonsImported (C:\Users\Flo\.antigravity\repos\ex_bon\ai-coding\tests\PROJ-10-preistrend-indikator.spec.ts:23:9)
        at C:\Users\Flo\.antigravity\repos\ex_bon\ai-coding\tests\PROJ-10-preistrend-indikator.spec.ts:32:11


[1A[2K[40/718] [chromium] › tests\PROJ-10-preistrend-indikator.spec.ts:57:7 › AC: Preistrend-Indikator API › price_data_count is NOT exposed in API response
[1A[2K  27) [chromium] › tests\PROJ-10-preistrend-indikator.spec.ts:57:7 › AC: Preistrend-Indikator API › price_data_count is NOT exposed in API response 

    Error: ENOENT: no such file or directory, open 'C:\Users\Flo\.antigravity\repos\ex_bon\ai-coding\data\ebons\REWE-ebon1.pdf'

      11 |
      12 | async function importPdf(request: import("@playwright/test").APIRequestContext, pdfPath: string) {
    > 13 |   const pdfBuffer = fs.readFileSync(pdfPath)
         |                        ^
      14 |   const filename = path.basename(pdfPath)
      15 |   await request.post("/api/import", {
      16 |     multipart: {
        at importPdf (C:\Users\Flo\.antigravity\repos\ex_bon\ai-coding\tests\PROJ-10-preistrend-indikator.spec.ts:13:24)
        at ensureBonsImported (C:\Users\Flo\.antigravity\repos\ex_bon\ai-coding\tests\PROJ-10-preistrend-indikator.spec.ts:23:9)
        at C:\Users\Flo\.antigravity\repos\ex_bon\ai-coding\tests\PROJ-10-preistrend-indikator.spec.ts:32:11


[1A[2K[41/718] [chromium] › tests\PROJ-10-preistrend-indikator.spec.ts:65:7 › AC: Preistrend-Indikator API › products appearing only once have price_trend_pct = null
[1A[2K  28) [chromium] › tests\PROJ-10-preistrend-indikator.spec.ts:65:7 › AC: Preistrend-Indikator API › products appearing only once have price_trend_pct = null 

    Error: ENOENT: no such file or directory, open 'C:\Users\Flo\.antigravity\repos\ex_bon\ai-coding\data\ebons\REWE-ebon1.pdf'

      11 |
      12 | async function importPdf(request: import("@playwright/test").APIRequestContext, pdfPath: string) {
    > 13 |   const pdfBuffer = fs.readFileSync(pdfPath)
         |                        ^
      14 |   const filename = path.basename(pdfPath)
      15 |   await request.post("/api/import", {
      16 |     multipart: {
        at importPdf (C:\Users\Flo\.antigravity\repos\ex_bon\ai-coding\tests\PROJ-10-preistrend-indikator.spec.ts:13:24)
        at ensureBonsImported (C:\Users\Flo\.antigravity\repos\ex_bon\ai-coding\tests\PROJ-10-preistrend-indikator.spec.ts:23:9)
        at C:\Users\Flo\.antigravity\repos\ex_bon\ai-coding\tests\PROJ-10-preistrend-indikator.spec.ts:32:11


[1A[2K[42/718] [chromium] › tests\PROJ-10-preistrend-indikator.spec.ts:80:7 › AC: Preistrend Spalte in Produktliste UI › Preistrend column header is visible on desktop
[1A[2K  29) [chromium] › tests\PROJ-10-preistrend-indikator.spec.ts:80:7 › AC: Preistrend Spalte in Produktliste UI › Preistrend column header is visible on desktop 

    Error: ENOENT: no such file or directory, open 'C:\Users\Flo\.antigravity\repos\ex_bon\ai-coding\data\ebons\REWE-ebon1.pdf'

      11 |
      12 | async function importPdf(request: import("@playwright/test").APIRequestContext, pdfPath: string) {
    > 13 |   const pdfBuffer = fs.readFileSync(pdfPath)
         |                        ^
      14 |   const filename = path.basename(pdfPath)
      15 |   await request.post("/api/import", {
      16 |     multipart: {
        at importPdf (C:\Users\Flo\.antigravity\repos\ex_bon\ai-coding\tests\PROJ-10-preistrend-indikator.spec.ts:13:24)
        at ensureBonsImported (C:\Users\Flo\.antigravity\repos\ex_bon\ai-coding\tests\PROJ-10-preistrend-indikator.spec.ts:23:9)
        at C:\Users\Flo\.antigravity\repos\ex_bon\ai-coding\tests\PROJ-10-preistrend-indikator.spec.ts:77:11


[1A[2K[43/718] [chromium] › tests\PROJ-10-preistrend-indikator.spec.ts:87:7 › AC: Preistrend Spalte in Produktliste UI › products with ≥2 purchases show a trend badge
[1A[2K  30) [chromium] › tests\PROJ-10-preistrend-indikator.spec.ts:87:7 › AC: Preistrend Spalte in Produktliste UI › products with ≥2 purchases show a trend badge 

    Error: ENOENT: no such file or directory, open 'C:\Users\Flo\.antigravity\repos\ex_bon\ai-coding\data\ebons\REWE-ebon1.pdf'

      11 |
      12 | async function importPdf(request: import("@playwright/test").APIRequestContext, pdfPath: string) {
    > 13 |   const pdfBuffer = fs.readFileSync(pdfPath)
         |                        ^
      14 |   const filename = path.basename(pdfPath)
      15 |   await request.post("/api/import", {
      16 |     multipart: {
        at importPdf (C:\Users\Flo\.antigravity\repos\ex_bon\ai-coding\tests\PROJ-10-preistrend-indikator.spec.ts:13:24)
        at ensureBonsImported (C:\Users\Flo\.antigravity\repos\ex_bon\ai-coding\tests\PROJ-10-preistrend-indikator.spec.ts:23:9)
        at C:\Users\Flo\.antigravity\repos\ex_bon\ai-coding\tests\PROJ-10-preistrend-indikator.spec.ts:77:11


[1A[2K[44/718] [chromium] › tests\PROJ-10-preistrend-indikator.spec.ts:98:7 › AC: Preistrend Spalte in Produktliste UI › trend badges contain arrow character and percent sign
[1A[2K  31) [chromium] › tests\PROJ-10-preistrend-indikator.spec.ts:98:7 › AC: Preistrend Spalte in Produktliste UI › trend badges contain arrow character and percent sign 

    Error: ENOENT: no such file or directory, open 'C:\Users\Flo\.antigravity\repos\ex_bon\ai-coding\data\ebons\REWE-ebon1.pdf'

      11 |
      12 | async function importPdf(request: import("@playwright/test").APIRequestContext, pdfPath: string) {
    > 13 |   const pdfBuffer = fs.readFileSync(pdfPath)
         |                        ^
      14 |   const filename = path.basename(pdfPath)
      15 |   await request.post("/api/import", {
      16 |     multipart: {
        at importPdf (C:\Users\Flo\.antigravity\repos\ex_bon\ai-coding\tests\PROJ-10-preistrend-indikator.spec.ts:13:24)
        at ensureBonsImported (C:\Users\Flo\.antigravity\repos\ex_bon\ai-coding\tests\PROJ-10-preistrend-indikator.spec.ts:23:9)
        at C:\Users\Flo\.antigravity\repos\ex_bon\ai-coding\tests\PROJ-10-preistrend-indikator.spec.ts:77:11


[1A[2K[45/718] [chromium] › tests\PROJ-10-preistrend-indikator.spec.ts:114:7 › AC: Preistrend Spalte in Produktliste UI › no badge shown for products with only 1 purchase (no placeholder)
[1A[2K  32) [chromium] › tests\PROJ-10-preistrend-indikator.spec.ts:114:7 › AC: Preistrend Spalte in Produktliste UI › no badge shown for products with only 1 purchase (no placeholder) 

    Error: ENOENT: no such file or directory, open 'C:\Users\Flo\.antigravity\repos\ex_bon\ai-coding\data\ebons\REWE-ebon1.pdf'

      11 |
      12 | async function importPdf(request: import("@playwright/test").APIRequestContext, pdfPath: string) {
    > 13 |   const pdfBuffer = fs.readFileSync(pdfPath)
         |                        ^
      14 |   const filename = path.basename(pdfPath)
      15 |   await request.post("/api/import", {
      16 |     multipart: {
        at importPdf (C:\Users\Flo\.antigravity\repos\ex_bon\ai-coding\tests\PROJ-10-preistrend-indikator.spec.ts:13:24)
        at ensureBonsImported (C:\Users\Flo\.antigravity\repos\ex_bon\ai-coding\tests\PROJ-10-preistrend-indikator.spec.ts:23:9)
        at C:\Users\Flo\.antigravity\repos\ex_bon\ai-coding\tests\PROJ-10-preistrend-indikator.spec.ts:77:11


[1A[2K[46/718] [chromium] › tests\PROJ-10-preistrend-indikator.spec.ts:137:7 › AC: Preistrend Spalte in Produktliste UI › clicking trend badge opens price chart sheet
[1A[2K  33) [chromium] › tests\PROJ-10-preistrend-indikator.spec.ts:137:7 › AC: Preistrend Spalte in Produktliste UI › clicking trend badge opens price chart sheet 

    Error: ENOENT: no such file or directory, open 'C:\Users\Flo\.antigravity\repos\ex_bon\ai-coding\data\ebons\REWE-ebon1.pdf'

      11 |
      12 | async function importPdf(request: import("@playwright/test").APIRequestContext, pdfPath: string) {
    > 13 |   const pdfBuffer = fs.readFileSync(pdfPath)
         |                        ^
      14 |   const filename = path.basename(pdfPath)
      15 |   await request.post("/api/import", {
      16 |     multipart: {
        at importPdf (C:\Users\Flo\.antigravity\repos\ex_bon\ai-coding\tests\PROJ-10-preistrend-indikator.spec.ts:13:24)
        at ensureBonsImported (C:\Users\Flo\.antigravity\repos\ex_bon\ai-coding\tests\PROJ-10-preistrend-indikator.spec.ts:23:9)
        at C:\Users\Flo\.antigravity\repos\ex_bon\ai-coding\tests\PROJ-10-preistrend-indikator.spec.ts:77:11


[1A[2K[47/718] [chromium] › tests\PROJ-10-preistrend-indikator.spec.ts:158:7 › AC: Performance › product list page loads within acceptable time
[1A[2K  34) [chromium] › tests\PROJ-10-preistrend-indikator.spec.ts:158:7 › AC: Performance › product list page loads within acceptable time 

    Error: ENOENT: no such file or directory, open 'C:\Users\Flo\.antigravity\repos\ex_bon\ai-coding\data\ebons\REWE-ebon1.pdf'

      11 |
      12 | async function importPdf(request: import("@playwright/test").APIRequestContext, pdfPath: string) {
    > 13 |   const pdfBuffer = fs.readFileSync(pdfPath)
         |                        ^
      14 |   const filename = path.basename(pdfPath)
      15 |   await request.post("/api/import", {
      16 |     multipart: {
        at importPdf (C:\Users\Flo\.antigravity\repos\ex_bon\ai-coding\tests\PROJ-10-preistrend-indikator.spec.ts:13:24)
        at ensureBonsImported (C:\Users\Flo\.antigravity\repos\ex_bon\ai-coding\tests\PROJ-10-preistrend-indikator.spec.ts:23:9)
        at C:\Users\Flo\.antigravity\repos\ex_bon\ai-coding\tests\PROJ-10-preistrend-indikator.spec.ts:155:11


[1A[2K[48/718] [chromium] › tests\PROJ-10-preistrend-indikator.spec.ts:168:7 › AC: Performance › API /api/produkte responds within 500ms
[1A[2K  35) [chromium] › tests\PROJ-10-preistrend-indikator.spec.ts:168:7 › AC: Performance › API /api/produkte responds within 500ms 

    Error: ENOENT: no such file or directory, open 'C:\Users\Flo\.antigravity\repos\ex_bon\ai-coding\data\ebons\REWE-ebon1.pdf'

      11 |
      12 | async function importPdf(request: import("@playwright/test").APIRequestContext, pdfPath: string) {
    > 13 |   const pdfBuffer = fs.readFileSync(pdfPath)
         |                        ^
      14 |   const filename = path.basename(pdfPath)
      15 |   await request.post("/api/import", {
      16 |     multipart: {
        at importPdf (C:\Users\Flo\.antigravity\repos\ex_bon\ai-coding\tests\PROJ-10-preistrend-indikator.spec.ts:13:24)
        at ensureBonsImported (C:\Users\Flo\.antigravity\repos\ex_bon\ai-coding\tests\PROJ-10-preistrend-indikator.spec.ts:23:9)
        at C:\Users\Flo\.antigravity\repos\ex_bon\ai-coding\tests\PROJ-10-preistrend-indikator.spec.ts:155:11


[1A[2K[49/718] [chromium] › tests\PROJ-10-preistrend-indikator.spec.ts:182:7 › AC: Responsive › Preistrend column is hidden on mobile (375px)
[1A[2K  36) [chromium] › tests\PROJ-10-preistrend-indikator.spec.ts:182:7 › AC: Responsive › Preistrend column is hidden on mobile (375px) 

    Error: ENOENT: no such file or directory, open 'C:\Users\Flo\.antigravity\repos\ex_bon\ai-coding\data\ebons\REWE-ebon1.pdf'

      11 |
      12 | async function importPdf(request: import("@playwright/test").APIRequestContext, pdfPath: string) {
    > 13 |   const pdfBuffer = fs.readFileSync(pdfPath)
         |                        ^
      14 |   const filename = path.basename(pdfPath)
      15 |   await request.post("/api/import", {
      16 |     multipart: {
        at importPdf (C:\Users\Flo\.antigravity\repos\ex_bon\ai-coding\tests\PROJ-10-preistrend-indikator.spec.ts:13:24)
        at ensureBonsImported (C:\Users\Flo\.antigravity\repos\ex_bon\ai-coding\tests\PROJ-10-preistrend-indikator.spec.ts:23:9)
        at C:\Users\Flo\.antigravity\repos\ex_bon\ai-coding\tests\PROJ-10-preistrend-indikator.spec.ts:179:11


[1A[2K[50/718] [chromium] › tests\PROJ-10-preistrend-indikator.spec.ts:191:7 › AC: Responsive › Preistrend column is visible on tablet (768px)
[1A[2K  37) [chromium] › tests\PROJ-10-preistrend-indikator.spec.ts:191:7 › AC: Responsive › Preistrend column is visible on tablet (768px) 

    Error: ENOENT: no such file or directory, open 'C:\Users\Flo\.antigravity\repos\ex_bon\ai-coding\data\ebons\REWE-ebon1.pdf'

      11 |
      12 | async function importPdf(request: import("@playwright/test").APIRequestContext, pdfPath: string) {
    > 13 |   const pdfBuffer = fs.readFileSync(pdfPath)
         |                        ^
      14 |   const filename = path.basename(pdfPath)
      15 |   await request.post("/api/import", {
      16 |     multipart: {
        at importPdf (C:\Users\Flo\.antigravity\repos\ex_bon\ai-coding\tests\PROJ-10-preistrend-indikator.spec.ts:13:24)
        at ensureBonsImported (C:\Users\Flo\.antigravity\repos\ex_bon\ai-coding\tests\PROJ-10-preistrend-indikator.spec.ts:23:9)
        at C:\Users\Flo\.antigravity\repos\ex_bon\ai-coding\tests\PROJ-10-preistrend-indikator.spec.ts:179:11


[1A[2K[51/718] [chromium] › tests\PROJ-11-preistrend-12-monate.spec.ts:33:7 › PROJ-11: API — neue Felder für 12-Monats-Trend › GET /api/produkte enthält trend_from_date und trend_to_date
[1A[2K  38) [chromium] › tests\PROJ-11-preistrend-12-monate.spec.ts:33:7 › PROJ-11: API — neue Felder für 12-Monats-Trend › GET /api/produkte enthält trend_from_date und trend_to_date 

    Error: ENOENT: no such file or directory, open 'C:\Users\Flo\.antigravity\repos\ex_bon\ai-coding\data\ebons\REWE-ebon1.pdf'

       9 |
      10 | async function importPdf(request: import("@playwright/test").APIRequestContext, pdfPath: string) {
    > 11 |   const pdfBuffer = fs.readFileSync(pdfPath)
         |                        ^
      12 |   const filename = path.basename(pdfPath)
      13 |   await request.post("/api/import", {
      14 |     multipart: {
        at importPdf (C:\Users\Flo\.antigravity\repos\ex_bon\ai-coding\tests\PROJ-11-preistrend-12-monate.spec.ts:11:24)
        at ensureBonsImported (C:\Users\Flo\.antigravity\repos\ex_bon\ai-coding\tests\PROJ-11-preistrend-12-monate.spec.ts:21:9)
        at C:\Users\Flo\.antigravity\repos\ex_bon\ai-coding\tests\PROJ-11-preistrend-12-monate.spec.ts:30:11


[1A[2K[52/718] [chromium] › tests\PROJ-11-preistrend-12-monate.spec.ts:49:7 › PROJ-11: API — neue Felder für 12-Monats-Trend › trend_last_price_cents und price_data_count sind NICHT in der API-Antwort
[1A[2K  39) [chromium] › tests\PROJ-11-preistrend-12-monate.spec.ts:49:7 › PROJ-11: API — neue Felder für 12-Monats-Trend › trend_last_price_cents und price_data_count sind NICHT in der API-Antwort 

    Error: ENOENT: no such file or directory, open 'C:\Users\Flo\.antigravity\repos\ex_bon\ai-coding\data\ebons\REWE-ebon1.pdf'

       9 |
      10 | async function importPdf(request: import("@playwright/test").APIRequestContext, pdfPath: string) {
    > 11 |   const pdfBuffer = fs.readFileSync(pdfPath)
         |                        ^
      12 |   const filename = path.basename(pdfPath)
      13 |   await request.post("/api/import", {
      14 |     multipart: {
        at importPdf (C:\Users\Flo\.antigravity\repos\ex_bon\ai-coding\tests\PROJ-11-preistrend-12-monate.spec.ts:11:24)
        at ensureBonsImported (C:\Users\Flo\.antigravity\repos\ex_bon\ai-coding\tests\PROJ-11-preistrend-12-monate.spec.ts:21:9)
        at C:\Users\Flo\.antigravity\repos\ex_bon\ai-coding\tests\PROJ-11-preistrend-12-monate.spec.ts:30:11


[1A[2K[53/718] [chromium] › tests\PROJ-11-preistrend-12-monate.spec.ts:59:7 › PROJ-11: API — neue Felder für 12-Monats-Trend › Produkte mit nur 1 Kauf haben price_trend_pct = null
[1A[2K  40) [chromium] › tests\PROJ-11-preistrend-12-monate.spec.ts:59:7 › PROJ-11: API — neue Felder für 12-Monats-Trend › Produkte mit nur 1 Kauf haben price_trend_pct = null 

    Error: ENOENT: no such file or directory, open 'C:\Users\Flo\.antigravity\repos\ex_bon\ai-coding\data\ebons\REWE-ebon1.pdf'

       9 |
      10 | async function importPdf(request: import("@playwright/test").APIRequestContext, pdfPath: string) {
    > 11 |   const pdfBuffer = fs.readFileSync(pdfPath)
         |                        ^
      12 |   const filename = path.basename(pdfPath)
      13 |   await request.post("/api/import", {
      14 |     multipart: {
        at importPdf (C:\Users\Flo\.antigravity\repos\ex_bon\ai-coding\tests\PROJ-11-preistrend-12-monate.spec.ts:11:24)
        at ensureBonsImported (C:\Users\Flo\.antigravity\repos\ex_bon\ai-coding\tests\PROJ-11-preistrend-12-monate.spec.ts:21:9)
        at C:\Users\Flo\.antigravity\repos\ex_bon\ai-coding\tests\PROJ-11-preistrend-12-monate.spec.ts:30:11


[1A[2K[54/718] [chromium] › tests\PROJ-11-preistrend-12-monate.spec.ts:70:7 › PROJ-11: API — neue Felder für 12-Monats-Trend › Wenn price_trend_pct null ist durch 0 Käufe im Fenster, sind trend_from/to_date null
[1A[2K  41) [chromium] › tests\PROJ-11-preistrend-12-monate.spec.ts:70:7 › PROJ-11: API — neue Felder für 12-Monats-Trend › Wenn price_trend_pct null ist durch 0 Käufe im Fenster, sind trend_from/to_date null 

    Error: ENOENT: no such file or directory, open 'C:\Users\Flo\.antigravity\repos\ex_bon\ai-coding\data\ebons\REWE-ebon1.pdf'

       9 |
      10 | async function importPdf(request: import("@playwright/test").APIRequestContext, pdfPath: string) {
    > 11 |   const pdfBuffer = fs.readFileSync(pdfPath)
         |                        ^
      12 |   const filename = path.basename(pdfPath)
      13 |   await request.post("/api/import", {
      14 |     multipart: {
        at importPdf (C:\Users\Flo\.antigravity\repos\ex_bon\ai-coding\tests\PROJ-11-preistrend-12-monate.spec.ts:11:24)
        at ensureBonsImported (C:\Users\Flo\.antigravity\repos\ex_bon\ai-coding\tests\PROJ-11-preistrend-12-monate.spec.ts:21:9)
        at C:\Users\Flo\.antigravity\repos\ex_bon\ai-coding\tests\PROJ-11-preistrend-12-monate.spec.ts:30:11


[1A[2K[55/718] [chromium] › tests\PROJ-11-preistrend-12-monate.spec.ts:85:7 › PROJ-11: API — neue Felder für 12-Monats-Trend › Wenn price_trend_pct gesetzt ist, haben trend_from/to_date Werte
[1A[2K  42) [chromium] › tests\PROJ-11-preistrend-12-monate.spec.ts:85:7 › PROJ-11: API — neue Felder für 12-Monats-Trend › Wenn price_trend_pct gesetzt ist, haben trend_from/to_date Werte 

    Error: ENOENT: no such file or directory, open 'C:\Users\Flo\.antigravity\repos\ex_bon\ai-coding\data\ebons\REWE-ebon1.pdf'

       9 |
      10 | async function importPdf(request: import("@playwright/test").APIRequestContext, pdfPath: string) {
    > 11 |   const pdfBuffer = fs.readFileSync(pdfPath)
         |                        ^
      12 |   const filename = path.basename(pdfPath)
      13 |   await request.post("/api/import", {
      14 |     multipart: {
        at importPdf (C:\Users\Flo\.antigravity\repos\ex_bon\ai-coding\tests\PROJ-11-preistrend-12-monate.spec.ts:11:24)
        at ensureBonsImported (C:\Users\Flo\.antigravity\repos\ex_bon\ai-coding\tests\PROJ-11-preistrend-12-monate.spec.ts:21:9)
        at C:\Users\Flo\.antigravity\repos\ex_bon\ai-coding\tests\PROJ-11-preistrend-12-monate.spec.ts:30:11


[1A[2K[56/718] [chromium] › tests\PROJ-11-preistrend-12-monate.spec.ts:112:7 › PROJ-11: Zeitfenster-Logik › last_price_cents (Anzeige) stammt weiterhin vom letzten Kauf ever
[1A[2K  43) [chromium] › tests\PROJ-11-preistrend-12-monate.spec.ts:112:7 › PROJ-11: Zeitfenster-Logik › last_price_cents (Anzeige) stammt weiterhin vom letzten Kauf ever 

    Error: ENOENT: no such file or directory, open 'C:\Users\Flo\.antigravity\repos\ex_bon\ai-coding\data\ebons\REWE-ebon1.pdf'

       9 |
      10 | async function importPdf(request: import("@playwright/test").APIRequestContext, pdfPath: string) {
    > 11 |   const pdfBuffer = fs.readFileSync(pdfPath)
         |                        ^
      12 |   const filename = path.basename(pdfPath)
      13 |   await request.post("/api/import", {
      14 |     multipart: {
        at importPdf (C:\Users\Flo\.antigravity\repos\ex_bon\ai-coding\tests\PROJ-11-preistrend-12-monate.spec.ts:11:24)
        at ensureBonsImported (C:\Users\Flo\.antigravity\repos\ex_bon\ai-coding\tests\PROJ-11-preistrend-12-monate.spec.ts:21:9)
        at C:\Users\Flo\.antigravity\repos\ex_bon\ai-coding\tests\PROJ-11-preistrend-12-monate.spec.ts:109:11


[1A[2K[57/718] [chromium] › tests\PROJ-11-preistrend-12-monate.spec.ts:130:7 › PROJ-11: Tooltip zeigt Zeitraum am Preistrend-Badge › Preistrend-Spalte und Badge sind auf Desktop sichtbar
[1A[2K  44) [chromium] › tests\PROJ-11-preistrend-12-monate.spec.ts:130:7 › PROJ-11: Tooltip zeigt Zeitraum am Preistrend-Badge › Preistrend-Spalte und Badge sind auf Desktop sichtbar 

    Error: ENOENT: no such file or directory, open 'C:\Users\Flo\.antigravity\repos\ex_bon\ai-coding\data\ebons\REWE-ebon1.pdf'

       9 |
      10 | async function importPdf(request: import("@playwright/test").APIRequestContext, pdfPath: string) {
    > 11 |   const pdfBuffer = fs.readFileSync(pdfPath)
         |                        ^
      12 |   const filename = path.basename(pdfPath)
      13 |   await request.post("/api/import", {
      14 |     multipart: {
        at importPdf (C:\Users\Flo\.antigravity\repos\ex_bon\ai-coding\tests\PROJ-11-preistrend-12-monate.spec.ts:11:24)
        at ensureBonsImported (C:\Users\Flo\.antigravity\repos\ex_bon\ai-coding\tests\PROJ-11-preistrend-12-monate.spec.ts:21:9)
        at C:\Users\Flo\.antigravity\repos\ex_bon\ai-coding\tests\PROJ-11-preistrend-12-monate.spec.ts:127:11


[1A[2K[58/718] [chromium] › tests\PROJ-11-preistrend-12-monate.spec.ts:137:7 › PROJ-11: Tooltip zeigt Zeitraum am Preistrend-Badge › Badge zeigt Pfeil und Prozent
[1A[2K  45) [chromium] › tests\PROJ-11-preistrend-12-monate.spec.ts:137:7 › PROJ-11: Tooltip zeigt Zeitraum am Preistrend-Badge › Badge zeigt Pfeil und Prozent 

    Error: ENOENT: no such file or directory, open 'C:\Users\Flo\.antigravity\repos\ex_bon\ai-coding\data\ebons\REWE-ebon1.pdf'

       9 |
      10 | async function importPdf(request: import("@playwright/test").APIRequestContext, pdfPath: string) {
    > 11 |   const pdfBuffer = fs.readFileSync(pdfPath)
         |                        ^
      12 |   const filename = path.basename(pdfPath)
      13 |   await request.post("/api/import", {
      14 |     multipart: {
        at importPdf (C:\Users\Flo\.antigravity\repos\ex_bon\ai-coding\tests\PROJ-11-preistrend-12-monate.spec.ts:11:24)
        at ensureBonsImported (C:\Users\Flo\.antigravity\repos\ex_bon\ai-coding\tests\PROJ-11-preistrend-12-monate.spec.ts:21:9)
        at C:\Users\Flo\.antigravity\repos\ex_bon\ai-coding\tests\PROJ-11-preistrend-12-monate.spec.ts:127:11


[1A[2K[59/718] [chromium] › tests\PROJ-11-preistrend-12-monate.spec.ts:159:7 › PROJ-11: Tooltip zeigt Zeitraum am Preistrend-Badge › Hover über Badge zeigt Tooltip mit Datum
[1A[2K  46) [chromium] › tests\PROJ-11-preistrend-12-monate.spec.ts:159:7 › PROJ-11: Tooltip zeigt Zeitraum am Preistrend-Badge › Hover über Badge zeigt Tooltip mit Datum 

    Error: ENOENT: no such file or directory, open 'C:\Users\Flo\.antigravity\repos\ex_bon\ai-coding\data\ebons\REWE-ebon1.pdf'

       9 |
      10 | async function importPdf(request: import("@playwright/test").APIRequestContext, pdfPath: string) {
    > 11 |   const pdfBuffer = fs.readFileSync(pdfPath)
         |                        ^
      12 |   const filename = path.basename(pdfPath)
      13 |   await request.post("/api/import", {
      14 |     multipart: {
        at importPdf (C:\Users\Flo\.antigravity\repos\ex_bon\ai-coding\tests\PROJ-11-preistrend-12-monate.spec.ts:11:24)
        at ensureBonsImported (C:\Users\Flo\.antigravity\repos\ex_bon\ai-coding\tests\PROJ-11-preistrend-12-monate.spec.ts:21:9)
        at C:\Users\Flo\.antigravity\repos\ex_bon\ai-coding\tests\PROJ-11-preistrend-12-monate.spec.ts:127:11


[1A[2K[60/718] [chromium] › tests\PROJ-11-preistrend-12-monate.spec.ts:188:7 › PROJ-11: Tooltip zeigt Zeitraum am Preistrend-Badge › Klick auf Badge öffnet Preis-Chart-Sheet
[1A[2K  47) [chromium] › tests\PROJ-11-preistrend-12-monate.spec.ts:188:7 › PROJ-11: Tooltip zeigt Zeitraum am Preistrend-Badge › Klick auf Badge öffnet Preis-Chart-Sheet 

    Error: ENOENT: no such file or directory, open 'C:\Users\Flo\.antigravity\repos\ex_bon\ai-coding\data\ebons\REWE-ebon1.pdf'

       9 |
      10 | async function importPdf(request: import("@playwright/test").APIRequestContext, pdfPath: string) {
    > 11 |   const pdfBuffer = fs.readFileSync(pdfPath)
         |                        ^
      12 |   const filename = path.basename(pdfPath)
      13 |   await request.post("/api/import", {
      14 |     multipart: {
        at importPdf (C:\Users\Flo\.antigravity\repos\ex_bon\ai-coding\tests\PROJ-11-preistrend-12-monate.spec.ts:11:24)
        at ensureBonsImported (C:\Users\Flo\.antigravity\repos\ex_bon\ai-coding\tests\PROJ-11-preistrend-12-monate.spec.ts:21:9)
        at C:\Users\Flo\.antigravity\repos\ex_bon\ai-coding\tests\PROJ-11-preistrend-12-monate.spec.ts:127:11


[1A[2K[61/718] [chromium] › tests\PROJ-11-preistrend-12-monate.spec.ts:213:7 › PROJ-11: Performance › GET /api/produkte antwortet unter 500ms
[1A[2K  48) [chromium] › tests\PROJ-11-preistrend-12-monate.spec.ts:213:7 › PROJ-11: Performance › GET /api/produkte antwortet unter 500ms 

    Error: ENOENT: no such file or directory, open 'C:\Users\Flo\.antigravity\repos\ex_bon\ai-coding\data\ebons\REWE-ebon1.pdf'

       9 |
      10 | async function importPdf(request: import("@playwright/test").APIRequestContext, pdfPath: string) {
    > 11 |   const pdfBuffer = fs.readFileSync(pdfPath)
         |                        ^
      12 |   const filename = path.basename(pdfPath)
      13 |   await request.post("/api/import", {
      14 |     multipart: {
        at importPdf (C:\Users\Flo\.antigravity\repos\ex_bon\ai-coding\tests\PROJ-11-preistrend-12-monate.spec.ts:11:24)
        at ensureBonsImported (C:\Users\Flo\.antigravity\repos\ex_bon\ai-coding\tests\PROJ-11-preistrend-12-monate.spec.ts:21:9)
        at C:\Users\Flo\.antigravity\repos\ex_bon\ai-coding\tests\PROJ-11-preistrend-12-monate.spec.ts:210:11


[1A[2K[62/718] [chromium] › tests\PROJ-11-preistrend-12-monate.spec.ts:221:7 › PROJ-11: Performance › Produktliste lädt unter 6 Sekunden
[1A[2K  49) [chromium] › tests\PROJ-11-preistrend-12-monate.spec.ts:221:7 › PROJ-11: Performance › Produktliste lädt unter 6 Sekunden 

    Error: ENOENT: no such file or directory, open 'C:\Users\Flo\.antigravity\repos\ex_bon\ai-coding\data\ebons\REWE-ebon1.pdf'

       9 |
      10 | async function importPdf(request: import("@playwright/test").APIRequestContext, pdfPath: string) {
    > 11 |   const pdfBuffer = fs.readFileSync(pdfPath)
         |                        ^
      12 |   const filename = path.basename(pdfPath)
      13 |   await request.post("/api/import", {
      14 |     multipart: {
        at importPdf (C:\Users\Flo\.antigravity\repos\ex_bon\ai-coding\tests\PROJ-11-preistrend-12-monate.spec.ts:11:24)
        at ensureBonsImported (C:\Users\Flo\.antigravity\repos\ex_bon\ai-coding\tests\PROJ-11-preistrend-12-monate.spec.ts:21:9)
        at C:\Users\Flo\.antigravity\repos\ex_bon\ai-coding\tests\PROJ-11-preistrend-12-monate.spec.ts:210:11


[1A[2K[63/718] [chromium] › tests\PROJ-11-preistrend-12-monate.spec.ts:238:7 › PROJ-11: Responsive › Preistrend-Spalte auf Desktop (1440px) sichtbar
[1A[2K  50) [chromium] › tests\PROJ-11-preistrend-12-monate.spec.ts:238:7 › PROJ-11: Responsive › Preistrend-Spalte auf Desktop (1440px) sichtbar 

    Error: ENOENT: no such file or directory, open 'C:\Users\Flo\.antigravity\repos\ex_bon\ai-coding\data\ebons\REWE-ebon1.pdf'

       9 |
      10 | async function importPdf(request: import("@playwright/test").APIRequestContext, pdfPath: string) {
    > 11 |   const pdfBuffer = fs.readFileSync(pdfPath)
         |                        ^
      12 |   const filename = path.basename(pdfPath)
      13 |   await request.post("/api/import", {
      14 |     multipart: {
        at importPdf (C:\Users\Flo\.antigravity\repos\ex_bon\ai-coding\tests\PROJ-11-preistrend-12-monate.spec.ts:11:24)
        at ensureBonsImported (C:\Users\Flo\.antigravity\repos\ex_bon\ai-coding\tests\PROJ-11-preistrend-12-monate.spec.ts:21:9)
        at C:\Users\Flo\.antigravity\repos\ex_bon\ai-coding\tests\PROJ-11-preistrend-12-monate.spec.ts:235:11


[1A[2K[64/718] [chromium] › tests\PROJ-11-preistrend-12-monate.spec.ts:245:7 › PROJ-11: Responsive › Preistrend-Spalte auf Tablet (768px) sichtbar
[1A[2K  51) [chromium] › tests\PROJ-11-preistrend-12-monate.spec.ts:245:7 › PROJ-11: Responsive › Preistrend-Spalte auf Tablet (768px) sichtbar 

    Error: ENOENT: no such file or directory, open 'C:\Users\Flo\.antigravity\repos\ex_bon\ai-coding\data\ebons\REWE-ebon1.pdf'

       9 |
      10 | async function importPdf(request: import("@playwright/test").APIRequestContext, pdfPath: string) {
    > 11 |   const pdfBuffer = fs.readFileSync(pdfPath)
         |                        ^
      12 |   const filename = path.basename(pdfPath)
      13 |   await request.post("/api/import", {
      14 |     multipart: {
        at importPdf (C:\Users\Flo\.antigravity\repos\ex_bon\ai-coding\tests\PROJ-11-preistrend-12-monate.spec.ts:11:24)
        at ensureBonsImported (C:\Users\Flo\.antigravity\repos\ex_bon\ai-coding\tests\PROJ-11-preistrend-12-monate.spec.ts:21:9)
        at C:\Users\Flo\.antigravity\repos\ex_bon\ai-coding\tests\PROJ-11-preistrend-12-monate.spec.ts:235:11


[1A[2K[65/718] [chromium] › tests\PROJ-11-preistrend-12-monate.spec.ts:252:7 › PROJ-11: Responsive › Preistrend-Spalte auf Mobile (375px) ausgeblendet
[1A[2K  52) [chromium] › tests\PROJ-11-preistrend-12-monate.spec.ts:252:7 › PROJ-11: Responsive › Preistrend-Spalte auf Mobile (375px) ausgeblendet 

    Error: ENOENT: no such file or directory, open 'C:\Users\Flo\.antigravity\repos\ex_bon\ai-coding\data\ebons\REWE-ebon1.pdf'

       9 |
      10 | async function importPdf(request: import("@playwright/test").APIRequestContext, pdfPath: string) {
    > 11 |   const pdfBuffer = fs.readFileSync(pdfPath)
         |                        ^
      12 |   const filename = path.basename(pdfPath)
      13 |   await request.post("/api/import", {
      14 |     multipart: {
        at importPdf (C:\Users\Flo\.antigravity\repos\ex_bon\ai-coding\tests\PROJ-11-preistrend-12-monate.spec.ts:11:24)
        at ensureBonsImported (C:\Users\Flo\.antigravity\repos\ex_bon\ai-coding\tests\PROJ-11-preistrend-12-monate.spec.ts:21:9)
        at C:\Users\Flo\.antigravity\repos\ex_bon\ai-coding\tests\PROJ-11-preistrend-12-monate.spec.ts:235:11


[1A[2K[66/718] [chromium] › tests\PROJ-12-artikel-inflation.spec.ts:33:7 › PROJ-12: API — inflation_cagr_pct in GET /api/produkte › GET /api/produkte enthält inflation_cagr_pct für jedes Produkt
[1A[2K  53) [chromium] › tests\PROJ-12-artikel-inflation.spec.ts:33:7 › PROJ-12: API — inflation_cagr_pct in GET /api/produkte › GET /api/produkte enthält inflation_cagr_pct für jedes Produkt 

    Error: ENOENT: no such file or directory, open 'C:\Users\Flo\.antigravity\repos\ex_bon\ai-coding\data\ebons\REWE-ebon1.pdf'

       9 |
      10 | async function importPdf(request: import("@playwright/test").APIRequestContext, pdfPath: string) {
    > 11 |   const pdfBuffer = fs.readFileSync(pdfPath)
         |                        ^
      12 |   const filename = path.basename(pdfPath)
      13 |   await request.post("/api/import", {
      14 |     multipart: {
        at importPdf (C:\Users\Flo\.antigravity\repos\ex_bon\ai-coding\tests\PROJ-12-artikel-inflation.spec.ts:11:24)
        at ensureBonsImported (C:\Users\Flo\.antigravity\repos\ex_bon\ai-coding\tests\PROJ-12-artikel-inflation.spec.ts:21:9)
        at C:\Users\Flo\.antigravity\repos\ex_bon\ai-coding\tests\PROJ-12-artikel-inflation.spec.ts:30:11


[1A[2K[67/718] [chromium] › tests\PROJ-12-artikel-inflation.spec.ts:45:7 › PROJ-12: API — inflation_cagr_pct in GET /api/produkte › inflation_cagr_pct ist null wenn Produkt nur 1 Kaufjahr hat
[1A[2K  54) [chromium] › tests\PROJ-12-artikel-inflation.spec.ts:45:7 › PROJ-12: API — inflation_cagr_pct in GET /api/produkte › inflation_cagr_pct ist null wenn Produkt nur 1 Kaufjahr hat 

    Error: ENOENT: no such file or directory, open 'C:\Users\Flo\.antigravity\repos\ex_bon\ai-coding\data\ebons\REWE-ebon1.pdf'

       9 |
      10 | async function importPdf(request: import("@playwright/test").APIRequestContext, pdfPath: string) {
    > 11 |   const pdfBuffer = fs.readFileSync(pdfPath)
         |                        ^
      12 |   const filename = path.basename(pdfPath)
      13 |   await request.post("/api/import", {
      14 |     multipart: {
        at importPdf (C:\Users\Flo\.antigravity\repos\ex_bon\ai-coding\tests\PROJ-12-artikel-inflation.spec.ts:11:24)
        at ensureBonsImported (C:\Users\Flo\.antigravity\repos\ex_bon\ai-coding\tests\PROJ-12-artikel-inflation.spec.ts:21:9)
        at C:\Users\Flo\.antigravity\repos\ex_bon\ai-coding\tests\PROJ-12-artikel-inflation.spec.ts:30:11


[1A[2K[68/718] [chromium] › tests\PROJ-12-artikel-inflation.spec.ts:58:7 › PROJ-12: API — inflation_cagr_pct in GET /api/produkte › inflation_cagr_pct ist eine Zahl wenn Produkt mehrere Kaufjahre hat
[1A[2K  55) [chromium] › tests\PROJ-12-artikel-inflation.spec.ts:58:7 › PROJ-12: API — inflation_cagr_pct in GET /api/produkte › inflation_cagr_pct ist eine Zahl wenn Produkt mehrere Kaufjahre hat 

    Error: ENOENT: no such file or directory, open 'C:\Users\Flo\.antigravity\repos\ex_bon\ai-coding\data\ebons\REWE-ebon1.pdf'

       9 |
      10 | async function importPdf(request: import("@playwright/test").APIRequestContext, pdfPath: string) {
    > 11 |   const pdfBuffer = fs.readFileSync(pdfPath)
         |                        ^
      12 |   const filename = path.basename(pdfPath)
      13 |   await request.post("/api/import", {
      14 |     multipart: {
        at importPdf (C:\Users\Flo\.antigravity\repos\ex_bon\ai-coding\tests\PROJ-12-artikel-inflation.spec.ts:11:24)
        at ensureBonsImported (C:\Users\Flo\.antigravity\repos\ex_bon\ai-coding\tests\PROJ-12-artikel-inflation.spec.ts:21:9)
        at C:\Users\Flo\.antigravity\repos\ex_bon\ai-coding\tests\PROJ-12-artikel-inflation.spec.ts:30:11


[1A[2K[69/718] [chromium] › tests\PROJ-12-artikel-inflation.spec.ts:75:7 › PROJ-12: API — inflation_cagr_pct in GET /api/produkte › cagr_first_avg und cagr_last_avg sind NICHT in der API-Antwort (interne Felder)
[1A[2K  56) [chromium] › tests\PROJ-12-artikel-inflation.spec.ts:75:7 › PROJ-12: API — inflation_cagr_pct in GET /api/produkte › cagr_first_avg und cagr_last_avg sind NICHT in der API-Antwort (interne Felder) 

    Error: ENOENT: no such file or directory, open 'C:\Users\Flo\.antigravity\repos\ex_bon\ai-coding\data\ebons\REWE-ebon1.pdf'

       9 |
      10 | async function importPdf(request: import("@playwright/test").APIRequestContext, pdfPath: string) {
    > 11 |   const pdfBuffer = fs.readFileSync(pdfPath)
         |                        ^
      12 |   const filename = path.basename(pdfPath)
      13 |   await request.post("/api/import", {
      14 |     multipart: {
        at importPdf (C:\Users\Flo\.antigravity\repos\ex_bon\ai-coding\tests\PROJ-12-artikel-inflation.spec.ts:11:24)
        at ensureBonsImported (C:\Users\Flo\.antigravity\repos\ex_bon\ai-coding\tests\PROJ-12-artikel-inflation.spec.ts:21:9)
        at C:\Users\Flo\.antigravity\repos\ex_bon\ai-coding\tests\PROJ-12-artikel-inflation.spec.ts:30:11


[1A[2K[70/718] [chromium] › tests\PROJ-12-artikel-inflation.spec.ts:95:7 › PROJ-12: API — preisentwicklung mit CAGR und Teiljahr › GET /api/produkte/[name]/preisentwicklung enthält inflation_cagr_pct
[1A[2K  57) [chromium] › tests\PROJ-12-artikel-inflation.spec.ts:95:7 › PROJ-12: API — preisentwicklung mit CAGR und Teiljahr › GET /api/produkte/[name]/preisentwicklung enthält inflation_cagr_pct 

    Error: ENOENT: no such file or directory, open 'C:\Users\Flo\.antigravity\repos\ex_bon\ai-coding\data\ebons\REWE-ebon1.pdf'

       9 |
      10 | async function importPdf(request: import("@playwright/test").APIRequestContext, pdfPath: string) {
    > 11 |   const pdfBuffer = fs.readFileSync(pdfPath)
         |                        ^
      12 |   const filename = path.basename(pdfPath)
      13 |   await request.post("/api/import", {
      14 |     multipart: {
        at importPdf (C:\Users\Flo\.antigravity\repos\ex_bon\ai-coding\tests\PROJ-12-artikel-inflation.spec.ts:11:24)
        at ensureBonsImported (C:\Users\Flo\.antigravity\repos\ex_bon\ai-coding\tests\PROJ-12-artikel-inflation.spec.ts:21:9)
        at C:\Users\Flo\.antigravity\repos\ex_bon\ai-coding\tests\PROJ-12-artikel-inflation.spec.ts:92:11


[1A[2K[71/718] [chromium] › tests\PROJ-12-artikel-inflation.spec.ts:112:7 › PROJ-12: API — preisentwicklung mit CAGR und Teiljahr › Jahres-Einträge haben is_partial_year Flag
[1A[2K  58) [chromium] › tests\PROJ-12-artikel-inflation.spec.ts:112:7 › PROJ-12: API — preisentwicklung mit CAGR und Teiljahr › Jahres-Einträge haben is_partial_year Flag 

    Error: ENOENT: no such file or directory, open 'C:\Users\Flo\.antigravity\repos\ex_bon\ai-coding\data\ebons\REWE-ebon1.pdf'

       9 |
      10 | async function importPdf(request: import("@playwright/test").APIRequestContext, pdfPath: string) {
    > 11 |   const pdfBuffer = fs.readFileSync(pdfPath)
         |                        ^
      12 |   const filename = path.basename(pdfPath)
      13 |   await request.post("/api/import", {
      14 |     multipart: {
        at importPdf (C:\Users\Flo\.antigravity\repos\ex_bon\ai-coding\tests\PROJ-12-artikel-inflation.spec.ts:11:24)
        at ensureBonsImported (C:\Users\Flo\.antigravity\repos\ex_bon\ai-coding\tests\PROJ-12-artikel-inflation.spec.ts:21:9)
        at C:\Users\Flo\.antigravity\repos\ex_bon\ai-coding\tests\PROJ-12-artikel-inflation.spec.ts:92:11


[1A[2K[72/718] [chromium] › tests\PROJ-12-artikel-inflation.spec.ts:137:7 › PROJ-12: API — preisentwicklung mit CAGR und Teiljahr › Jahres-Durchschnittspreis ist für jeden Eintrag gesetzt
[1A[2K  59) [chromium] › tests\PROJ-12-artikel-inflation.spec.ts:137:7 › PROJ-12: API — preisentwicklung mit CAGR und Teiljahr › Jahres-Durchschnittspreis ist für jeden Eintrag gesetzt 

    Error: ENOENT: no such file or directory, open 'C:\Users\Flo\.antigravity\repos\ex_bon\ai-coding\data\ebons\REWE-ebon1.pdf'

       9 |
      10 | async function importPdf(request: import("@playwright/test").APIRequestContext, pdfPath: string) {
    > 11 |   const pdfBuffer = fs.readFileSync(pdfPath)
         |                        ^
      12 |   const filename = path.basename(pdfPath)
      13 |   await request.post("/api/import", {
      14 |     multipart: {
        at importPdf (C:\Users\Flo\.antigravity\repos\ex_bon\ai-coding\tests\PROJ-12-artikel-inflation.spec.ts:11:24)
        at ensureBonsImported (C:\Users\Flo\.antigravity\repos\ex_bon\ai-coding\tests\PROJ-12-artikel-inflation.spec.ts:21:9)
        at C:\Users\Flo\.antigravity\repos\ex_bon\ai-coding\tests\PROJ-12-artikel-inflation.spec.ts:92:11


[1A[2K[73/718] [chromium] › tests\PROJ-12-artikel-inflation.spec.ts:158:7 › PROJ-12: API — preisentwicklung mit CAGR und Teiljahr › CAGR stimmt mit inflation_cagr_pct aus Produktliste überein
[1A[2K  60) [chromium] › tests\PROJ-12-artikel-inflation.spec.ts:158:7 › PROJ-12: API — preisentwicklung mit CAGR und Teiljahr › CAGR stimmt mit inflation_cagr_pct aus Produktliste überein 

    Error: ENOENT: no such file or directory, open 'C:\Users\Flo\.antigravity\repos\ex_bon\ai-coding\data\ebons\REWE-ebon1.pdf'

       9 |
      10 | async function importPdf(request: import("@playwright/test").APIRequestContext, pdfPath: string) {
    > 11 |   const pdfBuffer = fs.readFileSync(pdfPath)
         |                        ^
      12 |   const filename = path.basename(pdfPath)
      13 |   await request.post("/api/import", {
      14 |     multipart: {
        at importPdf (C:\Users\Flo\.antigravity\repos\ex_bon\ai-coding\tests\PROJ-12-artikel-inflation.spec.ts:11:24)
        at ensureBonsImported (C:\Users\Flo\.antigravity\repos\ex_bon\ai-coding\tests\PROJ-12-artikel-inflation.spec.ts:21:9)
        at C:\Users\Flo\.antigravity\repos\ex_bon\ai-coding\tests\PROJ-12-artikel-inflation.spec.ts:92:11


[1A[2K[74/718] [chromium] › tests\PROJ-12-artikel-inflation.spec.ts:188:7 › PROJ-12: UI — Spalte Ø Inflation p.a. in Produktliste › Spaltenheader 'Ø Inflation p.a.' auf Desktop (1440px) sichtbar
[1A[2K  61) [chromium] › tests\PROJ-12-artikel-inflation.spec.ts:188:7 › PROJ-12: UI — Spalte Ø Inflation p.a. in Produktliste › Spaltenheader 'Ø Inflation p.a.' auf Desktop (1440px) sichtbar 

    Error: ENOENT: no such file or directory, open 'C:\Users\Flo\.antigravity\repos\ex_bon\ai-coding\data\ebons\REWE-ebon1.pdf'

       9 |
      10 | async function importPdf(request: import("@playwright/test").APIRequestContext, pdfPath: string) {
    > 11 |   const pdfBuffer = fs.readFileSync(pdfPath)
         |                        ^
      12 |   const filename = path.basename(pdfPath)
      13 |   await request.post("/api/import", {
      14 |     multipart: {
        at importPdf (C:\Users\Flo\.antigravity\repos\ex_bon\ai-coding\tests\PROJ-12-artikel-inflation.spec.ts:11:24)
        at ensureBonsImported (C:\Users\Flo\.antigravity\repos\ex_bon\ai-coding\tests\PROJ-12-artikel-inflation.spec.ts:21:9)
        at C:\Users\Flo\.antigravity\repos\ex_bon\ai-coding\tests\PROJ-12-artikel-inflation.spec.ts:185:11


[1A[2K[75/718] [chromium] › tests\PROJ-12-artikel-inflation.spec.ts:197:7 › PROJ-12: UI — Spalte Ø Inflation p.a. in Produktliste › Spalte 'Ø Inflation p.a.' auf Tablet (768px) sichtbar (md-Breakpoint)
[1A[2K  62) [chromium] › tests\PROJ-12-artikel-inflation.spec.ts:197:7 › PROJ-12: UI — Spalte Ø Inflation p.a. in Produktliste › Spalte 'Ø Inflation p.a.' auf Tablet (768px) sichtbar (md-Breakpoint) 

    Error: ENOENT: no such file or directory, open 'C:\Users\Flo\.antigravity\repos\ex_bon\ai-coding\data\ebons\REWE-ebon1.pdf'

       9 |
      10 | async function importPdf(request: import("@playwright/test").APIRequestContext, pdfPath: string) {
    > 11 |   const pdfBuffer = fs.readFileSync(pdfPath)
         |                        ^
      12 |   const filename = path.basename(pdfPath)
      13 |   await request.post("/api/import", {
      14 |     multipart: {
        at importPdf (C:\Users\Flo\.antigravity\repos\ex_bon\ai-coding\tests\PROJ-12-artikel-inflation.spec.ts:11:24)
        at ensureBonsImported (C:\Users\Flo\.antigravity\repos\ex_bon\ai-coding\tests\PROJ-12-artikel-inflation.spec.ts:21:9)
        at C:\Users\Flo\.antigravity\repos\ex_bon\ai-coding\tests\PROJ-12-artikel-inflation.spec.ts:185:11


[1A[2K[76/718] [chromium] › tests\PROJ-12-artikel-inflation.spec.ts:207:7 › PROJ-12: UI — Spalte Ø Inflation p.a. in Produktliste › Spalte 'Ø Inflation p.a.' auf Mobile (375px) nicht sichtbar
[1A[2K  63) [chromium] › tests\PROJ-12-artikel-inflation.spec.ts:207:7 › PROJ-12: UI — Spalte Ø Inflation p.a. in Produktliste › Spalte 'Ø Inflation p.a.' auf Mobile (375px) nicht sichtbar 

    Error: ENOENT: no such file or directory, open 'C:\Users\Flo\.antigravity\repos\ex_bon\ai-coding\data\ebons\REWE-ebon1.pdf'

       9 |
      10 | async function importPdf(request: import("@playwright/test").APIRequestContext, pdfPath: string) {
    > 11 |   const pdfBuffer = fs.readFileSync(pdfPath)
         |                        ^
      12 |   const filename = path.basename(pdfPath)
      13 |   await request.post("/api/import", {
      14 |     multipart: {
        at importPdf (C:\Users\Flo\.antigravity\repos\ex_bon\ai-coding\tests\PROJ-12-artikel-inflation.spec.ts:11:24)
        at ensureBonsImported (C:\Users\Flo\.antigravity\repos\ex_bon\ai-coding\tests\PROJ-12-artikel-inflation.spec.ts:21:9)
        at C:\Users\Flo\.antigravity\repos\ex_bon\ai-coding\tests\PROJ-12-artikel-inflation.spec.ts:185:11


[1A[2K[77/718] [chromium] › tests\PROJ-12-artikel-inflation.spec.ts:216:7 › PROJ-12: UI — Spalte Ø Inflation p.a. in Produktliste › Inflation-Badges zeigen 'p.a.' Suffix wenn vorhanden
[1A[2K  64) [chromium] › tests\PROJ-12-artikel-inflation.spec.ts:216:7 › PROJ-12: UI — Spalte Ø Inflation p.a. in Produktliste › Inflation-Badges zeigen 'p.a.' Suffix wenn vorhanden 

    Error: ENOENT: no such file or directory, open 'C:\Users\Flo\.antigravity\repos\ex_bon\ai-coding\data\ebons\REWE-ebon1.pdf'

       9 |
      10 | async function importPdf(request: import("@playwright/test").APIRequestContext, pdfPath: string) {
    > 11 |   const pdfBuffer = fs.readFileSync(pdfPath)
         |                        ^
      12 |   const filename = path.basename(pdfPath)
      13 |   await request.post("/api/import", {
      14 |     multipart: {
        at importPdf (C:\Users\Flo\.antigravity\repos\ex_bon\ai-coding\tests\PROJ-12-artikel-inflation.spec.ts:11:24)
        at ensureBonsImported (C:\Users\Flo\.antigravity\repos\ex_bon\ai-coding\tests\PROJ-12-artikel-inflation.spec.ts:21:9)
        at C:\Users\Flo\.antigravity\repos\ex_bon\ai-coding\tests\PROJ-12-artikel-inflation.spec.ts:185:11


[1A[2K[78/718] [chromium] › tests\PROJ-12-artikel-inflation.spec.ts:246:7 › PROJ-12: UI — Chart Sheet CAGR Summary und Teiljahr › Chart Sheet öffnet sich beim Klick auf TrendingUp Button
[1A[2K  65) [chromium] › tests\PROJ-12-artikel-inflation.spec.ts:246:7 › PROJ-12: UI — Chart Sheet CAGR Summary und Teiljahr › Chart Sheet öffnet sich beim Klick auf TrendingUp Button 

    Error: ENOENT: no such file or directory, open 'C:\Users\Flo\.antigravity\repos\ex_bon\ai-coding\data\ebons\REWE-ebon1.pdf'

       9 |
      10 | async function importPdf(request: import("@playwright/test").APIRequestContext, pdfPath: string) {
    > 11 |   const pdfBuffer = fs.readFileSync(pdfPath)
         |                        ^
      12 |   const filename = path.basename(pdfPath)
      13 |   await request.post("/api/import", {
      14 |     multipart: {
        at importPdf (C:\Users\Flo\.antigravity\repos\ex_bon\ai-coding\tests\PROJ-12-artikel-inflation.spec.ts:11:24)
        at ensureBonsImported (C:\Users\Flo\.antigravity\repos\ex_bon\ai-coding\tests\PROJ-12-artikel-inflation.spec.ts:21:9)
        at C:\Users\Flo\.antigravity\repos\ex_bon\ai-coding\tests\PROJ-12-artikel-inflation.spec.ts:243:11


[1A[2K[79/718] [chromium] › tests\PROJ-12-artikel-inflation.spec.ts:257:7 › PROJ-12: UI — Chart Sheet CAGR Summary und Teiljahr › Jahrestabelle erscheint wenn Produkt mehrere Kaufjahre hat
[1A[2K  66) [chromium] › tests\PROJ-12-artikel-inflation.spec.ts:257:7 › PROJ-12: UI — Chart Sheet CAGR Summary und Teiljahr › Jahrestabelle erscheint wenn Produkt mehrere Kaufjahre hat 

    Error: ENOENT: no such file or directory, open 'C:\Users\Flo\.antigravity\repos\ex_bon\ai-coding\data\ebons\REWE-ebon1.pdf'

       9 |
      10 | async function importPdf(request: import("@playwright/test").APIRequestContext, pdfPath: string) {
    > 11 |   const pdfBuffer = fs.readFileSync(pdfPath)
         |                        ^
      12 |   const filename = path.basename(pdfPath)
      13 |   await request.post("/api/import", {
      14 |     multipart: {
        at importPdf (C:\Users\Flo\.antigravity\repos\ex_bon\ai-coding\tests\PROJ-12-artikel-inflation.spec.ts:11:24)
        at ensureBonsImported (C:\Users\Flo\.antigravity\repos\ex_bon\ai-coding\tests\PROJ-12-artikel-inflation.spec.ts:21:9)
        at C:\Users\Flo\.antigravity\repos\ex_bon\ai-coding\tests\PROJ-12-artikel-inflation.spec.ts:243:11


[1A[2K[80/718] [chromium] › tests\PROJ-12-artikel-inflation.spec.ts:294:7 › PROJ-12: Performance › GET /api/produkte antwortet unter 1000ms (CAGR-Query berücksichtigt)
[1A[2K  67) [chromium] › tests\PROJ-12-artikel-inflation.spec.ts:294:7 › PROJ-12: Performance › GET /api/produkte antwortet unter 1000ms (CAGR-Query berücksichtigt) 

    Error: ENOENT: no such file or directory, open 'C:\Users\Flo\.antigravity\repos\ex_bon\ai-coding\data\ebons\REWE-ebon1.pdf'

       9 |
      10 | async function importPdf(request: import("@playwright/test").APIRequestContext, pdfPath: string) {
    > 11 |   const pdfBuffer = fs.readFileSync(pdfPath)
         |                        ^
      12 |   const filename = path.basename(pdfPath)
      13 |   await request.post("/api/import", {
      14 |     multipart: {
        at importPdf (C:\Users\Flo\.antigravity\repos\ex_bon\ai-coding\tests\PROJ-12-artikel-inflation.spec.ts:11:24)
        at ensureBonsImported (C:\Users\Flo\.antigravity\repos\ex_bon\ai-coding\tests\PROJ-12-artikel-inflation.spec.ts:21:9)
        at C:\Users\Flo\.antigravity\repos\ex_bon\ai-coding\tests\PROJ-12-artikel-inflation.spec.ts:291:11


[1A[2K[81/718] [chromium] › tests\PROJ-12-artikel-inflation.spec.ts:303:7 › PROJ-12: Performance › Produktliste lädt unter 6 Sekunden
[1A[2K  68) [chromium] › tests\PROJ-12-artikel-inflation.spec.ts:303:7 › PROJ-12: Performance › Produktliste lädt unter 6 Sekunden 

    Error: ENOENT: no such file or directory, open 'C:\Users\Flo\.antigravity\repos\ex_bon\ai-coding\data\ebons\REWE-ebon1.pdf'

       9 |
      10 | async function importPdf(request: import("@playwright/test").APIRequestContext, pdfPath: string) {
    > 11 |   const pdfBuffer = fs.readFileSync(pdfPath)
         |                        ^
      12 |   const filename = path.basename(pdfPath)
      13 |   await request.post("/api/import", {
      14 |     multipart: {
        at importPdf (C:\Users\Flo\.antigravity\repos\ex_bon\ai-coding\tests\PROJ-12-artikel-inflation.spec.ts:11:24)
        at ensureBonsImported (C:\Users\Flo\.antigravity\repos\ex_bon\ai-coding\tests\PROJ-12-artikel-inflation.spec.ts:21:9)
        at C:\Users\Flo\.antigravity\repos\ex_bon\ai-coding\tests\PROJ-12-artikel-inflation.spec.ts:291:11


[1A[2K[82/718] [chromium] › tests\PROJ-13-ausgeblendete-artikel-tab.spec.ts:62:7 › AC: Tab-Navigation (PROJ-13) › both tabs are present and clickable
[1A[2K  69) [chromium] › tests\PROJ-13-ausgeblendete-artikel-tab.spec.ts:62:7 › AC: Tab-Navigation (PROJ-13) › both tabs are present and clickable 

    Error: ENOENT: no such file or directory, open 'C:\Users\Flo\.antigravity\repos\ex_bon\ai-coding\data\ebons\REWE-ebon1.pdf'

      14 |
      15 | async function importPdf(request: import("@playwright/test").APIRequestContext, pdfPath: string) {
    > 16 |   const pdfBuffer = fs.readFileSync(pdfPath)
         |                        ^
      17 |   const filename = path.basename(pdfPath)
      18 |   await request.post("/api/import", {
      19 |     multipart: {
        at importPdf (C:\Users\Flo\.antigravity\repos\ex_bon\ai-coding\tests\PROJ-13-ausgeblendete-artikel-tab.spec.ts:16:24)
        at ensureBonsImported (C:\Users\Flo\.antigravity\repos\ex_bon\ai-coding\tests\PROJ-13-ausgeblendete-artikel-tab.spec.ts:26:9)
        at C:\Users\Flo\.antigravity\repos\ex_bon\ai-coding\tests\PROJ-13-ausgeblendete-artikel-tab.spec.ts:58:11


[1A[2K[83/718] [chromium] › tests\PROJ-13-ausgeblendete-artikel-tab.spec.ts:71:7 › AC: Tab-Navigation (PROJ-13) › clicking tabs switches between views
[1A[2K[84/718] [chromium] › tests\PROJ-13-ausgeblendete-artikel-tab.spec.ts:107:7 › AC: Haupt-Tab 'Produkte' — nur aktive Artikel › main tab shows no excluded articles when some are hidden
[1A[2K[85/718] [chromium] › tests\PROJ-13-ausgeblendete-artikel-tab.spec.ts:126:7 › AC: Haupt-Tab 'Produkte' — nur aktive Artikel › product can be toggled to excluded via switch in main tab
[1A[2K[86/718] [chromium] › tests\PROJ-13-ausgeblendete-artikel-tab.spec.ts:162:7 › AC: Ausgeblendet-Tab — nur ausgeblendete Artikel › excluded tab shows products marked as excluded
[1A[2K[87/718] [chromium] › tests\PROJ-13-ausgeblendete-artikel-tab.spec.ts:185:7 › AC: Ausgeblendet-Tab — nur ausgeblendete Artikel › excluded tab has same columns as main tab
[1A[2K[88/718] [chromium] › tests\PROJ-13-ausgeblendete-artikel-tab.spec.ts:225:7 › AC: Tab-Header mit Zahl — Ausgeblendet (N) › tab header shows correct count when products are excluded
[1A[2K[89/718] [chromium] › tests\PROJ-13-ausgeblendete-artikel-tab.spec.ts:243:7 › AC: Tab-Header mit Zahl — Ausgeblendet (N) › tab header count updates after toggling product in main tab
[1A[2K[90/718] [chromium] › tests\PROJ-13-ausgeblendete-artikel-tab.spec.ts:270:7 › AC: Tab-Header mit Zahl — Ausgeblendet (N) › tab header shows (0) when nothing is excluded
[1A[2K[91/718] [chromium] › tests\PROJ-13-ausgeblendete-artikel-tab.spec.ts:287:7 › AC: Wieder-Einblenden direkt im Ausgeblendet-Tab › switch in excluded tab re-enables product and removes it from tab
[1A[2K[92/718] [chromium] › tests\PROJ-13-ausgeblendete-artikel-tab.spec.ts:320:7 › AC: Wieder-Einblenden direkt im Ausgeblendet-Tab › re-enabled product appears in main tab immediately
[1A[2K[93/718] [chromium] › tests\PROJ-13-ausgeblendete-artikel-tab.spec.ts:363:7 › AC: Suche im Ausgeblendet-Tab › excluded tab has own search field separate from main tab
[1A[2K[94/718] [chromium] › tests\PROJ-13-ausgeblendete-artikel-tab.spec.ts:394:7 › AC: Suche im Ausgeblendet-Tab › search in excluded tab does not affect main tab
[1A[2K[95/718] [chromium] › tests\PROJ-13-ausgeblendete-artikel-tab.spec.ts:437:7 › AC: PROJ-13 Edge Cases › excluded tab empty state when nothing is excluded
[1A[2K[96/718] [chromium] › tests\PROJ-13-ausgeblendete-artikel-tab.spec.ts:449:7 › AC: PROJ-13 Edge Cases › main tab empty state when all products are excluded
[1A[2K[97/718] [chromium] › tests\PROJ-13-ausgeblendete-artikel-tab.spec.ts:482:7 › AC: PROJ-13 Edge Cases › page reload defaults to 'Produkte' tab (not 'Ausgeblendet')
[1A[2K[98/718] [chromium] › tests\PROJ-14-saisonale-artikel.spec.ts:52:7 › AC: Saisonal-Toggle in Produktliste › each product row has a seasonal Leaf icon button
[1A[2K  70) [chromium] › tests\PROJ-14-saisonale-artikel.spec.ts:52:7 › AC: Saisonal-Toggle in Produktliste › each product row has a seasonal Leaf icon button 

    Error: ENOENT: no such file or directory, open 'C:\Users\Flo\.antigravity\repos\ex_bon\ai-coding\data\ebons\REWE-ebon1.pdf'

      14 |
      15 | async function importPdf(request: import("@playwright/test").APIRequestContext, pdfPath: string) {
    > 16 |   const pdfBuffer = fs.readFileSync(pdfPath)
         |                        ^
      17 |   const filename = path.basename(pdfPath)
      18 |   await request.post("/api/import", {
      19 |     multipart: {
        at importPdf (C:\Users\Flo\.antigravity\repos\ex_bon\ai-coding\tests\PROJ-14-saisonale-artikel.spec.ts:16:24)
        at ensureBonsImported (C:\Users\Flo\.antigravity\repos\ex_bon\ai-coding\tests\PROJ-14-saisonale-artikel.spec.ts:26:9)
        at C:\Users\Flo\.antigravity\repos\ex_bon\ai-coding\tests\PROJ-14-saisonale-artikel.spec.ts:49:11


[1A[2K[99/718] [chromium] › tests\PROJ-14-saisonale-artikel.spec.ts:65:7 › AC: Saisonal-Toggle in Produktliste › clicking Leaf icon toggles seasonal status on/off
[1A[2K[100/718] [chromium] › tests\PROJ-14-saisonale-artikel.spec.ts:101:7 › AC: Saisonal-Toggle in Produktliste › seasonal flag is persisted in database
[1A[2K[101/718] [chromium] › tests\PROJ-14-saisonale-artikel.spec.ts:139:7 › AC: Saison-Spalte mit aktuellem Monat-Status › Saison column shows badge only for seasonal products
[1A[2K[102/718] [chromium] › tests\PROJ-14-saisonale-artikel.spec.ts:172:7 › AC: Saison-Spalte mit aktuellem Monat-Status › Saison column is empty for non-seasonal products
[1A[2K[103/718] [chromium] › tests\PROJ-14-saisonale-artikel.spec.ts:195:7 › AC: Saison-Kalender in Preis-Chart-Detail › price chart sheet shows Saisonmuster section only for seasonal products
[1A[2K[104/718] [chromium] › tests\PROJ-14-saisonale-artikel.spec.ts:235:7 › AC: Saison-Kalender in Preis-Chart-Detail › season calendar shows months with colored badges
[1A[2K[105/718] [chromium] › tests\PROJ-14-saisonale-artikel.spec.ts:270:7 › AC: Saison-Kalender in Preis-Chart-Detail › current month is highlighted in season calendar
[1A[2K[106/718] [chromium] › tests\PROJ-14-saisonale-artikel.spec.ts:305:7 › AC: Saison-Kalender in Preis-Chart-Detail › tooltips show average price per month
[1A[2K[107/718] [chromium] › tests\PROJ-14-saisonale-artikel.spec.ts:353:7 › Edge Cases: Insufficient Data › products with < 2 distinct months show 'Zu wenig Daten' warning
[1A[2K[108/718] [chromium] › tests\PROJ-14-saisonale-artikel.spec.ts:372:7 › Edge Cases: Insufficient Data › unmarking seasonal removes Saison column content
[1A[2K[109/718] [chromium] › tests\PROJ-17-monatlicher-trend.spec.ts:35:7 › AC: Monatlicher Ausgaben-Langzeittrend API › GET /api/statistiken/monatlich without params returns all months
[1A[2K  71) [chromium] › tests\PROJ-17-monatlicher-trend.spec.ts:35:7 › AC: Monatlicher Ausgaben-Langzeittrend API › GET /api/statistiken/monatlich without params returns all months 

    Error: ENOENT: no such file or directory, open 'C:\Users\Flo\.antigravity\repos\ex_bon\ai-coding\data\ebons\REWE-ebon1.pdf'

      11 |
      12 | async function importPdf(request: import("@playwright/test").APIRequestContext, pdfPath: string) {
    > 13 |   const pdfBuffer = fs.readFileSync(pdfPath)
         |                        ^
      14 |   const filename = path.basename(pdfPath)
      15 |   await request.post("/api/import", {
      16 |     multipart: {
        at importPdf (C:\Users\Flo\.antigravity\repos\ex_bon\ai-coding\tests\PROJ-17-monatlicher-trend.spec.ts:13:24)
        at ensureBonsImported (C:\Users\Flo\.antigravity\repos\ex_bon\ai-coding\tests\PROJ-17-monatlicher-trend.spec.ts:23:9)
        at C:\Users\Flo\.antigravity\repos\ex_bon\ai-coding\tests\PROJ-17-monatlicher-trend.spec.ts:32:11


[1A[2K[110/718] [chromium] › tests\PROJ-17-monatlicher-trend.spec.ts:52:7 › AC: Monatlicher Ausgaben-Langzeittrend API › GET /api/statistiken/monatlich returns months in ascending order
[1A[2K  72) [chromium] › tests\PROJ-17-monatlicher-trend.spec.ts:52:7 › AC: Monatlicher Ausgaben-Langzeittrend API › GET /api/statistiken/monatlich returns months in ascending order 

    Error: ENOENT: no such file or directory, open 'C:\Users\Flo\.antigravity\repos\ex_bon\ai-coding\data\ebons\REWE-ebon1.pdf'

      11 |
      12 | async function importPdf(request: import("@playwright/test").APIRequestContext, pdfPath: string) {
    > 13 |   const pdfBuffer = fs.readFileSync(pdfPath)
         |                        ^
      14 |   const filename = path.basename(pdfPath)
      15 |   await request.post("/api/import", {
      16 |     multipart: {
        at importPdf (C:\Users\Flo\.antigravity\repos\ex_bon\ai-coding\tests\PROJ-17-monatlicher-trend.spec.ts:13:24)
        at ensureBonsImported (C:\Users\Flo\.antigravity\repos\ex_bon\ai-coding\tests\PROJ-17-monatlicher-trend.spec.ts:23:9)
        at C:\Users\Flo\.antigravity\repos\ex_bon\ai-coding\tests\PROJ-17-monatlicher-trend.spec.ts:32:11


[1A[2K[111/718] [chromium] › tests\PROJ-17-monatlicher-trend.spec.ts:62:7 › AC: Monatlicher Ausgaben-Langzeittrend API › GET /api/statistiken/monatlich with ?monate=3 returns only last 3 months
[1A[2K  73) [chromium] › tests\PROJ-17-monatlicher-trend.spec.ts:62:7 › AC: Monatlicher Ausgaben-Langzeittrend API › GET /api/statistiken/monatlich with ?monate=3 returns only last 3 months 

    Error: ENOENT: no such file or directory, open 'C:\Users\Flo\.antigravity\repos\ex_bon\ai-coding\data\ebons\REWE-ebon1.pdf'

      11 |
      12 | async function importPdf(request: import("@playwright/test").APIRequestContext, pdfPath: string) {
    > 13 |   const pdfBuffer = fs.readFileSync(pdfPath)
         |                        ^
      14 |   const filename = path.basename(pdfPath)
      15 |   await request.post("/api/import", {
      16 |     multipart: {
        at importPdf (C:\Users\Flo\.antigravity\repos\ex_bon\ai-coding\tests\PROJ-17-monatlicher-trend.spec.ts:13:24)
        at ensureBonsImported (C:\Users\Flo\.antigravity\repos\ex_bon\ai-coding\tests\PROJ-17-monatlicher-trend.spec.ts:23:9)
        at C:\Users\Flo\.antigravity\repos\ex_bon\ai-coding\tests\PROJ-17-monatlicher-trend.spec.ts:32:11


[1A[2K[112/718] [chromium] › tests\PROJ-17-monatlicher-trend.spec.ts:77:7 › AC: Monatlicher Ausgaben-Langzeittrend API › API responds within 300ms performance target
[1A[2K  74) [chromium] › tests\PROJ-17-monatlicher-trend.spec.ts:77:7 › AC: Monatlicher Ausgaben-Langzeittrend API › API responds within 300ms performance target 

    Error: ENOENT: no such file or directory, open 'C:\Users\Flo\.antigravity\repos\ex_bon\ai-coding\data\ebons\REWE-ebon1.pdf'

      11 |
      12 | async function importPdf(request: import("@playwright/test").APIRequestContext, pdfPath: string) {
    > 13 |   const pdfBuffer = fs.readFileSync(pdfPath)
         |                        ^
      14 |   const filename = path.basename(pdfPath)
      15 |   await request.post("/api/import", {
      16 |     multipart: {
        at importPdf (C:\Users\Flo\.antigravity\repos\ex_bon\ai-coding\tests\PROJ-17-monatlicher-trend.spec.ts:13:24)
        at ensureBonsImported (C:\Users\Flo\.antigravity\repos\ex_bon\ai-coding\tests\PROJ-17-monatlicher-trend.spec.ts:23:9)
        at C:\Users\Flo\.antigravity\repos\ex_bon\ai-coding\tests\PROJ-17-monatlicher-trend.spec.ts:32:11


[1A[2K[113/718] [chromium] › tests\PROJ-17-monatlicher-trend.spec.ts:93:7 › AC: Monatlicher Ausgaben-Langzeittrend Card › Dashboard displays new Langzeittrend card
[1A[2K  75) [chromium] › tests\PROJ-17-monatlicher-trend.spec.ts:93:7 › AC: Monatlicher Ausgaben-Langzeittrend Card › Dashboard displays new Langzeittrend card 

    Error: ENOENT: no such file or directory, open 'C:\Users\Flo\.antigravity\repos\ex_bon\ai-coding\data\ebons\REWE-ebon1.pdf'

      11 |
      12 | async function importPdf(request: import("@playwright/test").APIRequestContext, pdfPath: string) {
    > 13 |   const pdfBuffer = fs.readFileSync(pdfPath)
         |                        ^
      14 |   const filename = path.basename(pdfPath)
      15 |   await request.post("/api/import", {
      16 |     multipart: {
        at importPdf (C:\Users\Flo\.antigravity\repos\ex_bon\ai-coding\tests\PROJ-17-monatlicher-trend.spec.ts:13:24)
        at ensureBonsImported (C:\Users\Flo\.antigravity\repos\ex_bon\ai-coding\tests\PROJ-17-monatlicher-trend.spec.ts:23:9)
        at C:\Users\Flo\.antigravity\repos\ex_bon\ai-coding\tests\PROJ-17-monatlicher-trend.spec.ts:90:11


[1A[2K[114/718] [chromium] › tests\PROJ-17-monatlicher-trend.spec.ts:101:7 › AC: Monatlicher Ausgaben-Langzeittrend Card › Chart renders with all available months
[1A[2K  76) [chromium] › tests\PROJ-17-monatlicher-trend.spec.ts:101:7 › AC: Monatlicher Ausgaben-Langzeittrend Card › Chart renders with all available months 

    Error: ENOENT: no such file or directory, open 'C:\Users\Flo\.antigravity\repos\ex_bon\ai-coding\data\ebons\REWE-ebon1.pdf'

      11 |
      12 | async function importPdf(request: import("@playwright/test").APIRequestContext, pdfPath: string) {
    > 13 |   const pdfBuffer = fs.readFileSync(pdfPath)
         |                        ^
      14 |   const filename = path.basename(pdfPath)
      15 |   await request.post("/api/import", {
      16 |     multipart: {
        at importPdf (C:\Users\Flo\.antigravity\repos\ex_bon\ai-coding\tests\PROJ-17-monatlicher-trend.spec.ts:13:24)
        at ensureBonsImported (C:\Users\Flo\.antigravity\repos\ex_bon\ai-coding\tests\PROJ-17-monatlicher-trend.spec.ts:23:9)
        at C:\Users\Flo\.antigravity\repos\ex_bon\ai-coding\tests\PROJ-17-monatlicher-trend.spec.ts:90:11


[1A[2K[115/718] [chromium] › tests\PROJ-17-monatlicher-trend.spec.ts:113:7 › AC: Monatlicher Ausgaben-Langzeittrend Card › X-axis shows months in correct format (Jan 24, Feb 24, etc.)
[1A[2K  77) [chromium] › tests\PROJ-17-monatlicher-trend.spec.ts:113:7 › AC: Monatlicher Ausgaben-Langzeittrend Card › X-axis shows months in correct format (Jan 24, Feb 24, etc.) 

    Error: ENOENT: no such file or directory, open 'C:\Users\Flo\.antigravity\repos\ex_bon\ai-coding\data\ebons\REWE-ebon1.pdf'

      11 |
      12 | async function importPdf(request: import("@playwright/test").APIRequestContext, pdfPath: string) {
    > 13 |   const pdfBuffer = fs.readFileSync(pdfPath)
         |                        ^
      14 |   const filename = path.basename(pdfPath)
      15 |   await request.post("/api/import", {
      16 |     multipart: {
        at importPdf (C:\Users\Flo\.antigravity\repos\ex_bon\ai-coding\tests\PROJ-17-monatlicher-trend.spec.ts:13:24)
        at ensureBonsImported (C:\Users\Flo\.antigravity\repos\ex_bon\ai-coding\tests\PROJ-17-monatlicher-trend.spec.ts:23:9)
        at C:\Users\Flo\.antigravity\repos\ex_bon\ai-coding\tests\PROJ-17-monatlicher-trend.spec.ts:90:11


[1A[2K[116/718] [chromium] › tests\PROJ-17-monatlicher-trend.spec.ts:127:7 › AC: Monatlicher Ausgaben-Langzeittrend Card › Y-axis shows EUR currency
[1A[2K  78) [chromium] › tests\PROJ-17-monatlicher-trend.spec.ts:127:7 › AC: Monatlicher Ausgaben-Langzeittrend Card › Y-axis shows EUR currency 

    Error: ENOENT: no such file or directory, open 'C:\Users\Flo\.antigravity\repos\ex_bon\ai-coding\data\ebons\REWE-ebon1.pdf'

      11 |
      12 | async function importPdf(request: import("@playwright/test").APIRequestContext, pdfPath: string) {
    > 13 |   const pdfBuffer = fs.readFileSync(pdfPath)
         |                        ^
      14 |   const filename = path.basename(pdfPath)
      15 |   await request.post("/api/import", {
      16 |     multipart: {
        at importPdf (C:\Users\Flo\.antigravity\repos\ex_bon\ai-coding\tests\PROJ-17-monatlicher-trend.spec.ts:13:24)
        at ensureBonsImported (C:\Users\Flo\.antigravity\repos\ex_bon\ai-coding\tests\PROJ-17-monatlicher-trend.spec.ts:23:9)
        at C:\Users\Flo\.antigravity\repos\ex_bon\ai-coding\tests\PROJ-17-monatlicher-trend.spec.ts:90:11


[1A[2K[117/718] [chromium] › tests\PROJ-17-monatlicher-trend.spec.ts:139:7 › AC: Monatlicher Ausgaben-Langzeittrend Card › Average line is displayed with value label
[1A[2K  79) [chromium] › tests\PROJ-17-monatlicher-trend.spec.ts:139:7 › AC: Monatlicher Ausgaben-Langzeittrend Card › Average line is displayed with value label 

    Error: ENOENT: no such file or directory, open 'C:\Users\Flo\.antigravity\repos\ex_bon\ai-coding\data\ebons\REWE-ebon1.pdf'

      11 |
      12 | async function importPdf(request: import("@playwright/test").APIRequestContext, pdfPath: string) {
    > 13 |   const pdfBuffer = fs.readFileSync(pdfPath)
         |                        ^
      14 |   const filename = path.basename(pdfPath)
      15 |   await request.post("/api/import", {
      16 |     multipart: {
        at importPdf (C:\Users\Flo\.antigravity\repos\ex_bon\ai-coding\tests\PROJ-17-monatlicher-trend.spec.ts:13:24)
        at ensureBonsImported (C:\Users\Flo\.antigravity\repos\ex_bon\ai-coding\tests\PROJ-17-monatlicher-trend.spec.ts:23:9)
        at C:\Users\Flo\.antigravity\repos\ex_bon\ai-coding\tests\PROJ-17-monatlicher-trend.spec.ts:90:11


[1A[2K[118/718] [chromium] › tests\PROJ-17-monatlicher-trend.spec.ts:159:7 › AC: Monatlicher Ausgaben-Langzeittrend Card › Card is independent from 3M/6M/12M filter buttons
[1A[2K  80) [chromium] › tests\PROJ-17-monatlicher-trend.spec.ts:159:7 › AC: Monatlicher Ausgaben-Langzeittrend Card › Card is independent from 3M/6M/12M filter buttons 

    Error: ENOENT: no such file or directory, open 'C:\Users\Flo\.antigravity\repos\ex_bon\ai-coding\data\ebons\REWE-ebon1.pdf'

      11 |
      12 | async function importPdf(request: import("@playwright/test").APIRequestContext, pdfPath: string) {
    > 13 |   const pdfBuffer = fs.readFileSync(pdfPath)
         |                        ^
      14 |   const filename = path.basename(pdfPath)
      15 |   await request.post("/api/import", {
      16 |     multipart: {
        at importPdf (C:\Users\Flo\.antigravity\repos\ex_bon\ai-coding\tests\PROJ-17-monatlicher-trend.spec.ts:13:24)
        at ensureBonsImported (C:\Users\Flo\.antigravity\repos\ex_bon\ai-coding\tests\PROJ-17-monatlicher-trend.spec.ts:23:9)
        at C:\Users\Flo\.antigravity\repos\ex_bon\ai-coding\tests\PROJ-17-monatlicher-trend.spec.ts:90:11


[1A[2K[119/718] [chromium] › tests\PROJ-17-monatlicher-trend.spec.ts:187:7 › AC: Monatlicher Trend Tooltip › Hovering over a data point shows month and amount in tooltip
[1A[2K  81) [chromium] › tests\PROJ-17-monatlicher-trend.spec.ts:187:7 › AC: Monatlicher Trend Tooltip › Hovering over a data point shows month and amount in tooltip 

    Error: ENOENT: no such file or directory, open 'C:\Users\Flo\.antigravity\repos\ex_bon\ai-coding\data\ebons\REWE-ebon1.pdf'

      11 |
      12 | async function importPdf(request: import("@playwright/test").APIRequestContext, pdfPath: string) {
    > 13 |   const pdfBuffer = fs.readFileSync(pdfPath)
         |                        ^
      14 |   const filename = path.basename(pdfPath)
      15 |   await request.post("/api/import", {
      16 |     multipart: {
        at importPdf (C:\Users\Flo\.antigravity\repos\ex_bon\ai-coding\tests\PROJ-17-monatlicher-trend.spec.ts:13:24)
        at ensureBonsImported (C:\Users\Flo\.antigravity\repos\ex_bon\ai-coding\tests\PROJ-17-monatlicher-trend.spec.ts:23:9)
        at C:\Users\Flo\.antigravity\repos\ex_bon\ai-coding\tests\PROJ-17-monatlicher-trend.spec.ts:184:11


[1A[2K[120/718] [chromium] › tests\PROJ-17-monatlicher-trend.spec.ts:211:7 › AC: Monatlicher Trend Edge Cases › dashboard shows no error when displaying data with gaps
[1A[2K  82) [chromium] › tests\PROJ-17-monatlicher-trend.spec.ts:211:7 › AC: Monatlicher Trend Edge Cases › dashboard shows no error when displaying data with gaps 

    Error: ENOENT: no such file or directory, open 'C:\Users\Flo\.antigravity\repos\ex_bon\ai-coding\data\ebons\REWE-ebon1.pdf'

      11 |
      12 | async function importPdf(request: import("@playwright/test").APIRequestContext, pdfPath: string) {
    > 13 |   const pdfBuffer = fs.readFileSync(pdfPath)
         |                        ^
      14 |   const filename = path.basename(pdfPath)
      15 |   await request.post("/api/import", {
      16 |     multipart: {
        at importPdf (C:\Users\Flo\.antigravity\repos\ex_bon\ai-coding\tests\PROJ-17-monatlicher-trend.spec.ts:13:24)
        at ensureBonsImported (C:\Users\Flo\.antigravity\repos\ex_bon\ai-coding\tests\PROJ-17-monatlicher-trend.spec.ts:23:9)
        at C:\Users\Flo\.antigravity\repos\ex_bon\ai-coding\tests\PROJ-17-monatlicher-trend.spec.ts:208:11


[1A[2K[121/718] [chromium] › tests\PROJ-17-monatlicher-trend.spec.ts:225:7 › AC: Monatlicher Trend Edge Cases › card renders with single month of data without error
[1A[2K  83) [chromium] › tests\PROJ-17-monatlicher-trend.spec.ts:225:7 › AC: Monatlicher Trend Edge Cases › card renders with single month of data without error 

    Error: ENOENT: no such file or directory, open 'C:\Users\Flo\.antigravity\repos\ex_bon\ai-coding\data\ebons\REWE-ebon1.pdf'

      11 |
      12 | async function importPdf(request: import("@playwright/test").APIRequestContext, pdfPath: string) {
    > 13 |   const pdfBuffer = fs.readFileSync(pdfPath)
         |                        ^
      14 |   const filename = path.basename(pdfPath)
      15 |   await request.post("/api/import", {
      16 |     multipart: {
        at importPdf (C:\Users\Flo\.antigravity\repos\ex_bon\ai-coding\tests\PROJ-17-monatlicher-trend.spec.ts:13:24)
        at ensureBonsImported (C:\Users\Flo\.antigravity\repos\ex_bon\ai-coding\tests\PROJ-17-monatlicher-trend.spec.ts:23:9)
        at C:\Users\Flo\.antigravity\repos\ex_bon\ai-coding\tests\PROJ-17-monatlicher-trend.spec.ts:208:11


[1A[2K[122/718] [chromium] › tests\PROJ-17-monatlicher-trend.spec.ts:238:7 › AC: Monatlicher Trend Edge Cases › no gaps appear in the line chart for months without purchases
[1A[2K  84) [chromium] › tests\PROJ-17-monatlicher-trend.spec.ts:238:7 › AC: Monatlicher Trend Edge Cases › no gaps appear in the line chart for months without purchases 

    Error: ENOENT: no such file or directory, open 'C:\Users\Flo\.antigravity\repos\ex_bon\ai-coding\data\ebons\REWE-ebon1.pdf'

      11 |
      12 | async function importPdf(request: import("@playwright/test").APIRequestContext, pdfPath: string) {
    > 13 |   const pdfBuffer = fs.readFileSync(pdfPath)
         |                        ^
      14 |   const filename = path.basename(pdfPath)
      15 |   await request.post("/api/import", {
      16 |     multipart: {
        at importPdf (C:\Users\Flo\.antigravity\repos\ex_bon\ai-coding\tests\PROJ-17-monatlicher-trend.spec.ts:13:24)
        at ensureBonsImported (C:\Users\Flo\.antigravity\repos\ex_bon\ai-coding\tests\PROJ-17-monatlicher-trend.spec.ts:23:9)
        at C:\Users\Flo\.antigravity\repos\ex_bon\ai-coding\tests\PROJ-17-monatlicher-trend.spec.ts:208:11


[1A[2K[123/718] [chromium] › tests\PROJ-17-monatlicher-trend.spec.ts:254:7 › AC: Monatlicher Trend Edge Cases › X-axis labels are readable for 36+ months (every 3rd or 4th label)
[1A[2K  85) [chromium] › tests\PROJ-17-monatlicher-trend.spec.ts:254:7 › AC: Monatlicher Trend Edge Cases › X-axis labels are readable for 36+ months (every 3rd or 4th label) 

    Error: ENOENT: no such file or directory, open 'C:\Users\Flo\.antigravity\repos\ex_bon\ai-coding\data\ebons\REWE-ebon1.pdf'

      11 |
      12 | async function importPdf(request: import("@playwright/test").APIRequestContext, pdfPath: string) {
    > 13 |   const pdfBuffer = fs.readFileSync(pdfPath)
         |                        ^
      14 |   const filename = path.basename(pdfPath)
      15 |   await request.post("/api/import", {
      16 |     multipart: {
        at importPdf (C:\Users\Flo\.antigravity\repos\ex_bon\ai-coding\tests\PROJ-17-monatlicher-trend.spec.ts:13:24)
        at ensureBonsImported (C:\Users\Flo\.antigravity\repos\ex_bon\ai-coding\tests\PROJ-17-monatlicher-trend.spec.ts:23:9)
        at C:\Users\Flo\.antigravity\repos\ex_bon\ai-coding\tests\PROJ-17-monatlicher-trend.spec.ts:208:11


[1A[2K[124/718] [chromium] › tests\PROJ-17-monatlicher-trend.spec.ts:277:7 › AC: Monatlicher Trend Performance › statistiken page loads within 6 seconds with chart visible
[1A[2K  86) [chromium] › tests\PROJ-17-monatlicher-trend.spec.ts:277:7 › AC: Monatlicher Trend Performance › statistiken page loads within 6 seconds with chart visible 

    Error: ENOENT: no such file or directory, open 'C:\Users\Flo\.antigravity\repos\ex_bon\ai-coding\data\ebons\REWE-ebon1.pdf'

      11 |
      12 | async function importPdf(request: import("@playwright/test").APIRequestContext, pdfPath: string) {
    > 13 |   const pdfBuffer = fs.readFileSync(pdfPath)
         |                        ^
      14 |   const filename = path.basename(pdfPath)
      15 |   await request.post("/api/import", {
      16 |     multipart: {
        at importPdf (C:\Users\Flo\.antigravity\repos\ex_bon\ai-coding\tests\PROJ-17-monatlicher-trend.spec.ts:13:24)
        at ensureBonsImported (C:\Users\Flo\.antigravity\repos\ex_bon\ai-coding\tests\PROJ-17-monatlicher-trend.spec.ts:23:9)
        at C:\Users\Flo\.antigravity\repos\ex_bon\ai-coding\tests\PROJ-17-monatlicher-trend.spec.ts:274:11


[1A[2K[125/718] [chromium] › tests\PROJ-17-monatlicher-trend.spec.ts:286:7 › AC: Monatlicher Trend Performance › chart is responsive on mobile (375px width)
[1A[2K  87) [chromium] › tests\PROJ-17-monatlicher-trend.spec.ts:286:7 › AC: Monatlicher Trend Performance › chart is responsive on mobile (375px width) 

    Error: ENOENT: no such file or directory, open 'C:\Users\Flo\.antigravity\repos\ex_bon\ai-coding\data\ebons\REWE-ebon1.pdf'

      11 |
      12 | async function importPdf(request: import("@playwright/test").APIRequestContext, pdfPath: string) {
    > 13 |   const pdfBuffer = fs.readFileSync(pdfPath)
         |                        ^
      14 |   const filename = path.basename(pdfPath)
      15 |   await request.post("/api/import", {
      16 |     multipart: {
        at importPdf (C:\Users\Flo\.antigravity\repos\ex_bon\ai-coding\tests\PROJ-17-monatlicher-trend.spec.ts:13:24)
        at ensureBonsImported (C:\Users\Flo\.antigravity\repos\ex_bon\ai-coding\tests\PROJ-17-monatlicher-trend.spec.ts:23:9)
        at C:\Users\Flo\.antigravity\repos\ex_bon\ai-coding\tests\PROJ-17-monatlicher-trend.spec.ts:274:11


[1A[2K[126/718] [chromium] › tests\PROJ-17-monatlicher-trend.spec.ts:296:7 › AC: Monatlicher Trend Performance › chart is responsive on tablet (768px width)
[1A[2K  88) [chromium] › tests\PROJ-17-monatlicher-trend.spec.ts:296:7 › AC: Monatlicher Trend Performance › chart is responsive on tablet (768px width) 

    Error: ENOENT: no such file or directory, open 'C:\Users\Flo\.antigravity\repos\ex_bon\ai-coding\data\ebons\REWE-ebon1.pdf'

      11 |
      12 | async function importPdf(request: import("@playwright/test").APIRequestContext, pdfPath: string) {
    > 13 |   const pdfBuffer = fs.readFileSync(pdfPath)
         |                        ^
      14 |   const filename = path.basename(pdfPath)
      15 |   await request.post("/api/import", {
      16 |     multipart: {
        at importPdf (C:\Users\Flo\.antigravity\repos\ex_bon\ai-coding\tests\PROJ-17-monatlicher-trend.spec.ts:13:24)
        at ensureBonsImported (C:\Users\Flo\.antigravity\repos\ex_bon\ai-coding\tests\PROJ-17-monatlicher-trend.spec.ts:23:9)
        at C:\Users\Flo\.antigravity\repos\ex_bon\ai-coding\tests\PROJ-17-monatlicher-trend.spec.ts:274:11


[1A[2K[127/718] [chromium] › tests\PROJ-17-monatlicher-trend.spec.ts:306:7 › AC: Monatlicher Trend Performance › chart is responsive on desktop (1440px width)
[1A[2K  89) [chromium] › tests\PROJ-17-monatlicher-trend.spec.ts:306:7 › AC: Monatlicher Trend Performance › chart is responsive on desktop (1440px width) 

    Error: ENOENT: no such file or directory, open 'C:\Users\Flo\.antigravity\repos\ex_bon\ai-coding\data\ebons\REWE-ebon1.pdf'

      11 |
      12 | async function importPdf(request: import("@playwright/test").APIRequestContext, pdfPath: string) {
    > 13 |   const pdfBuffer = fs.readFileSync(pdfPath)
         |                        ^
      14 |   const filename = path.basename(pdfPath)
      15 |   await request.post("/api/import", {
      16 |     multipart: {
        at importPdf (C:\Users\Flo\.antigravity\repos\ex_bon\ai-coding\tests\PROJ-17-monatlicher-trend.spec.ts:13:24)
        at ensureBonsImported (C:\Users\Flo\.antigravity\repos\ex_bon\ai-coding\tests\PROJ-17-monatlicher-trend.spec.ts:23:9)
        at C:\Users\Flo\.antigravity\repos\ex_bon\ai-coding\tests\PROJ-17-monatlicher-trend.spec.ts:274:11


[1A[2K[128/718] [chromium] › tests\PROJ-19-avis-import.spec.ts:52:7 › PROJ-19: AVIS Import & Alias Assignment › US1: Upload dialog allows AVIS-PDF selection
[1A[2K  90) [chromium] › tests\PROJ-19-avis-import.spec.ts:52:7 › PROJ-19: AVIS Import & Alias Assignment › US1: Upload dialog allows AVIS-PDF selection 

    Error: ENOENT: no such file or directory, open 'C:\Users\Flo\.antigravity\repos\ex_bon\ai-coding\data\ebons\REWE-ebon1.pdf'

      12 |
      13 | async function importPdf(request: import("@playwright/test").APIRequestContext, pdfPath: string) {
    > 14 |   const pdfBuffer = fs.readFileSync(pdfPath)
         |                        ^
      15 |   const filename = path.basename(pdfPath)
      16 |   const response = await request.post("/api/import", {
      17 |     multipart: {
        at importPdf (C:\Users\Flo\.antigravity\repos\ex_bon\ai-coding\tests\PROJ-19-avis-import.spec.ts:14:24)
        at ensureBonsImported (C:\Users\Flo\.antigravity\repos\ex_bon\ai-coding\tests\PROJ-19-avis-import.spec.ts:25:9)
        at C:\Users\Flo\.antigravity\repos\ex_bon\ai-coding\tests\PROJ-19-avis-import.spec.ts:49:11


[1A[2K[129/718] [chromium] › tests\PROJ-19-avis-import.spec.ts:59:7 › PROJ-19: AVIS Import & Alias Assignment › US2: AVIS-PDF is parsed and items are matched
[1A[2K  91) [chromium] › tests\PROJ-19-avis-import.spec.ts:59:7 › PROJ-19: AVIS Import & Alias Assignment › US2: AVIS-PDF is parsed and items are matched 

    Error: ENOENT: no such file or directory, open 'C:\Users\Flo\.antigravity\repos\ex_bon\ai-coding\data\ebons\REWE-ebon1.pdf'

      12 |
      13 | async function importPdf(request: import("@playwright/test").APIRequestContext, pdfPath: string) {
    > 14 |   const pdfBuffer = fs.readFileSync(pdfPath)
         |                        ^
      15 |   const filename = path.basename(pdfPath)
      16 |   const response = await request.post("/api/import", {
      17 |     multipart: {
        at importPdf (C:\Users\Flo\.antigravity\repos\ex_bon\ai-coding\tests\PROJ-19-avis-import.spec.ts:14:24)
        at ensureBonsImported (C:\Users\Flo\.antigravity\repos\ex_bon\ai-coding\tests\PROJ-19-avis-import.spec.ts:25:9)
        at C:\Users\Flo\.antigravity\repos\ex_bon\ai-coding\tests\PROJ-19-avis-import.spec.ts:49:11


[1A[2K[130/718] [chromium] › tests\PROJ-19-avis-import.spec.ts:72:7 › PROJ-19: AVIS Import & Alias Assignment › US2: High-confidence matches (≥80%) are auto-set
[1A[2K  92) [chromium] › tests\PROJ-19-avis-import.spec.ts:72:7 › PROJ-19: AVIS Import & Alias Assignment › US2: High-confidence matches (≥80%) are auto-set 

    Error: ENOENT: no such file or directory, open 'C:\Users\Flo\.antigravity\repos\ex_bon\ai-coding\data\ebons\REWE-ebon1.pdf'

      12 |
      13 | async function importPdf(request: import("@playwright/test").APIRequestContext, pdfPath: string) {
    > 14 |   const pdfBuffer = fs.readFileSync(pdfPath)
         |                        ^
      15 |   const filename = path.basename(pdfPath)
      16 |   const response = await request.post("/api/import", {
      17 |     multipart: {
        at importPdf (C:\Users\Flo\.antigravity\repos\ex_bon\ai-coding\tests\PROJ-19-avis-import.spec.ts:14:24)
        at ensureBonsImported (C:\Users\Flo\.antigravity\repos\ex_bon\ai-coding\tests\PROJ-19-avis-import.spec.ts:25:9)
        at C:\Users\Flo\.antigravity\repos\ex_bon\ai-coding\tests\PROJ-19-avis-import.spec.ts:49:11


[1A[2K[131/718] [chromium] › tests\PROJ-19-avis-import.spec.ts:85:7 › PROJ-19: AVIS Import & Alias Assignment › US3: Low-confidence matches (<80%) are returned for confirmation
[1A[2K  93) [chromium] › tests\PROJ-19-avis-import.spec.ts:85:7 › PROJ-19: AVIS Import & Alias Assignment › US3: Low-confidence matches (<80%) are returned for confirmation 

    Error: ENOENT: no such file or directory, open 'C:\Users\Flo\.antigravity\repos\ex_bon\ai-coding\data\ebons\REWE-ebon1.pdf'

      12 |
      13 | async function importPdf(request: import("@playwright/test").APIRequestContext, pdfPath: string) {
    > 14 |   const pdfBuffer = fs.readFileSync(pdfPath)
         |                        ^
      15 |   const filename = path.basename(pdfPath)
      16 |   const response = await request.post("/api/import", {
      17 |     multipart: {
        at importPdf (C:\Users\Flo\.antigravity\repos\ex_bon\ai-coding\tests\PROJ-19-avis-import.spec.ts:14:24)
        at ensureBonsImported (C:\Users\Flo\.antigravity\repos\ex_bon\ai-coding\tests\PROJ-19-avis-import.spec.ts:25:9)
        at C:\Users\Flo\.antigravity\repos\ex_bon\ai-coding\tests\PROJ-19-avis-import.spec.ts:49:11


[1A[2K[132/718] [chromium] › tests\PROJ-19-avis-import.spec.ts:104:7 › PROJ-19: AVIS Import & Alias Assignment › US3: Confirmation dialog shows pending matches
[1A[2K  94) [chromium] › tests\PROJ-19-avis-import.spec.ts:104:7 › PROJ-19: AVIS Import & Alias Assignment › US3: Confirmation dialog shows pending matches 

    Error: ENOENT: no such file or directory, open 'C:\Users\Flo\.antigravity\repos\ex_bon\ai-coding\data\ebons\REWE-ebon1.pdf'

      12 |
      13 | async function importPdf(request: import("@playwright/test").APIRequestContext, pdfPath: string) {
    > 14 |   const pdfBuffer = fs.readFileSync(pdfPath)
         |                        ^
      15 |   const filename = path.basename(pdfPath)
      16 |   const response = await request.post("/api/import", {
      17 |     multipart: {
        at importPdf (C:\Users\Flo\.antigravity\repos\ex_bon\ai-coding\tests\PROJ-19-avis-import.spec.ts:14:24)
        at ensureBonsImported (C:\Users\Flo\.antigravity\repos\ex_bon\ai-coding\tests\PROJ-19-avis-import.spec.ts:25:9)
        at C:\Users\Flo\.antigravity\repos\ex_bon\ai-coding\tests\PROJ-19-avis-import.spec.ts:49:11


[1A[2K[133/718] [chromium] › tests\PROJ-19-avis-import.spec.ts:124:7 › PROJ-19: AVIS Import & Alias Assignment › US3: User can confirm or reject matches
[1A[2K  95) [chromium] › tests\PROJ-19-avis-import.spec.ts:124:7 › PROJ-19: AVIS Import & Alias Assignment › US3: User can confirm or reject matches 

    Error: ENOENT: no such file or directory, open 'C:\Users\Flo\.antigravity\repos\ex_bon\ai-coding\data\ebons\REWE-ebon1.pdf'

      12 |
      13 | async function importPdf(request: import("@playwright/test").APIRequestContext, pdfPath: string) {
    > 14 |   const pdfBuffer = fs.readFileSync(pdfPath)
         |                        ^
      15 |   const filename = path.basename(pdfPath)
      16 |   const response = await request.post("/api/import", {
      17 |     multipart: {
        at importPdf (C:\Users\Flo\.antigravity\repos\ex_bon\ai-coding\tests\PROJ-19-avis-import.spec.ts:14:24)
        at ensureBonsImported (C:\Users\Flo\.antigravity\repos\ex_bon\ai-coding\tests\PROJ-19-avis-import.spec.ts:25:9)
        at C:\Users\Flo\.antigravity\repos\ex_bon\ai-coding\tests\PROJ-19-avis-import.spec.ts:49:11


[1A[2K[134/718] [chromium] › tests\PROJ-19-avis-import.spec.ts:161:7 › PROJ-19: AVIS Import & Alias Assignment › US4: Existing aliases are never overwritten
[1A[2K  96) [chromium] › tests\PROJ-19-avis-import.spec.ts:161:7 › PROJ-19: AVIS Import & Alias Assignment › US4: Existing aliases are never overwritten 

    Error: ENOENT: no such file or directory, open 'C:\Users\Flo\.antigravity\repos\ex_bon\ai-coding\data\ebons\REWE-ebon1.pdf'

      12 |
      13 | async function importPdf(request: import("@playwright/test").APIRequestContext, pdfPath: string) {
    > 14 |   const pdfBuffer = fs.readFileSync(pdfPath)
         |                        ^
      15 |   const filename = path.basename(pdfPath)
      16 |   const response = await request.post("/api/import", {
      17 |     multipart: {
        at importPdf (C:\Users\Flo\.antigravity\repos\ex_bon\ai-coding\tests\PROJ-19-avis-import.spec.ts:14:24)
        at ensureBonsImported (C:\Users\Flo\.antigravity\repos\ex_bon\ai-coding\tests\PROJ-19-avis-import.spec.ts:25:9)
        at C:\Users\Flo\.antigravity\repos\ex_bon\ai-coding\tests\PROJ-19-avis-import.spec.ts:49:11


[1A[2K[135/718] [chromium] › tests\PROJ-19-avis-import.spec.ts:176:7 › PROJ-19: AVIS Import & Alias Assignment › US6: Import summary shows counts
[1A[2K  97) [chromium] › tests\PROJ-19-avis-import.spec.ts:176:7 › PROJ-19: AVIS Import & Alias Assignment › US6: Import summary shows counts 

    Error: ENOENT: no such file or directory, open 'C:\Users\Flo\.antigravity\repos\ex_bon\ai-coding\data\ebons\REWE-ebon1.pdf'

      12 |
      13 | async function importPdf(request: import("@playwright/test").APIRequestContext, pdfPath: string) {
    > 14 |   const pdfBuffer = fs.readFileSync(pdfPath)
         |                        ^
      15 |   const filename = path.basename(pdfPath)
      16 |   const response = await request.post("/api/import", {
      17 |     multipart: {
        at importPdf (C:\Users\Flo\.antigravity\repos\ex_bon\ai-coding\tests\PROJ-19-avis-import.spec.ts:14:24)
        at ensureBonsImported (C:\Users\Flo\.antigravity\repos\ex_bon\ai-coding\tests\PROJ-19-avis-import.spec.ts:25:9)
        at C:\Users\Flo\.antigravity\repos\ex_bon\ai-coding\tests\PROJ-19-avis-import.spec.ts:49:11


[1A[2K[136/718] [chromium] › tests\PROJ-19-avis-import.spec.ts:193:7 › PROJ-19: AVIS Import & Alias Assignment › US6: Import log is recorded
[1A[2K  98) [chromium] › tests\PROJ-19-avis-import.spec.ts:193:7 › PROJ-19: AVIS Import & Alias Assignment › US6: Import log is recorded 

    Error: ENOENT: no such file or directory, open 'C:\Users\Flo\.antigravity\repos\ex_bon\ai-coding\data\ebons\REWE-ebon1.pdf'

      12 |
      13 | async function importPdf(request: import("@playwright/test").APIRequestContext, pdfPath: string) {
    > 14 |   const pdfBuffer = fs.readFileSync(pdfPath)
         |                        ^
      15 |   const filename = path.basename(pdfPath)
      16 |   const response = await request.post("/api/import", {
      17 |     multipart: {
        at importPdf (C:\Users\Flo\.antigravity\repos\ex_bon\ai-coding\tests\PROJ-19-avis-import.spec.ts:14:24)
        at ensureBonsImported (C:\Users\Flo\.antigravity\repos\ex_bon\ai-coding\tests\PROJ-19-avis-import.spec.ts:25:9)
        at C:\Users\Flo\.antigravity\repos\ex_bon\ai-coding\tests\PROJ-19-avis-import.spec.ts:49:11


[1A[2K[137/718] [chromium] › tests\PROJ-19-avis-import.spec.ts:207:7 › PROJ-19: AVIS Import & Alias Assignment › Edge case: Duplicate AVIS detection works
[1A[2K  99) [chromium] › tests\PROJ-19-avis-import.spec.ts:207:7 › PROJ-19: AVIS Import & Alias Assignment › Edge case: Duplicate AVIS detection works 

    Error: ENOENT: no such file or directory, open 'C:\Users\Flo\.antigravity\repos\ex_bon\ai-coding\data\ebons\REWE-ebon1.pdf'

      12 |
      13 | async function importPdf(request: import("@playwright/test").APIRequestContext, pdfPath: string) {
    > 14 |   const pdfBuffer = fs.readFileSync(pdfPath)
         |                        ^
      15 |   const filename = path.basename(pdfPath)
      16 |   const response = await request.post("/api/import", {
      17 |     multipart: {
        at importPdf (C:\Users\Flo\.antigravity\repos\ex_bon\ai-coding\tests\PROJ-19-avis-import.spec.ts:14:24)
        at ensureBonsImported (C:\Users\Flo\.antigravity\repos\ex_bon\ai-coding\tests\PROJ-19-avis-import.spec.ts:25:9)
        at C:\Users\Flo\.antigravity\repos\ex_bon\ai-coding\tests\PROJ-19-avis-import.spec.ts:49:11


[1A[2K[138/718] [chromium] › tests\PROJ-19-avis-import.spec.ts:218:7 › PROJ-19: AVIS Import & Alias Assignment › Edge case: Invalid PDF is handled gracefully
[1A[2K  100) [chromium] › tests\PROJ-19-avis-import.spec.ts:218:7 › PROJ-19: AVIS Import & Alias Assignment › Edge case: Invalid PDF is handled gracefully 

    Error: ENOENT: no such file or directory, open 'C:\Users\Flo\.antigravity\repos\ex_bon\ai-coding\data\ebons\REWE-ebon1.pdf'

      12 |
      13 | async function importPdf(request: import("@playwright/test").APIRequestContext, pdfPath: string) {
    > 14 |   const pdfBuffer = fs.readFileSync(pdfPath)
         |                        ^
      15 |   const filename = path.basename(pdfPath)
      16 |   const response = await request.post("/api/import", {
      17 |     multipart: {
        at importPdf (C:\Users\Flo\.antigravity\repos\ex_bon\ai-coding\tests\PROJ-19-avis-import.spec.ts:14:24)
        at ensureBonsImported (C:\Users\Flo\.antigravity\repos\ex_bon\ai-coding\tests\PROJ-19-avis-import.spec.ts:25:9)
        at C:\Users\Flo\.antigravity\repos\ex_bon\ai-coding\tests\PROJ-19-avis-import.spec.ts:49:11


[1A[2K[139/718] [chromium] › tests\PROJ-19-avis-import.spec.ts:230:7 › PROJ-19: AVIS Import & Alias Assignment › Edge case: Unmatched items are listed
[1A[2K  101) [chromium] › tests\PROJ-19-avis-import.spec.ts:230:7 › PROJ-19: AVIS Import & Alias Assignment › Edge case: Unmatched items are listed 

    Error: ENOENT: no such file or directory, open 'C:\Users\Flo\.antigravity\repos\ex_bon\ai-coding\data\ebons\REWE-ebon1.pdf'

      12 |
      13 | async function importPdf(request: import("@playwright/test").APIRequestContext, pdfPath: string) {
    > 14 |   const pdfBuffer = fs.readFileSync(pdfPath)
         |                        ^
      15 |   const filename = path.basename(pdfPath)
      16 |   const response = await request.post("/api/import", {
      17 |     multipart: {
        at importPdf (C:\Users\Flo\.antigravity\repos\ex_bon\ai-coding\tests\PROJ-19-avis-import.spec.ts:14:24)
        at ensureBonsImported (C:\Users\Flo\.antigravity\repos\ex_bon\ai-coding\tests\PROJ-19-avis-import.spec.ts:25:9)
        at C:\Users\Flo\.antigravity\repos\ex_bon\ai-coding\tests\PROJ-19-avis-import.spec.ts:49:11


[1A[2K[140/718] [chromium] › tests\PROJ-19-avis-import.spec.ts:240:7 › PROJ-19: AVIS Import & Alias Assignment › Edge case: Non-available items are handled
[1A[2K  102) [chromium] › tests\PROJ-19-avis-import.spec.ts:240:7 › PROJ-19: AVIS Import & Alias Assignment › Edge case: Non-available items are handled 

    Error: ENOENT: no such file or directory, open 'C:\Users\Flo\.antigravity\repos\ex_bon\ai-coding\data\ebons\REWE-ebon1.pdf'

      12 |
      13 | async function importPdf(request: import("@playwright/test").APIRequestContext, pdfPath: string) {
    > 14 |   const pdfBuffer = fs.readFileSync(pdfPath)
         |                        ^
      15 |   const filename = path.basename(pdfPath)
      16 |   const response = await request.post("/api/import", {
      17 |     multipart: {
        at importPdf (C:\Users\Flo\.antigravity\repos\ex_bon\ai-coding\tests\PROJ-19-avis-import.spec.ts:14:24)
        at ensureBonsImported (C:\Users\Flo\.antigravity\repos\ex_bon\ai-coding\tests\PROJ-19-avis-import.spec.ts:25:9)
        at C:\Users\Flo\.antigravity\repos\ex_bon\ai-coding\tests\PROJ-19-avis-import.spec.ts:49:11


[1A[2K[141/718] [chromium] › tests\PROJ-19-avis-import.spec.ts:252:7 › PROJ-19: AVIS Import & Alias Assignment › Paperless sync endpoint returns appropriate errors when not configured
[1A[2K  103) [chromium] › tests\PROJ-19-avis-import.spec.ts:252:7 › PROJ-19: AVIS Import & Alias Assignment › Paperless sync endpoint returns appropriate errors when not configured 

    Error: ENOENT: no such file or directory, open 'C:\Users\Flo\.antigravity\repos\ex_bon\ai-coding\data\ebons\REWE-ebon1.pdf'

      12 |
      13 | async function importPdf(request: import("@playwright/test").APIRequestContext, pdfPath: string) {
    > 14 |   const pdfBuffer = fs.readFileSync(pdfPath)
         |                        ^
      15 |   const filename = path.basename(pdfPath)
      16 |   const response = await request.post("/api/import", {
      17 |     multipart: {
        at importPdf (C:\Users\Flo\.antigravity\repos\ex_bon\ai-coding\tests\PROJ-19-avis-import.spec.ts:14:24)
        at ensureBonsImported (C:\Users\Flo\.antigravity\repos\ex_bon\ai-coding\tests\PROJ-19-avis-import.spec.ts:25:9)
        at C:\Users\Flo\.antigravity\repos\ex_bon\ai-coding\tests\PROJ-19-avis-import.spec.ts:49:11


[1A[2K[142/718] [chromium] › tests\PROJ-2-bon-uebersicht.spec.ts:37:7 › AC: Bon-Übersicht › shows all bons as a table with correct columns
[1A[2K  104) [chromium] › tests\PROJ-2-bon-uebersicht.spec.ts:37:7 › AC: Bon-Übersicht › shows all bons as a table with correct columns 

    Error: ENOENT: no such file or directory, open 'C:\Users\Flo\.antigravity\repos\ex_bon\ai-coding\data\ebons\REWE-ebon1.pdf'

      12 | /** Import a PDF via the API directly (faster than UI upload for setup). */
      13 | async function importPdf(request: import("@playwright/test").APIRequestContext, pdfPath: string) {
    > 14 |   const pdfBuffer = fs.readFileSync(pdfPath)
         |                        ^
      15 |   const filename = path.basename(pdfPath)
      16 |   await request.post("/api/import", {
      17 |     multipart: {
        at importPdf (C:\Users\Flo\.antigravity\repos\ex_bon\ai-coding\tests\PROJ-2-bon-uebersicht.spec.ts:14:24)
        at ensureBonsImported (C:\Users\Flo\.antigravity\repos\ex_bon\ai-coding\tests\PROJ-2-bon-uebersicht.spec.ts:25:9)
        at C:\Users\Flo\.antigravity\repos\ex_bon\ai-coding\tests\PROJ-2-bon-uebersicht.spec.ts:34:11


[1A[2K[143/718] [chromium] › tests\PROJ-2-bon-uebersicht.spec.ts:48:7 › AC: Bon-Übersicht › list is sorted by date descending (newest first)
[1A[2K  105) [chromium] › tests\PROJ-2-bon-uebersicht.spec.ts:48:7 › AC: Bon-Übersicht › list is sorted by date descending (newest first) 

    Error: ENOENT: no such file or directory, open 'C:\Users\Flo\.antigravity\repos\ex_bon\ai-coding\data\ebons\REWE-ebon1.pdf'

      12 | /** Import a PDF via the API directly (faster than UI upload for setup). */
      13 | async function importPdf(request: import("@playwright/test").APIRequestContext, pdfPath: string) {
    > 14 |   const pdfBuffer = fs.readFileSync(pdfPath)
         |                        ^
      15 |   const filename = path.basename(pdfPath)
      16 |   await request.post("/api/import", {
      17 |     multipart: {
        at importPdf (C:\Users\Flo\.antigravity\repos\ex_bon\ai-coding\tests\PROJ-2-bon-uebersicht.spec.ts:14:24)
        at ensureBonsImported (C:\Users\Flo\.antigravity\repos\ex_bon\ai-coding\tests\PROJ-2-bon-uebersicht.spec.ts:25:9)
        at C:\Users\Flo\.antigravity\repos\ex_bon\ai-coding\tests\PROJ-2-bon-uebersicht.spec.ts:34:11


[1A[2K[144/718] [chromium] › tests\PROJ-2-bon-uebersicht.spec.ts:56:7 › AC: Bon-Übersicht › summary header shows total count and total spent
[1A[2K  106) [chromium] › tests\PROJ-2-bon-uebersicht.spec.ts:56:7 › AC: Bon-Übersicht › summary header shows total count and total spent 

    Error: ENOENT: no such file or directory, open 'C:\Users\Flo\.antigravity\repos\ex_bon\ai-coding\data\ebons\REWE-ebon1.pdf'

      12 | /** Import a PDF via the API directly (faster than UI upload for setup). */
      13 | async function importPdf(request: import("@playwright/test").APIRequestContext, pdfPath: string) {
    > 14 |   const pdfBuffer = fs.readFileSync(pdfPath)
         |                        ^
      15 |   const filename = path.basename(pdfPath)
      16 |   await request.post("/api/import", {
      17 |     multipart: {
        at importPdf (C:\Users\Flo\.antigravity\repos\ex_bon\ai-coding\tests\PROJ-2-bon-uebersicht.spec.ts:14:24)
        at ensureBonsImported (C:\Users\Flo\.antigravity\repos\ex_bon\ai-coding\tests\PROJ-2-bon-uebersicht.spec.ts:25:9)
        at C:\Users\Flo\.antigravity\repos\ex_bon\ai-coding\tests\PROJ-2-bon-uebersicht.spec.ts:34:11


[1A[2K[145/718] [chromium] › tests\PROJ-2-bon-uebersicht.spec.ts:64:7 › AC: Bon-Übersicht › date filter narrows results
[1A[2K  107) [chromium] › tests\PROJ-2-bon-uebersicht.spec.ts:64:7 › AC: Bon-Übersicht › date filter narrows results 

    Error: ENOENT: no such file or directory, open 'C:\Users\Flo\.antigravity\repos\ex_bon\ai-coding\data\ebons\REWE-ebon1.pdf'

      12 | /** Import a PDF via the API directly (faster than UI upload for setup). */
      13 | async function importPdf(request: import("@playwright/test").APIRequestContext, pdfPath: string) {
    > 14 |   const pdfBuffer = fs.readFileSync(pdfPath)
         |                        ^
      15 |   const filename = path.basename(pdfPath)
      16 |   await request.post("/api/import", {
      17 |     multipart: {
        at importPdf (C:\Users\Flo\.antigravity\repos\ex_bon\ai-coding\tests\PROJ-2-bon-uebersicht.spec.ts:14:24)
        at ensureBonsImported (C:\Users\Flo\.antigravity\repos\ex_bon\ai-coding\tests\PROJ-2-bon-uebersicht.spec.ts:25:9)
        at C:\Users\Flo\.antigravity\repos\ex_bon\ai-coding\tests\PROJ-2-bon-uebersicht.spec.ts:34:11


[1A[2K[146/718] [chromium] › tests\PROJ-2-bon-uebersicht.spec.ts:80:7 › AC: Bon-Übersicht › filter reset shows all bons again
[1A[2K  108) [chromium] › tests\PROJ-2-bon-uebersicht.spec.ts:80:7 › AC: Bon-Übersicht › filter reset shows all bons again 

    Error: ENOENT: no such file or directory, open 'C:\Users\Flo\.antigravity\repos\ex_bon\ai-coding\data\ebons\REWE-ebon1.pdf'

      12 | /** Import a PDF via the API directly (faster than UI upload for setup). */
      13 | async function importPdf(request: import("@playwright/test").APIRequestContext, pdfPath: string) {
    > 14 |   const pdfBuffer = fs.readFileSync(pdfPath)
         |                        ^
      15 |   const filename = path.basename(pdfPath)
      16 |   await request.post("/api/import", {
      17 |     multipart: {
        at importPdf (C:\Users\Flo\.antigravity\repos\ex_bon\ai-coding\tests\PROJ-2-bon-uebersicht.spec.ts:14:24)
        at ensureBonsImported (C:\Users\Flo\.antigravity\repos\ex_bon\ai-coding\tests\PROJ-2-bon-uebersicht.spec.ts:25:9)
        at C:\Users\Flo\.antigravity\repos\ex_bon\ai-coding\tests\PROJ-2-bon-uebersicht.spec.ts:34:11


[1A[2K[147/718] [chromium] › tests\PROJ-2-bon-uebersicht.spec.ts:103:7 › AC: Bon-Übersicht › clicking a bon navigates to detail page
[1A[2K  109) [chromium] › tests\PROJ-2-bon-uebersicht.spec.ts:103:7 › AC: Bon-Übersicht › clicking a bon navigates to detail page 

    Error: ENOENT: no such file or directory, open 'C:\Users\Flo\.antigravity\repos\ex_bon\ai-coding\data\ebons\REWE-ebon1.pdf'

      12 | /** Import a PDF via the API directly (faster than UI upload for setup). */
      13 | async function importPdf(request: import("@playwright/test").APIRequestContext, pdfPath: string) {
    > 14 |   const pdfBuffer = fs.readFileSync(pdfPath)
         |                        ^
      15 |   const filename = path.basename(pdfPath)
      16 |   await request.post("/api/import", {
      17 |     multipart: {
        at importPdf (C:\Users\Flo\.antigravity\repos\ex_bon\ai-coding\tests\PROJ-2-bon-uebersicht.spec.ts:14:24)
        at ensureBonsImported (C:\Users\Flo\.antigravity\repos\ex_bon\ai-coding\tests\PROJ-2-bon-uebersicht.spec.ts:25:9)
        at C:\Users\Flo\.antigravity\repos\ex_bon\ai-coding\tests\PROJ-2-bon-uebersicht.spec.ts:34:11


[1A[2K[148/718] [chromium] › tests\PROJ-2-bon-uebersicht.spec.ts:120:7 › AC: Empty state (filter yields no results) › shows empty message when date filter yields no results
[1A[2K  110) [chromium] › tests\PROJ-2-bon-uebersicht.spec.ts:120:7 › AC: Empty state (filter yields no results) › shows empty message when date filter yields no results 

    Error: ENOENT: no such file or directory, open 'C:\Users\Flo\.antigravity\repos\ex_bon\ai-coding\data\ebons\REWE-ebon1.pdf'

      12 | /** Import a PDF via the API directly (faster than UI upload for setup). */
      13 | async function importPdf(request: import("@playwright/test").APIRequestContext, pdfPath: string) {
    > 14 |   const pdfBuffer = fs.readFileSync(pdfPath)
         |                        ^
      15 |   const filename = path.basename(pdfPath)
      16 |   await request.post("/api/import", {
      17 |     multipart: {
        at importPdf (C:\Users\Flo\.antigravity\repos\ex_bon\ai-coding\tests\PROJ-2-bon-uebersicht.spec.ts:14:24)
        at ensureBonsImported (C:\Users\Flo\.antigravity\repos\ex_bon\ai-coding\tests\PROJ-2-bon-uebersicht.spec.ts:25:9)
        at C:\Users\Flo\.antigravity\repos\ex_bon\ai-coding\tests\PROJ-2-bon-uebersicht.spec.ts:117:11


[1A[2K[149/718] [chromium] › tests\PROJ-2-bon-uebersicht.spec.ts:139:7 › AC: Bon-Detailansicht › detail page shows bon header with date, store, payment
[1A[2K  111) [chromium] › tests\PROJ-2-bon-uebersicht.spec.ts:139:7 › AC: Bon-Detailansicht › detail page shows bon header with date, store, payment 

    Error: ENOENT: no such file or directory, open 'C:\Users\Flo\.antigravity\repos\ex_bon\ai-coding\data\ebons\REWE-ebon1.pdf'

      12 | /** Import a PDF via the API directly (faster than UI upload for setup). */
      13 | async function importPdf(request: import("@playwright/test").APIRequestContext, pdfPath: string) {
    > 14 |   const pdfBuffer = fs.readFileSync(pdfPath)
         |                        ^
      15 |   const filename = path.basename(pdfPath)
      16 |   await request.post("/api/import", {
      17 |     multipart: {
        at importPdf (C:\Users\Flo\.antigravity\repos\ex_bon\ai-coding\tests\PROJ-2-bon-uebersicht.spec.ts:14:24)
        at ensureBonsImported (C:\Users\Flo\.antigravity\repos\ex_bon\ai-coding\tests\PROJ-2-bon-uebersicht.spec.ts:25:9)
        at C:\Users\Flo\.antigravity\repos\ex_bon\ai-coding\tests\PROJ-2-bon-uebersicht.spec.ts:136:11


[1A[2K[150/718] [chromium] › tests\PROJ-2-bon-uebersicht.spec.ts:151:7 › AC: Bon-Detailansicht › detail page shows product items with prices
[1A[2K  112) [chromium] › tests\PROJ-2-bon-uebersicht.spec.ts:151:7 › AC: Bon-Detailansicht › detail page shows product items with prices 

    Error: ENOENT: no such file or directory, open 'C:\Users\Flo\.antigravity\repos\ex_bon\ai-coding\data\ebons\REWE-ebon1.pdf'

      12 | /** Import a PDF via the API directly (faster than UI upload for setup). */
      13 | async function importPdf(request: import("@playwright/test").APIRequestContext, pdfPath: string) {
    > 14 |   const pdfBuffer = fs.readFileSync(pdfPath)
         |                        ^
      15 |   const filename = path.basename(pdfPath)
      16 |   await request.post("/api/import", {
      17 |     multipart: {
        at importPdf (C:\Users\Flo\.antigravity\repos\ex_bon\ai-coding\tests\PROJ-2-bon-uebersicht.spec.ts:14:24)
        at ensureBonsImported (C:\Users\Flo\.antigravity\repos\ex_bon\ai-coding\tests\PROJ-2-bon-uebersicht.spec.ts:25:9)
        at C:\Users\Flo\.antigravity\repos\ex_bon\ai-coding\tests\PROJ-2-bon-uebersicht.spec.ts:136:11


[1A[2K[151/718] [chromium] › tests\PROJ-2-bon-uebersicht.spec.ts:161:7 › AC: Bon-Detailansicht › detail page shows MwSt breakdown
[1A[2K  113) [chromium] › tests\PROJ-2-bon-uebersicht.spec.ts:161:7 › AC: Bon-Detailansicht › detail page shows MwSt breakdown 

    Error: ENOENT: no such file or directory, open 'C:\Users\Flo\.antigravity\repos\ex_bon\ai-coding\data\ebons\REWE-ebon1.pdf'

      12 | /** Import a PDF via the API directly (faster than UI upload for setup). */
      13 | async function importPdf(request: import("@playwright/test").APIRequestContext, pdfPath: string) {
    > 14 |   const pdfBuffer = fs.readFileSync(pdfPath)
         |                        ^
      15 |   const filename = path.basename(pdfPath)
      16 |   await request.post("/api/import", {
      17 |     multipart: {
        at importPdf (C:\Users\Flo\.antigravity\repos\ex_bon\ai-coding\tests\PROJ-2-bon-uebersicht.spec.ts:14:24)
        at ensureBonsImported (C:\Users\Flo\.antigravity\repos\ex_bon\ai-coding\tests\PROJ-2-bon-uebersicht.spec.ts:25:9)
        at C:\Users\Flo\.antigravity\repos\ex_bon\ai-coding\tests\PROJ-2-bon-uebersicht.spec.ts:136:11


[1A[2K[152/718] [chromium] › tests\PROJ-2-bon-uebersicht.spec.ts:173:7 › AC: Bon-Detailansicht › detail page has back link to overview
[1A[2K  114) [chromium] › tests\PROJ-2-bon-uebersicht.spec.ts:173:7 › AC: Bon-Detailansicht › detail page has back link to overview 

    Error: ENOENT: no such file or directory, open 'C:\Users\Flo\.antigravity\repos\ex_bon\ai-coding\data\ebons\REWE-ebon1.pdf'

      12 | /** Import a PDF via the API directly (faster than UI upload for setup). */
      13 | async function importPdf(request: import("@playwright/test").APIRequestContext, pdfPath: string) {
    > 14 |   const pdfBuffer = fs.readFileSync(pdfPath)
         |                        ^
      15 |   const filename = path.basename(pdfPath)
      16 |   await request.post("/api/import", {
      17 |     multipart: {
        at importPdf (C:\Users\Flo\.antigravity\repos\ex_bon\ai-coding\tests\PROJ-2-bon-uebersicht.spec.ts:14:24)
        at ensureBonsImported (C:\Users\Flo\.antigravity\repos\ex_bon\ai-coding\tests\PROJ-2-bon-uebersicht.spec.ts:25:9)
        at C:\Users\Flo\.antigravity\repos\ex_bon\ai-coding\tests\PROJ-2-bon-uebersicht.spec.ts:136:11


[1A[2K[153/718] [chromium] › tests\PROJ-2-bon-uebersicht.spec.ts:183:7 › AC: Bon-Detailansicht › detail page shows delete button with confirmation dialog
[1A[2K  115) [chromium] › tests\PROJ-2-bon-uebersicht.spec.ts:183:7 › AC: Bon-Detailansicht › detail page shows delete button with confirmation dialog 

    Error: ENOENT: no such file or directory, open 'C:\Users\Flo\.antigravity\repos\ex_bon\ai-coding\data\ebons\REWE-ebon1.pdf'

      12 | /** Import a PDF via the API directly (faster than UI upload for setup). */
      13 | async function importPdf(request: import("@playwright/test").APIRequestContext, pdfPath: string) {
    > 14 |   const pdfBuffer = fs.readFileSync(pdfPath)
         |                        ^
      15 |   const filename = path.basename(pdfPath)
      16 |   await request.post("/api/import", {
      17 |     multipart: {
        at importPdf (C:\Users\Flo\.antigravity\repos\ex_bon\ai-coding\tests\PROJ-2-bon-uebersicht.spec.ts:14:24)
        at ensureBonsImported (C:\Users\Flo\.antigravity\repos\ex_bon\ai-coding\tests\PROJ-2-bon-uebersicht.spec.ts:25:9)
        at C:\Users\Flo\.antigravity\repos\ex_bon\ai-coding\tests\PROJ-2-bon-uebersicht.spec.ts:136:11


[1A[2K[154/718] [chromium] › tests\PROJ-2-bon-uebersicht.spec.ts:208:7 › AC: Bon löschen › deleting a bon redirects to overview and removes it from list
[1A[2K  116) [chromium] › tests\PROJ-2-bon-uebersicht.spec.ts:208:7 › AC: Bon löschen › deleting a bon redirects to overview and removes it from list 

    Error: ENOENT: no such file or directory, open 'C:\Users\Flo\.antigravity\repos\ex_bon\ai-coding\data\ebons\REWE-ebon1.pdf'

      12 | /** Import a PDF via the API directly (faster than UI upload for setup). */
      13 | async function importPdf(request: import("@playwright/test").APIRequestContext, pdfPath: string) {
    > 14 |   const pdfBuffer = fs.readFileSync(pdfPath)
         |                        ^
      15 |   const filename = path.basename(pdfPath)
      16 |   await request.post("/api/import", {
      17 |     multipart: {
        at importPdf (C:\Users\Flo\.antigravity\repos\ex_bon\ai-coding\tests\PROJ-2-bon-uebersicht.spec.ts:14:24)
        at ensureBonsImported (C:\Users\Flo\.antigravity\repos\ex_bon\ai-coding\tests\PROJ-2-bon-uebersicht.spec.ts:25:9)
        at C:\Users\Flo\.antigravity\repos\ex_bon\ai-coding\tests\PROJ-2-bon-uebersicht.spec.ts:205:11


[1A[2K[155/718] [chromium] › tests\PROJ-2-bon-uebersicht.spec.ts:239:7 › AC: API /api/bons › GET /api/bons returns list with summary stats
[1A[2K  117) [chromium] › tests\PROJ-2-bon-uebersicht.spec.ts:239:7 › AC: API /api/bons › GET /api/bons returns list with summary stats 

    Error: ENOENT: no such file or directory, open 'C:\Users\Flo\.antigravity\repos\ex_bon\ai-coding\data\ebons\REWE-ebon1.pdf'

      12 | /** Import a PDF via the API directly (faster than UI upload for setup). */
      13 | async function importPdf(request: import("@playwright/test").APIRequestContext, pdfPath: string) {
    > 14 |   const pdfBuffer = fs.readFileSync(pdfPath)
         |                        ^
      15 |   const filename = path.basename(pdfPath)
      16 |   await request.post("/api/import", {
      17 |     multipart: {
        at importPdf (C:\Users\Flo\.antigravity\repos\ex_bon\ai-coding\tests\PROJ-2-bon-uebersicht.spec.ts:14:24)
        at ensureBonsImported (C:\Users\Flo\.antigravity\repos\ex_bon\ai-coding\tests\PROJ-2-bon-uebersicht.spec.ts:25:9)
        at C:\Users\Flo\.antigravity\repos\ex_bon\ai-coding\tests\PROJ-2-bon-uebersicht.spec.ts:236:11


[1A[2K[156/718] [chromium] › tests\PROJ-2-bon-uebersicht.spec.ts:248:7 › AC: API /api/bons › GET /api/bons with date filter works
[1A[2K  118) [chromium] › tests\PROJ-2-bon-uebersicht.spec.ts:248:7 › AC: API /api/bons › GET /api/bons with date filter works 

    Error: ENOENT: no such file or directory, open 'C:\Users\Flo\.antigravity\repos\ex_bon\ai-coding\data\ebons\REWE-ebon1.pdf'

      12 | /** Import a PDF via the API directly (faster than UI upload for setup). */
      13 | async function importPdf(request: import("@playwright/test").APIRequestContext, pdfPath: string) {
    > 14 |   const pdfBuffer = fs.readFileSync(pdfPath)
         |                        ^
      15 |   const filename = path.basename(pdfPath)
      16 |   await request.post("/api/import", {
      17 |     multipart: {
        at importPdf (C:\Users\Flo\.antigravity\repos\ex_bon\ai-coding\tests\PROJ-2-bon-uebersicht.spec.ts:14:24)
        at ensureBonsImported (C:\Users\Flo\.antigravity\repos\ex_bon\ai-coding\tests\PROJ-2-bon-uebersicht.spec.ts:25:9)
        at C:\Users\Flo\.antigravity\repos\ex_bon\ai-coding\tests\PROJ-2-bon-uebersicht.spec.ts:236:11


[1A[2K[157/718] [chromium] › tests\PROJ-2-bon-uebersicht.spec.ts:258:7 › AC: API /api/bons › GET /api/bons/[id] returns full detail
[1A[2K  119) [chromium] › tests\PROJ-2-bon-uebersicht.spec.ts:258:7 › AC: API /api/bons › GET /api/bons/[id] returns full detail 

    Error: ENOENT: no such file or directory, open 'C:\Users\Flo\.antigravity\repos\ex_bon\ai-coding\data\ebons\REWE-ebon1.pdf'

      12 | /** Import a PDF via the API directly (faster than UI upload for setup). */
      13 | async function importPdf(request: import("@playwright/test").APIRequestContext, pdfPath: string) {
    > 14 |   const pdfBuffer = fs.readFileSync(pdfPath)
         |                        ^
      15 |   const filename = path.basename(pdfPath)
      16 |   await request.post("/api/import", {
      17 |     multipart: {
        at importPdf (C:\Users\Flo\.antigravity\repos\ex_bon\ai-coding\tests\PROJ-2-bon-uebersicht.spec.ts:14:24)
        at ensureBonsImported (C:\Users\Flo\.antigravity\repos\ex_bon\ai-coding\tests\PROJ-2-bon-uebersicht.spec.ts:25:9)
        at C:\Users\Flo\.antigravity\repos\ex_bon\ai-coding\tests\PROJ-2-bon-uebersicht.spec.ts:236:11


[1A[2K[158/718] [chromium] › tests\PROJ-2-bon-uebersicht.spec.ts:274:7 › AC: API /api/bons › GET /api/bons/999999 returns 404
[1A[2K  120) [chromium] › tests\PROJ-2-bon-uebersicht.spec.ts:274:7 › AC: API /api/bons › GET /api/bons/999999 returns 404 

    Error: ENOENT: no such file or directory, open 'C:\Users\Flo\.antigravity\repos\ex_bon\ai-coding\data\ebons\REWE-ebon1.pdf'

      12 | /** Import a PDF via the API directly (faster than UI upload for setup). */
      13 | async function importPdf(request: import("@playwright/test").APIRequestContext, pdfPath: string) {
    > 14 |   const pdfBuffer = fs.readFileSync(pdfPath)
         |                        ^
      15 |   const filename = path.basename(pdfPath)
      16 |   await request.post("/api/import", {
      17 |     multipart: {
        at importPdf (C:\Users\Flo\.antigravity\repos\ex_bon\ai-coding\tests\PROJ-2-bon-uebersicht.spec.ts:14:24)
        at ensureBonsImported (C:\Users\Flo\.antigravity\repos\ex_bon\ai-coding\tests\PROJ-2-bon-uebersicht.spec.ts:25:9)
        at C:\Users\Flo\.antigravity\repos\ex_bon\ai-coding\tests\PROJ-2-bon-uebersicht.spec.ts:236:11


[1A[2K[159/718] [chromium] › tests\PROJ-2-bon-uebersicht.spec.ts:279:7 › AC: API /api/bons › DELETE /api/bons/999999 returns 404
[1A[2K  121) [chromium] › tests\PROJ-2-bon-uebersicht.spec.ts:279:7 › AC: API /api/bons › DELETE /api/bons/999999 returns 404 

    Error: ENOENT: no such file or directory, open 'C:\Users\Flo\.antigravity\repos\ex_bon\ai-coding\data\ebons\REWE-ebon1.pdf'

      12 | /** Import a PDF via the API directly (faster than UI upload for setup). */
      13 | async function importPdf(request: import("@playwright/test").APIRequestContext, pdfPath: string) {
    > 14 |   const pdfBuffer = fs.readFileSync(pdfPath)
         |                        ^
      15 |   const filename = path.basename(pdfPath)
      16 |   await request.post("/api/import", {
      17 |     multipart: {
        at importPdf (C:\Users\Flo\.antigravity\repos\ex_bon\ai-coding\tests\PROJ-2-bon-uebersicht.spec.ts:14:24)
        at ensureBonsImported (C:\Users\Flo\.antigravity\repos\ex_bon\ai-coding\tests\PROJ-2-bon-uebersicht.spec.ts:25:9)
        at C:\Users\Flo\.antigravity\repos\ex_bon\ai-coding\tests\PROJ-2-bon-uebersicht.spec.ts:236:11


[1A[2K[160/718] [chromium] › tests\PROJ-2-bon-uebersicht.spec.ts:284:7 › AC: API /api/bons › GET /api/bons/abc returns 400
[1A[2K  122) [chromium] › tests\PROJ-2-bon-uebersicht.spec.ts:284:7 › AC: API /api/bons › GET /api/bons/abc returns 400 

    Error: ENOENT: no such file or directory, open 'C:\Users\Flo\.antigravity\repos\ex_bon\ai-coding\data\ebons\REWE-ebon1.pdf'

      12 | /** Import a PDF via the API directly (faster than UI upload for setup). */
      13 | async function importPdf(request: import("@playwright/test").APIRequestContext, pdfPath: string) {
    > 14 |   const pdfBuffer = fs.readFileSync(pdfPath)
         |                        ^
      15 |   const filename = path.basename(pdfPath)
      16 |   await request.post("/api/import", {
      17 |     multipart: {
        at importPdf (C:\Users\Flo\.antigravity\repos\ex_bon\ai-coding\tests\PROJ-2-bon-uebersicht.spec.ts:14:24)
        at ensureBonsImported (C:\Users\Flo\.antigravity\repos\ex_bon\ai-coding\tests\PROJ-2-bon-uebersicht.spec.ts:25:9)
        at C:\Users\Flo\.antigravity\repos\ex_bon\ai-coding\tests\PROJ-2-bon-uebersicht.spec.ts:236:11


[1A[2K[161/718] [chromium] › tests\PROJ-2-bon-uebersicht.spec.ts:295:7 › Responsive: Mobile bon list › bon list is usable on mobile
[1A[2K  123) [chromium] › tests\PROJ-2-bon-uebersicht.spec.ts:295:7 › Responsive: Mobile bon list › bon list is usable on mobile 

    Error: ENOENT: no such file or directory, open 'C:\Users\Flo\.antigravity\repos\ex_bon\ai-coding\data\ebons\REWE-ebon1.pdf'

      12 | /** Import a PDF via the API directly (faster than UI upload for setup). */
      13 | async function importPdf(request: import("@playwright/test").APIRequestContext, pdfPath: string) {
    > 14 |   const pdfBuffer = fs.readFileSync(pdfPath)
         |                        ^
      15 |   const filename = path.basename(pdfPath)
      16 |   await request.post("/api/import", {
      17 |     multipart: {
        at importPdf (C:\Users\Flo\.antigravity\repos\ex_bon\ai-coding\tests\PROJ-2-bon-uebersicht.spec.ts:14:24)
        at ensureBonsImported (C:\Users\Flo\.antigravity\repos\ex_bon\ai-coding\tests\PROJ-2-bon-uebersicht.spec.ts:25:9)
        at C:\Users\Flo\.antigravity\repos\ex_bon\ai-coding\tests\PROJ-2-bon-uebersicht.spec.ts:296:11


[1A[2K[162/718] [chromium] › tests\PROJ-20-avis-bon-review.spec.ts:50:7 › PROJ-20: AVIS-Status & Alias-Review in Bon-Ansicht › US1: Bon-Liste zeigt AVIS-Badge für Bons ohne AVIS als null
[1A[2K  124) [chromium] › tests\PROJ-20-avis-bon-review.spec.ts:50:7 › PROJ-20: AVIS-Status & Alias-Review in Bon-Ansicht › US1: Bon-Liste zeigt AVIS-Badge für Bons ohne AVIS als null 

    Error: ENOENT: no such file or directory, open 'C:\Users\Flo\.antigravity\repos\ex_bon\ai-coding\data\ebons\REWE-ebon1.pdf'

      14 |
      15 | async function importPdf(request: import("@playwright/test").APIRequestContext, pdfPath: string) {
    > 16 |   const pdfBuffer = fs.readFileSync(pdfPath)
         |                        ^
      17 |   const filename = path.basename(pdfPath)
      18 |   await request.post("/api/import", {
      19 |     multipart: {
        at importPdf (C:\Users\Flo\.antigravity\repos\ex_bon\ai-coding\tests\PROJ-20-avis-bon-review.spec.ts:16:24)
        at ensureBonsImported (C:\Users\Flo\.antigravity\repos\ex_bon\ai-coding\tests\PROJ-20-avis-bon-review.spec.ts:37:9)
        at C:\Users\Flo\.antigravity\repos\ex_bon\ai-coding\tests\PROJ-20-avis-bon-review.spec.ts:47:11


[1A[2K[163/718] [chromium] › tests\PROJ-20-avis-bon-review.spec.ts:70:7 › PROJ-20: AVIS-Status & Alias-Review in Bon-Ansicht › US1: AVIS-Badge zeigt 'AVIS ⚠' für Bons mit pending Matches
[1A[2K  125) [chromium] › tests\PROJ-20-avis-bon-review.spec.ts:70:7 › PROJ-20: AVIS-Status & Alias-Review in Bon-Ansicht › US1: AVIS-Badge zeigt 'AVIS ⚠' für Bons mit pending Matches 

    Error: ENOENT: no such file or directory, open 'C:\Users\Flo\.antigravity\repos\ex_bon\ai-coding\data\ebons\REWE-ebon1.pdf'

      14 |
      15 | async function importPdf(request: import("@playwright/test").APIRequestContext, pdfPath: string) {
    > 16 |   const pdfBuffer = fs.readFileSync(pdfPath)
         |                        ^
      17 |   const filename = path.basename(pdfPath)
      18 |   await request.post("/api/import", {
      19 |     multipart: {
        at importPdf (C:\Users\Flo\.antigravity\repos\ex_bon\ai-coding\tests\PROJ-20-avis-bon-review.spec.ts:16:24)
        at ensureBonsImported (C:\Users\Flo\.antigravity\repos\ex_bon\ai-coding\tests\PROJ-20-avis-bon-review.spec.ts:37:9)
        at C:\Users\Flo\.antigravity\repos\ex_bon\ai-coding\tests\PROJ-20-avis-bon-review.spec.ts:47:11


[1A[2K[164/718] [chromium] › tests\PROJ-20-avis-bon-review.spec.ts:91:7 › PROJ-20: AVIS-Status & Alias-Review in Bon-Ansicht › US1: AVIS-Badge zeigt 'AVIS ✓' für Bons mit allen confirmed Matches
[1A[2K  126) [chromium] › tests\PROJ-20-avis-bon-review.spec.ts:91:7 › PROJ-20: AVIS-Status & Alias-Review in Bon-Ansicht › US1: AVIS-Badge zeigt 'AVIS ✓' für Bons mit allen confirmed Matches 

    Error: ENOENT: no such file or directory, open 'C:\Users\Flo\.antigravity\repos\ex_bon\ai-coding\data\ebons\REWE-ebon1.pdf'

      14 |
      15 | async function importPdf(request: import("@playwright/test").APIRequestContext, pdfPath: string) {
    > 16 |   const pdfBuffer = fs.readFileSync(pdfPath)
         |                        ^
      17 |   const filename = path.basename(pdfPath)
      18 |   await request.post("/api/import", {
      19 |     multipart: {
        at importPdf (C:\Users\Flo\.antigravity\repos\ex_bon\ai-coding\tests\PROJ-20-avis-bon-review.spec.ts:16:24)
        at ensureBonsImported (C:\Users\Flo\.antigravity\repos\ex_bon\ai-coding\tests\PROJ-20-avis-bon-review.spec.ts:37:9)
        at C:\Users\Flo\.antigravity\repos\ex_bon\ai-coding\tests\PROJ-20-avis-bon-review.spec.ts:47:11


[1A[2K[165/718] [chromium] › tests\PROJ-20-avis-bon-review.spec.ts:108:7 › PROJ-20: AVIS-Status & Alias-Review in Bon-Ansicht › US1: AVIS-Badge ist klickbar und springt zur Bon-Detail-Ansicht
[1A[2K  127) [chromium] › tests\PROJ-20-avis-bon-review.spec.ts:108:7 › PROJ-20: AVIS-Status & Alias-Review in Bon-Ansicht › US1: AVIS-Badge ist klickbar und springt zur Bon-Detail-Ansicht 

    Error: ENOENT: no such file or directory, open 'C:\Users\Flo\.antigravity\repos\ex_bon\ai-coding\data\ebons\REWE-ebon1.pdf'

      14 |
      15 | async function importPdf(request: import("@playwright/test").APIRequestContext, pdfPath: string) {
    > 16 |   const pdfBuffer = fs.readFileSync(pdfPath)
         |                        ^
      17 |   const filename = path.basename(pdfPath)
      18 |   await request.post("/api/import", {
      19 |     multipart: {
        at importPdf (C:\Users\Flo\.antigravity\repos\ex_bon\ai-coding\tests\PROJ-20-avis-bon-review.spec.ts:16:24)
        at ensureBonsImported (C:\Users\Flo\.antigravity\repos\ex_bon\ai-coding\tests\PROJ-20-avis-bon-review.spec.ts:37:9)
        at C:\Users\Flo\.antigravity\repos\ex_bon\ai-coding\tests\PROJ-20-avis-bon-review.spec.ts:47:11


[1A[2K[166/718] [chromium] › tests\PROJ-20-avis-bon-review.spec.ts:130:7 › PROJ-20: AVIS-Status & Alias-Review in Bon-Ansicht › US2: Bon-Detail zeigt Match-Status Spalte mit Indikatoren
[1A[2K  128) [chromium] › tests\PROJ-20-avis-bon-review.spec.ts:130:7 › PROJ-20: AVIS-Status & Alias-Review in Bon-Ansicht › US2: Bon-Detail zeigt Match-Status Spalte mit Indikatoren 

    Error: ENOENT: no such file or directory, open 'C:\Users\Flo\.antigravity\repos\ex_bon\ai-coding\data\ebons\REWE-ebon1.pdf'

      14 |
      15 | async function importPdf(request: import("@playwright/test").APIRequestContext, pdfPath: string) {
    > 16 |   const pdfBuffer = fs.readFileSync(pdfPath)
         |                        ^
      17 |   const filename = path.basename(pdfPath)
      18 |   await request.post("/api/import", {
      19 |     multipart: {
        at importPdf (C:\Users\Flo\.antigravity\repos\ex_bon\ai-coding\tests\PROJ-20-avis-bon-review.spec.ts:16:24)
        at ensureBonsImported (C:\Users\Flo\.antigravity\repos\ex_bon\ai-coding\tests\PROJ-20-avis-bon-review.spec.ts:37:9)
        at C:\Users\Flo\.antigravity\repos\ex_bon\ai-coding\tests\PROJ-20-avis-bon-review.spec.ts:47:11


[1A[2K[167/718] [chromium] › tests\PROJ-20-avis-bon-review.spec.ts:159:7 › PROJ-20: AVIS-Status & Alias-Review in Bon-Ansicht › US3: Zu-bestätigen-Zeile zeigt AVIS-Name, Konfidenz und eBon-Namen
[1A[2K  129) [chromium] › tests\PROJ-20-avis-bon-review.spec.ts:159:7 › PROJ-20: AVIS-Status & Alias-Review in Bon-Ansicht › US3: Zu-bestätigen-Zeile zeigt AVIS-Name, Konfidenz und eBon-Namen 

    Error: ENOENT: no such file or directory, open 'C:\Users\Flo\.antigravity\repos\ex_bon\ai-coding\data\ebons\REWE-ebon1.pdf'

      14 |
      15 | async function importPdf(request: import("@playwright/test").APIRequestContext, pdfPath: string) {
    > 16 |   const pdfBuffer = fs.readFileSync(pdfPath)
         |                        ^
      17 |   const filename = path.basename(pdfPath)
      18 |   await request.post("/api/import", {
      19 |     multipart: {
        at importPdf (C:\Users\Flo\.antigravity\repos\ex_bon\ai-coding\tests\PROJ-20-avis-bon-review.spec.ts:16:24)
        at ensureBonsImported (C:\Users\Flo\.antigravity\repos\ex_bon\ai-coding\tests\PROJ-20-avis-bon-review.spec.ts:37:9)
        at C:\Users\Flo\.antigravity\repos\ex_bon\ai-coding\tests\PROJ-20-avis-bon-review.spec.ts:47:11


[1A[2K[168/718] [chromium] › tests\PROJ-20-avis-bon-review.spec.ts:195:7 › PROJ-20: AVIS-Status & Alias-Review in Bon-Ansicht › US3: Bestätigen-Button speichert Alias und aktualisiert Zeile
[1A[2K  130) [chromium] › tests\PROJ-20-avis-bon-review.spec.ts:195:7 › PROJ-20: AVIS-Status & Alias-Review in Bon-Ansicht › US3: Bestätigen-Button speichert Alias und aktualisiert Zeile 

    Error: ENOENT: no such file or directory, open 'C:\Users\Flo\.antigravity\repos\ex_bon\ai-coding\data\ebons\REWE-ebon1.pdf'

      14 |
      15 | async function importPdf(request: import("@playwright/test").APIRequestContext, pdfPath: string) {
    > 16 |   const pdfBuffer = fs.readFileSync(pdfPath)
         |                        ^
      17 |   const filename = path.basename(pdfPath)
      18 |   await request.post("/api/import", {
      19 |     multipart: {
        at importPdf (C:\Users\Flo\.antigravity\repos\ex_bon\ai-coding\tests\PROJ-20-avis-bon-review.spec.ts:16:24)
        at ensureBonsImported (C:\Users\Flo\.antigravity\repos\ex_bon\ai-coding\tests\PROJ-20-avis-bon-review.spec.ts:37:9)
        at C:\Users\Flo\.antigravity\repos\ex_bon\ai-coding\tests\PROJ-20-avis-bon-review.spec.ts:47:11


[1A[2K[169/718] [chromium] › tests\PROJ-20-avis-bon-review.spec.ts:236:7 › PROJ-20: AVIS-Status & Alias-Review in Bon-Ansicht › US3: Ablehnen-Button verwirft Match und aktualisiert Zeile
[1A[2K  131) [chromium] › tests\PROJ-20-avis-bon-review.spec.ts:236:7 › PROJ-20: AVIS-Status & Alias-Review in Bon-Ansicht › US3: Ablehnen-Button verwirft Match und aktualisiert Zeile 

    Error: ENOENT: no such file or directory, open 'C:\Users\Flo\.antigravity\repos\ex_bon\ai-coding\data\ebons\REWE-ebon1.pdf'

      14 |
      15 | async function importPdf(request: import("@playwright/test").APIRequestContext, pdfPath: string) {
    > 16 |   const pdfBuffer = fs.readFileSync(pdfPath)
         |                        ^
      17 |   const filename = path.basename(pdfPath)
      18 |   await request.post("/api/import", {
      19 |     multipart: {
        at importPdf (C:\Users\Flo\.antigravity\repos\ex_bon\ai-coding\tests\PROJ-20-avis-bon-review.spec.ts:16:24)
        at ensureBonsImported (C:\Users\Flo\.antigravity\repos\ex_bon\ai-coding\tests\PROJ-20-avis-bon-review.spec.ts:37:9)
        at C:\Users\Flo\.antigravity\repos\ex_bon\ai-coding\tests\PROJ-20-avis-bon-review.spec.ts:47:11


[1A[2K[170/718] [chromium] › tests\PROJ-20-avis-bon-review.spec.ts:277:7 › PROJ-20: AVIS-Status & Alias-Review in Bon-Ansicht › US4: Manuelle Aliases werden nicht im Review angezeigt
[1A[2K  132) [chromium] › tests\PROJ-20-avis-bon-review.spec.ts:277:7 › PROJ-20: AVIS-Status & Alias-Review in Bon-Ansicht › US4: Manuelle Aliases werden nicht im Review angezeigt 

    Error: ENOENT: no such file or directory, open 'C:\Users\Flo\.antigravity\repos\ex_bon\ai-coding\data\ebons\REWE-ebon1.pdf'

      14 |
      15 | async function importPdf(request: import("@playwright/test").APIRequestContext, pdfPath: string) {
    > 16 |   const pdfBuffer = fs.readFileSync(pdfPath)
         |                        ^
      17 |   const filename = path.basename(pdfPath)
      18 |   await request.post("/api/import", {
      19 |     multipart: {
        at importPdf (C:\Users\Flo\.antigravity\repos\ex_bon\ai-coding\tests\PROJ-20-avis-bon-review.spec.ts:16:24)
        at ensureBonsImported (C:\Users\Flo\.antigravity\repos\ex_bon\ai-coding\tests\PROJ-20-avis-bon-review.spec.ts:37:9)
        at C:\Users\Flo\.antigravity\repos\ex_bon\ai-coding\tests\PROJ-20-avis-bon-review.spec.ts:47:11


[1A[2K[171/718] [chromium] › tests\PROJ-20-avis-bon-review.spec.ts:307:7 › PROJ-20: AVIS-Status & Alias-Review in Bon-Ansicht › Edge Case: Bon mit AVIS aber keine Matches zeigt Badge 'AVIS ⊗'
[1A[2K  133) [chromium] › tests\PROJ-20-avis-bon-review.spec.ts:307:7 › PROJ-20: AVIS-Status & Alias-Review in Bon-Ansicht › Edge Case: Bon mit AVIS aber keine Matches zeigt Badge 'AVIS ⊗' 

    Error: ENOENT: no such file or directory, open 'C:\Users\Flo\.antigravity\repos\ex_bon\ai-coding\data\ebons\REWE-ebon1.pdf'

      14 |
      15 | async function importPdf(request: import("@playwright/test").APIRequestContext, pdfPath: string) {
    > 16 |   const pdfBuffer = fs.readFileSync(pdfPath)
         |                        ^
      17 |   const filename = path.basename(pdfPath)
      18 |   await request.post("/api/import", {
      19 |     multipart: {
        at importPdf (C:\Users\Flo\.antigravity\repos\ex_bon\ai-coding\tests\PROJ-20-avis-bon-review.spec.ts:16:24)
        at ensureBonsImported (C:\Users\Flo\.antigravity\repos\ex_bon\ai-coding\tests\PROJ-20-avis-bon-review.spec.ts:37:9)
        at C:\Users\Flo\.antigravity\repos\ex_bon\ai-coding\tests\PROJ-20-avis-bon-review.spec.ts:47:11


[1A[2K[172/718] [chromium] › tests\PROJ-20-avis-bon-review.spec.ts:329:7 › PROJ-20: AVIS-Status & Alias-Review in Bon-Ansicht › Edge Case: Nach Bestätigung wird AVIS-Badge in Bon-Liste aktualisiert
[1A[2K  134) [chromium] › tests\PROJ-20-avis-bon-review.spec.ts:329:7 › PROJ-20: AVIS-Status & Alias-Review in Bon-Ansicht › Edge Case: Nach Bestätigung wird AVIS-Badge in Bon-Liste aktualisiert 

    Error: ENOENT: no such file or directory, open 'C:\Users\Flo\.antigravity\repos\ex_bon\ai-coding\data\ebons\REWE-ebon1.pdf'

      14 |
      15 | async function importPdf(request: import("@playwright/test").APIRequestContext, pdfPath: string) {
    > 16 |   const pdfBuffer = fs.readFileSync(pdfPath)
         |                        ^
      17 |   const filename = path.basename(pdfPath)
      18 |   await request.post("/api/import", {
      19 |     multipart: {
        at importPdf (C:\Users\Flo\.antigravity\repos\ex_bon\ai-coding\tests\PROJ-20-avis-bon-review.spec.ts:16:24)
        at ensureBonsImported (C:\Users\Flo\.antigravity\repos\ex_bon\ai-coding\tests\PROJ-20-avis-bon-review.spec.ts:37:9)
        at C:\Users\Flo\.antigravity\repos\ex_bon\ai-coding\tests\PROJ-20-avis-bon-review.spec.ts:47:11


[1A[2K[173/718] [chromium] › tests\PROJ-23-multi-supermarkt.spec.ts:50:7 › AC-12: Paperless env vars optional › sync returns 503 when Paperless not configured
[1A[2K  135) [chromium] › tests\PROJ-23-multi-supermarkt.spec.ts:50:7 › AC-12: Paperless env vars optional › sync returns 503 when Paperless not configured 

    Error: [2mexpect([22m[31mreceived[39m[2m).[22mtoBe[2m([22m[32mexpected[39m[2m) // Object.is equality[22m

    Expected: [32mfalse[39m
    Received: [31mundefined[39m

      55 |     if (resp.status() === 503) {
      56 |       const body = await resp.json()
    > 57 |       expect(body.configured).toBe(false)
         |                               ^
      58 |       expect(body.message).toBeTruthy()
      59 |     }
      60 |   })
        at C:\Users\Flo\.antigravity\repos\ex_bon\ai-coding\tests\PROJ-23-multi-supermarkt.spec.ts:57:31


[1A[2K[174/718] [chromium] › tests\PROJ-23-multi-supermarkt.spec.ts:62:7 › AC-12: Paperless env vars optional › app homepage loads without Paperless configured
[1A[2K[175/718] [chromium] › tests\PROJ-23-multi-supermarkt.spec.ts:73:7 › AC-13: byChain response structure › sync response structure matches expected shape
[1A[2K  136) [chromium] › tests\PROJ-23-multi-supermarkt.spec.ts:73:7 › AC-13: byChain response structure › sync response structure matches expected shape 

    [31mTest timeout of 30000ms exceeded.[39m

    Error: apiRequestContext.post: Request context disposed.
    Call log:
    [2m  - → POST http://localhost:3000/api/paperless/sync[22m
    [2m    - user-agent: Mozilla/5.0 (Windows NT 10.0; Win64; x64) AppleWebKit/537.36 (KHTML, like Gecko) Chrome/145.0.7632.6 Safari/537.36[22m
    [2m    - accept: */*[22m
    [2m    - accept-encoding: gzip,deflate,br[22m


      72 | test.describe("AC-13: byChain response structure", () => {
      73 |   test("sync response structure matches expected shape", async ({ request }) => {
    > 74 |     const resp = await request.post("/api/paperless/sync")
         |                                ^
      75 |     const status = resp.status()
      76 |
      77 |     if (status === 503) {
        at C:\Users\Flo\.antigravity\repos\ex_bon\ai-coding\tests\PROJ-23-multi-supermarkt.spec.ts:74:32


[1A[2K[176/718] [chromium] › tests\PROJ-23-multi-supermarkt.spec.ts:95:7 › AC-8: store_chain in bons API response › GET /api/bons includes store_chain for each bon
[1A[2K[177/718] [chromium] › tests\PROJ-23-multi-supermarkt.spec.ts:113:7 › AC-9: Store badges in bon list › REWE badge shows red for REWE bon
[1A[2K[178/718] [chromium] › tests\PROJ-23-multi-supermarkt.spec.ts:129:7 › AC-9: Store badges in bon list › Lidl badge shows yellow for Lidl bon
[1A[2K  137) [chromium] › tests\PROJ-23-multi-supermarkt.spec.ts:129:7 › AC-9: Store badges in bon list › Lidl badge shows yellow for Lidl bon 

    Error: [2mexpect([22m[31mlocator[39m[2m).[22mtoHaveClass[2m([22m[32mexpected[39m[2m)[22m failed

    Locator: getByText('Lidl')
    Expected pattern: [32m/yellow/[39m
    Received string:  [31m"p-4 align-middle [&:has([role=checkbox])]:pr-0 max-w-[200px] truncate"[39m
    Timeout: 5000ms

    Call log:
    [2m  - Expect "toHaveClass" with timeout 5000ms[22m
    [2m  - waiting for getByText('Lidl')[22m
    [2m    9 × locator resolved to <td class="p-4 align-middle [&:has([role=checkbox])]:pr-0 max-w-[200px] truncate">LIDL</td>[22m
    [2m      - unexpected value "p-4 align-middle [&:has([role=checkbox])]:pr-0 max-w-[200px] truncate"[22m


      142 |     await expect(page.getByText("Lidl")).toBeVisible()
      143 |     const lidlBadge = page.getByText("Lidl")
    > 144 |     await expect(lidlBadge).toHaveClass(/yellow/)
          |                             ^
      145 |   })
      146 |
      147 |   test("Kaufland badge shows dark for Kaufland bon", async ({ page }) => {
        at C:\Users\Flo\.antigravity\repos\ex_bon\ai-coding\tests\PROJ-23-multi-supermarkt.spec.ts:144:29

    Error Context: test-results\PROJ-23-multi-supermarkt-A-a1e6b-e-shows-yellow-for-Lidl-bon-chromium\error-context.md


[1A[2K[179/718] [chromium] › tests\PROJ-23-multi-supermarkt.spec.ts:147:7 › AC-9: Store badges in bon list › Kaufland badge shows dark for Kaufland bon
[1A[2K  138) [chromium] › tests\PROJ-23-multi-supermarkt.spec.ts:147:7 › AC-9: Store badges in bon list › Kaufland badge shows dark for Kaufland bon 

    Error: [2mexpect([22m[31mlocator[39m[2m).[22mtoHaveClass[2m([22m[32mexpected[39m[2m)[22m failed

    Locator: getByText('Kaufland')
    Expected pattern: [32m/gray-800/[39m
    Received string:  [31m"p-4 align-middle [&:has([role=checkbox])]:pr-0 max-w-[200px] truncate"[39m
    Timeout: 5000ms

    Call log:
    [2m  - Expect "toHaveClass" with timeout 5000ms[22m
    [2m  - waiting for getByText('Kaufland')[22m
    [2m    9 × locator resolved to <td class="p-4 align-middle [&:has([role=checkbox])]:pr-0 max-w-[200px] truncate">KAUFLAND</td>[22m
    [2m      - unexpected value "p-4 align-middle [&:has([role=checkbox])]:pr-0 max-w-[200px] truncate"[22m


      160 |     await expect(page.getByText("Kaufland")).toBeVisible()
      161 |     const kauflandBadge = page.getByText("Kaufland")
    > 162 |     await expect(kauflandBadge).toHaveClass(/gray-800/)
          |                                 ^
      163 |   })
      164 |
      165 |   test("mixed bon list shows all three chain badges", async ({ page }) => {
        at C:\Users\Flo\.antigravity\repos\ex_bon\ai-coding\tests\PROJ-23-multi-supermarkt.spec.ts:162:33

    Error Context: test-results\PROJ-23-multi-supermarkt-A-2de39-shows-dark-for-Kaufland-bon-chromium\error-context.md


[1A[2K[180/718] [chromium] › tests\PROJ-23-multi-supermarkt.spec.ts:165:7 › AC-9: Store badges in bon list › mixed bon list shows all three chain badges
[1A[2K[181/718] [chromium] › tests\PROJ-23-multi-supermarkt.spec.ts:187:7 › AC-11: AVIS elements only for REWE › REWE bon shows AVIS status (or empty AVIS cell)
[1A[2K[182/718] [chromium] › tests\PROJ-23-multi-supermarkt.spec.ts:204:7 › AC-11: AVIS elements only for REWE › Lidl bon row has no AVIS status badge
[1A[2K[183/718] [chromium] › tests\PROJ-23-multi-supermarkt.spec.ts:223:7 › AC-11: AVIS elements only for REWE › Kaufland bon row has no AVIS status badge
[1A[2K[184/718] [chromium] › tests\PROJ-23-multi-supermarkt.spec.ts:265:7 › AC-10: Store badge in bon-detail › Lidl bon-detail shows Lidl badge next to store name
[1A[2K[185/718] [chromium] › tests\PROJ-23-multi-supermarkt.spec.ts:277:7 › AC-10: Store badge in bon-detail › Lidl bon-detail has no AVIS column in items table
[1A[2K[186/718] [chromium] › tests\PROJ-23-multi-supermarkt.spec.ts:292:7 › AC-10: Store badge in bon-detail › Kaufland bon-detail has no AVIS elements
[1A[2K[187/718] [chromium] › tests\PROJ-23-multi-supermarkt.spec.ts:318:7 › AC-3/AC-4: Parser format validation › Lidl PDF with valid format can be read (unit parser coverage)
[1A[2K  139) [chromium] › tests\PROJ-23-multi-supermarkt.spec.ts:318:7 › AC-3/AC-4: Parser format validation › Lidl PDF with valid format can be read (unit parser coverage) 

    [31mTest timeout of 30000ms exceeded.[39m

    Error: apiRequestContext.post: Request context disposed.
    Call log:
    [2m  - → POST http://localhost:3000/api/paperless/sync[22m
    [2m    - user-agent: Mozilla/5.0 (Windows NT 10.0; Win64; x64) AppleWebKit/537.36 (KHTML, like Gecko) Chrome/145.0.7632.6 Safari/537.36[22m
    [2m    - accept: */*[22m
    [2m    - accept-encoding: gzip,deflate,br[22m


      323 |     // Since we can't mock the Paperless server from E2E, this is covered by unit tests.
      324 |     // Structural test: verify the sync route exists and responds
    > 325 |     const resp = await request.post("/api/paperless/sync")
          |                                ^
      326 |     expect([200, 503, 401]).toContain(resp.status())
      327 |   })
      328 | })
        at C:\Users\Flo\.antigravity\repos\ex_bon\ai-coding\tests\PROJ-23-multi-supermarkt.spec.ts:325:32


[1A[2K[188/718] [chromium] › tests\PROJ-23-multi-supermarkt.spec.ts:333:7 › AC-7: Duplicate detection per chain › GET /api/bons returns bons sorted by date desc
[1A[2K[189/718] [chromium] › tests\PROJ-23-multi-supermarkt.spec.ts:351:7 › Responsive: Mobile layout with badges › store badges are visible on mobile
[1A[2K[190/718] [chromium] › tests\proj-26-alias.spec.ts:15:7 › AC: Alias API (CRUD) › POST creates alias and returns success
[1A[2K[191/718] [chromium] › tests\proj-26-alias.spec.ts:31:7 › AC: Alias API (CRUD) › POST returns 400 when beschreibung is missing
[1A[2K[192/718] [chromium] › tests\proj-26-alias.spec.ts:38:7 › AC: Alias API (CRUD) › POST returns 400 when alias is empty
[1A[2K[193/718] [chromium] › tests\proj-26-alias.spec.ts:45:7 › AC: Alias API (CRUD) › DELETE removes alias
[1A[2K[194/718] [chromium] › tests\proj-26-alias.spec.ts:60:7 › AC: Alias API (CRUD) › DELETE is idempotent for non-existent alias
[1A[2K[195/718] [chromium] › tests\proj-26-alias.spec.ts:71:7 › AC: Hide API (toggle) › PATCH returns 400 for non-numeric ID
[1A[2K[196/718] [chromium] › tests\proj-26-alias.spec.ts:76:7 › AC: Hide API (toggle) › PATCH returns 404 for non-existent transaction
[1A[2K  140) [chromium] › tests\proj-26-alias.spec.ts:76:7 › AC: Hide API (toggle) › PATCH returns 404 for non-existent transaction 

    Error: [2mexpect([22m[31mreceived[39m[2m).[22mtoBe[2m([22m[32mexpected[39m[2m) // Object.is equality[22m

    Expected: [32m404[39m
    Received: [31m400[39m

      76 |   test("PATCH returns 404 for non-existent transaction", async ({ request }) => {
      77 |     const res = await request.fetch("/api/konto/transactions/999999/hide", { method: "PATCH" })
    > 78 |     expect(res.status()).toBe(404)
         |                          ^
      79 |   })
      80 | })
      81 |
        at C:\Users\Flo\.antigravity\repos\ex_bon\ai-coding\tests\proj-26-alias.spec.ts:78:26


[1A[2K[197/718] [chromium] › tests\proj-26-alias.spec.ts:85:7 › AC: GET /api/konto/transactions hidden filter › default response excludes hidden=1 transactions
[1A[2K[198/718] [chromium] › tests\proj-26-alias.spec.ts:96:7 › AC: GET /api/konto/transactions hidden filter › ?hidden=1 returns only hidden transactions
[1A[2K[199/718] [chromium] › tests\proj-26-alias.spec.ts:105:7 › AC: GET /api/konto/transactions hidden filter › ?hidden=all returns transactions of both types
[1A[2K[200/718] [chromium] › tests\proj-26-alias.spec.ts:114:7 › AC: GET /api/konto/transactions hidden filter › response includes alias and logo_path fields
[1A[2K[201/718] [chromium] › tests\proj-26-alias.spec.ts:130:7 › AC: Alias visible in Kontoauszug page › Kontoauszug page loads without error
[1A[2K[202/718] [chromium] › tests\proj-26-alias.spec.ts:137:7 › AC: Alias visible in Kontoauszug page › Kontoauszug page has alias edit (pencil) buttons per transaction
[1A[2K[203/718] [chromium] › tests\proj-26-alias.spec.ts:151:7 › AC: Alias visible in Kontoauszug page › Alias dialog opens on pencil click
[1A[2K[204/718] [chromium] › tests\proj-26-alias.spec.ts:173:7 › AC: Alias visible in Kontoauszug page › Toggle hide button toggles transaction visibility
[1A[2K[205/718] [chromium] › tests\proj-26-alias.spec.ts:206:7 › AC: Alias visible in Kontoauszug page › Hidden filter toggle switches between active and hidden transactions
[1A[2K[206/718] [chromium] › tests\PROJ-28-pdf-viewer.spec.ts:7:7 › PROJ-28: PDF-Viewer in Bon-Detailansicht › AC-1: PDF button appears when paperless_doc_id is set
[1A[2K[207/718] [chromium] › tests\PROJ-28-pdf-viewer.spec.ts:15:7 › PROJ-28: PDF-Viewer in Bon-Detailansicht › AC-2: Clicking PDF button toggles the viewer
[1A[2K[208/718] [chromium] › tests\PROJ-28-pdf-viewer.spec.ts:34:7 › PROJ-28: PDF-Viewer in Bon-Detailansicht › AC-3: PDF viewer shows loading indicator while loading
[1A[2K[209/718] [chromium] › tests\PROJ-28-pdf-viewer.spec.ts:48:7 › PROJ-28: PDF-Viewer in Bon-Detailansicht › AC-4: PDF iframe src points to correct API endpoint
[1A[2K[210/718] [chromium] › tests\PROJ-28-pdf-viewer.spec.ts:61:7 › PROJ-28: PDF-Viewer in Bon-Detailansicht › AC-5: AVIS button does not appear for bons without AVIS data
[1A[2K[211/718] [chromium] › tests\PROJ-28-pdf-viewer.spec.ts:71:7 › PROJ-28: PDF-Viewer in Bon-Detailansicht › AC-6: PDF button closes when new PDF button is clicked (single viewer)
[1A[2K[212/718] [chromium] › tests\PROJ-3-produktdatenbank-alias.spec.ts:35:7 › AC: Produktliste › product page shows all unique products in a table
[1A[2K  141) [chromium] › tests\PROJ-3-produktdatenbank-alias.spec.ts:35:7 › AC: Produktliste › product page shows all unique products in a table 

    Error: ENOENT: no such file or directory, open 'C:\Users\Flo\.antigravity\repos\ex_bon\ai-coding\data\ebons\REWE-ebon1.pdf'

      11 |
      12 | async function importPdf(request: import("@playwright/test").APIRequestContext, pdfPath: string) {
    > 13 |   const pdfBuffer = fs.readFileSync(pdfPath)
         |                        ^
      14 |   const filename = path.basename(pdfPath)
      15 |   await request.post("/api/import", {
      16 |     multipart: {
        at importPdf (C:\Users\Flo\.antigravity\repos\ex_bon\ai-coding\tests\PROJ-3-produktdatenbank-alias.spec.ts:13:24)
        at ensureBonsImported (C:\Users\Flo\.antigravity\repos\ex_bon\ai-coding\tests\PROJ-3-produktdatenbank-alias.spec.ts:23:9)
        at C:\Users\Flo\.antigravity\repos\ex_bon\ai-coding\tests\PROJ-3-produktdatenbank-alias.spec.ts:32:11


[1A[2K[213/718] [chromium] › tests\PROJ-3-produktdatenbank-alias.spec.ts:45:7 › AC: Produktliste › each product row shows raw name and purchase count
[1A[2K  142) [chromium] › tests\PROJ-3-produktdatenbank-alias.spec.ts:45:7 › AC: Produktliste › each product row shows raw name and purchase count 

    Error: ENOENT: no such file or directory, open 'C:\Users\Flo\.antigravity\repos\ex_bon\ai-coding\data\ebons\REWE-ebon1.pdf'

      11 |
      12 | async function importPdf(request: import("@playwright/test").APIRequestContext, pdfPath: string) {
    > 13 |   const pdfBuffer = fs.readFileSync(pdfPath)
         |                        ^
      14 |   const filename = path.basename(pdfPath)
      15 |   await request.post("/api/import", {
      16 |     multipart: {
        at importPdf (C:\Users\Flo\.antigravity\repos\ex_bon\ai-coding\tests\PROJ-3-produktdatenbank-alias.spec.ts:13:24)
        at ensureBonsImported (C:\Users\Flo\.antigravity\repos\ex_bon\ai-coding\tests\PROJ-3-produktdatenbank-alias.spec.ts:23:9)
        at C:\Users\Flo\.antigravity\repos\ex_bon\ai-coding\tests\PROJ-3-produktdatenbank-alias.spec.ts:32:11


[1A[2K[214/718] [chromium] › tests\PROJ-3-produktdatenbank-alias.spec.ts:54:7 › AC: Produktliste › desktop shows price and date columns
[1A[2K  143) [chromium] › tests\PROJ-3-produktdatenbank-alias.spec.ts:54:7 › AC: Produktliste › desktop shows price and date columns 

    Error: ENOENT: no such file or directory, open 'C:\Users\Flo\.antigravity\repos\ex_bon\ai-coding\data\ebons\REWE-ebon1.pdf'

      11 |
      12 | async function importPdf(request: import("@playwright/test").APIRequestContext, pdfPath: string) {
    > 13 |   const pdfBuffer = fs.readFileSync(pdfPath)
         |                        ^
      14 |   const filename = path.basename(pdfPath)
      15 |   await request.post("/api/import", {
      16 |     multipart: {
        at importPdf (C:\Users\Flo\.antigravity\repos\ex_bon\ai-coding\tests\PROJ-3-produktdatenbank-alias.spec.ts:13:24)
        at ensureBonsImported (C:\Users\Flo\.antigravity\repos\ex_bon\ai-coding\tests\PROJ-3-produktdatenbank-alias.spec.ts:23:9)
        at C:\Users\Flo\.antigravity\repos\ex_bon\ai-coding\tests\PROJ-3-produktdatenbank-alias.spec.ts:32:11


[1A[2K[215/718] [chromium] › tests\PROJ-3-produktdatenbank-alias.spec.ts:64:7 › AC: Produktliste › summary header shows total product count
[1A[2K  144) [chromium] › tests\PROJ-3-produktdatenbank-alias.spec.ts:64:7 › AC: Produktliste › summary header shows total product count 

    Error: ENOENT: no such file or directory, open 'C:\Users\Flo\.antigravity\repos\ex_bon\ai-coding\data\ebons\REWE-ebon1.pdf'

      11 |
      12 | async function importPdf(request: import("@playwright/test").APIRequestContext, pdfPath: string) {
    > 13 |   const pdfBuffer = fs.readFileSync(pdfPath)
         |                        ^
      14 |   const filename = path.basename(pdfPath)
      15 |   await request.post("/api/import", {
      16 |     multipart: {
        at importPdf (C:\Users\Flo\.antigravity\repos\ex_bon\ai-coding\tests\PROJ-3-produktdatenbank-alias.spec.ts:13:24)
        at ensureBonsImported (C:\Users\Flo\.antigravity\repos\ex_bon\ai-coding\tests\PROJ-3-produktdatenbank-alias.spec.ts:23:9)
        at C:\Users\Flo\.antigravity\repos\ex_bon\ai-coding\tests\PROJ-3-produktdatenbank-alias.spec.ts:32:11


[1A[2K[216/718] [chromium] › tests\PROJ-3-produktdatenbank-alias.spec.ts:77:7 › AC: Produktsuche › search filters products in real time
[1A[2K  145) [chromium] › tests\PROJ-3-produktdatenbank-alias.spec.ts:77:7 › AC: Produktsuche › search filters products in real time 

    Error: ENOENT: no such file or directory, open 'C:\Users\Flo\.antigravity\repos\ex_bon\ai-coding\data\ebons\REWE-ebon1.pdf'

      11 |
      12 | async function importPdf(request: import("@playwright/test").APIRequestContext, pdfPath: string) {
    > 13 |   const pdfBuffer = fs.readFileSync(pdfPath)
         |                        ^
      14 |   const filename = path.basename(pdfPath)
      15 |   await request.post("/api/import", {
      16 |     multipart: {
        at importPdf (C:\Users\Flo\.antigravity\repos\ex_bon\ai-coding\tests\PROJ-3-produktdatenbank-alias.spec.ts:13:24)
        at ensureBonsImported (C:\Users\Flo\.antigravity\repos\ex_bon\ai-coding\tests\PROJ-3-produktdatenbank-alias.spec.ts:23:9)
        at C:\Users\Flo\.antigravity\repos\ex_bon\ai-coding\tests\PROJ-3-produktdatenbank-alias.spec.ts:74:11


[1A[2K[217/718] [chromium] › tests\PROJ-3-produktdatenbank-alias.spec.ts:97:7 › AC: Produktsuche › search empty state shows message and reset button
[1A[2K  146) [chromium] › tests\PROJ-3-produktdatenbank-alias.spec.ts:97:7 › AC: Produktsuche › search empty state shows message and reset button 

    Error: ENOENT: no such file or directory, open 'C:\Users\Flo\.antigravity\repos\ex_bon\ai-coding\data\ebons\REWE-ebon1.pdf'

      11 |
      12 | async function importPdf(request: import("@playwright/test").APIRequestContext, pdfPath: string) {
    > 13 |   const pdfBuffer = fs.readFileSync(pdfPath)
         |                        ^
      14 |   const filename = path.basename(pdfPath)
      15 |   await request.post("/api/import", {
      16 |     multipart: {
        at importPdf (C:\Users\Flo\.antigravity\repos\ex_bon\ai-coding\tests\PROJ-3-produktdatenbank-alias.spec.ts:13:24)
        at ensureBonsImported (C:\Users\Flo\.antigravity\repos\ex_bon\ai-coding\tests\PROJ-3-produktdatenbank-alias.spec.ts:23:9)
        at C:\Users\Flo\.antigravity\repos\ex_bon\ai-coding\tests\PROJ-3-produktdatenbank-alias.spec.ts:74:11


[1A[2K[218/718] [chromium] › tests\PROJ-3-produktdatenbank-alias.spec.ts:108:7 › AC: Produktsuche › search reset clears filter
[1A[2K  147) [chromium] › tests\PROJ-3-produktdatenbank-alias.spec.ts:108:7 › AC: Produktsuche › search reset clears filter 

    Error: ENOENT: no such file or directory, open 'C:\Users\Flo\.antigravity\repos\ex_bon\ai-coding\data\ebons\REWE-ebon1.pdf'

      11 |
      12 | async function importPdf(request: import("@playwright/test").APIRequestContext, pdfPath: string) {
    > 13 |   const pdfBuffer = fs.readFileSync(pdfPath)
         |                        ^
      14 |   const filename = path.basename(pdfPath)
      15 |   await request.post("/api/import", {
      16 |     multipart: {
        at importPdf (C:\Users\Flo\.antigravity\repos\ex_bon\ai-coding\tests\PROJ-3-produktdatenbank-alias.spec.ts:13:24)
        at ensureBonsImported (C:\Users\Flo\.antigravity\repos\ex_bon\ai-coding\tests\PROJ-3-produktdatenbank-alias.spec.ts:23:9)
        at C:\Users\Flo\.antigravity\repos\ex_bon\ai-coding\tests\PROJ-3-produktdatenbank-alias.spec.ts:74:11


[1A[2K[219/718] [chromium] › tests\PROJ-3-produktdatenbank-alias.spec.ts:132:7 › AC: Sortierung › sort buttons are visible and change sort order
[1A[2K  148) [chromium] › tests\PROJ-3-produktdatenbank-alias.spec.ts:132:7 › AC: Sortierung › sort buttons are visible and change sort order 

    Error: ENOENT: no such file or directory, open 'C:\Users\Flo\.antigravity\repos\ex_bon\ai-coding\data\ebons\REWE-ebon1.pdf'

      11 |
      12 | async function importPdf(request: import("@playwright/test").APIRequestContext, pdfPath: string) {
    > 13 |   const pdfBuffer = fs.readFileSync(pdfPath)
         |                        ^
      14 |   const filename = path.basename(pdfPath)
      15 |   await request.post("/api/import", {
      16 |     multipart: {
        at importPdf (C:\Users\Flo\.antigravity\repos\ex_bon\ai-coding\tests\PROJ-3-produktdatenbank-alias.spec.ts:13:24)
        at ensureBonsImported (C:\Users\Flo\.antigravity\repos\ex_bon\ai-coding\tests\PROJ-3-produktdatenbank-alias.spec.ts:23:9)
        at C:\Users\Flo\.antigravity\repos\ex_bon\ai-coding\tests\PROJ-3-produktdatenbank-alias.spec.ts:129:11


[1A[2K[220/718] [chromium] › tests\PROJ-3-produktdatenbank-alias.spec.ts:149:7 › AC: Sortierung › sort by last purchase triggers API call with correct param
[1A[2K  149) [chromium] › tests\PROJ-3-produktdatenbank-alias.spec.ts:149:7 › AC: Sortierung › sort by last purchase triggers API call with correct param 

    Error: ENOENT: no such file or directory, open 'C:\Users\Flo\.antigravity\repos\ex_bon\ai-coding\data\ebons\REWE-ebon1.pdf'

      11 |
      12 | async function importPdf(request: import("@playwright/test").APIRequestContext, pdfPath: string) {
    > 13 |   const pdfBuffer = fs.readFileSync(pdfPath)
         |                        ^
      14 |   const filename = path.basename(pdfPath)
      15 |   await request.post("/api/import", {
      16 |     multipart: {
        at importPdf (C:\Users\Flo\.antigravity\repos\ex_bon\ai-coding\tests\PROJ-3-produktdatenbank-alias.spec.ts:13:24)
        at ensureBonsImported (C:\Users\Flo\.antigravity\repos\ex_bon\ai-coding\tests\PROJ-3-produktdatenbank-alias.spec.ts:23:9)
        at C:\Users\Flo\.antigravity\repos\ex_bon\ai-coding\tests\PROJ-3-produktdatenbank-alias.spec.ts:129:11


[1A[2K[221/718] [chromium] › tests\PROJ-3-produktdatenbank-alias.spec.ts:181:7 › AC: Alias CRUD › clicking 'Alias setzen' opens inline edit input
[1A[2K  150) [chromium] › tests\PROJ-3-produktdatenbank-alias.spec.ts:181:7 › AC: Alias CRUD › clicking 'Alias setzen' opens inline edit input 

    Error: ENOENT: no such file or directory, open 'C:\Users\Flo\.antigravity\repos\ex_bon\ai-coding\data\ebons\REWE-ebon1.pdf'

      11 |
      12 | async function importPdf(request: import("@playwright/test").APIRequestContext, pdfPath: string) {
    > 13 |   const pdfBuffer = fs.readFileSync(pdfPath)
         |                        ^
      14 |   const filename = path.basename(pdfPath)
      15 |   await request.post("/api/import", {
      16 |     multipart: {
        at importPdf (C:\Users\Flo\.antigravity\repos\ex_bon\ai-coding\tests\PROJ-3-produktdatenbank-alias.spec.ts:13:24)
        at ensureBonsImported (C:\Users\Flo\.antigravity\repos\ex_bon\ai-coding\tests\PROJ-3-produktdatenbank-alias.spec.ts:23:9)
        at C:\Users\Flo\.antigravity\repos\ex_bon\ai-coding\tests\PROJ-3-produktdatenbank-alias.spec.ts:170:11


[1A[2K[222/718] [chromium] › tests\PROJ-3-produktdatenbank-alias.spec.ts:189:7 › AC: Alias CRUD › Escape cancels editing without saving
[1A[2K[223/718] [chromium] › tests\PROJ-3-produktdatenbank-alias.spec.ts:203:7 › AC: Alias CRUD › alias can be saved via Enter key
[1A[2K[224/718] [chromium] › tests\PROJ-3-produktdatenbank-alias.spec.ts:229:7 › AC: Alias CRUD › alias can be saved via check button
[1A[2K[225/718] [chromium] › tests\PROJ-3-produktdatenbank-alias.spec.ts:255:7 › AC: Alias CRUD › alias can be deleted via trash icon
[1A[2K[226/718] [chromium] › tests\PROJ-3-produktdatenbank-alias.spec.ts:279:7 › AC: Alias CRUD › alias persists after page reload
[1A[2K[227/718] [chromium] › tests\PROJ-3-produktdatenbank-alias.spec.ts:296:7 › AC: Alias CRUD › alias appears in bon detail view
[1A[2K[228/718] [chromium] › tests\PROJ-3-produktdatenbank-alias.spec.ts:327:7 › AC: API /api/produkte › GET /api/produkte returns products with correct structure
[1A[2K  151) [chromium] › tests\PROJ-3-produktdatenbank-alias.spec.ts:327:7 › AC: API /api/produkte › GET /api/produkte returns products with correct structure 

    Error: ENOENT: no such file or directory, open 'C:\Users\Flo\.antigravity\repos\ex_bon\ai-coding\data\ebons\REWE-ebon1.pdf'

      11 |
      12 | async function importPdf(request: import("@playwright/test").APIRequestContext, pdfPath: string) {
    > 13 |   const pdfBuffer = fs.readFileSync(pdfPath)
         |                        ^
      14 |   const filename = path.basename(pdfPath)
      15 |   await request.post("/api/import", {
      16 |     multipart: {
        at importPdf (C:\Users\Flo\.antigravity\repos\ex_bon\ai-coding\tests\PROJ-3-produktdatenbank-alias.spec.ts:13:24)
        at ensureBonsImported (C:\Users\Flo\.antigravity\repos\ex_bon\ai-coding\tests\PROJ-3-produktdatenbank-alias.spec.ts:23:9)
        at C:\Users\Flo\.antigravity\repos\ex_bon\ai-coding\tests\PROJ-3-produktdatenbank-alias.spec.ts:324:11


[1A[2K[229/718] [chromium] › tests\PROJ-3-produktdatenbank-alias.spec.ts:340:7 › AC: API /api/produkte › GET /api/produkte?sort=invalid returns 400
[1A[2K  152) [chromium] › tests\PROJ-3-produktdatenbank-alias.spec.ts:340:7 › AC: API /api/produkte › GET /api/produkte?sort=invalid returns 400 

    Error: ENOENT: no such file or directory, open 'C:\Users\Flo\.antigravity\repos\ex_bon\ai-coding\data\ebons\REWE-ebon1.pdf'

      11 |
      12 | async function importPdf(request: import("@playwright/test").APIRequestContext, pdfPath: string) {
    > 13 |   const pdfBuffer = fs.readFileSync(pdfPath)
         |                        ^
      14 |   const filename = path.basename(pdfPath)
      15 |   await request.post("/api/import", {
      16 |     multipart: {
        at importPdf (C:\Users\Flo\.antigravity\repos\ex_bon\ai-coding\tests\PROJ-3-produktdatenbank-alias.spec.ts:13:24)
        at ensureBonsImported (C:\Users\Flo\.antigravity\repos\ex_bon\ai-coding\tests\PROJ-3-produktdatenbank-alias.spec.ts:23:9)
        at C:\Users\Flo\.antigravity\repos\ex_bon\ai-coding\tests\PROJ-3-produktdatenbank-alias.spec.ts:324:11


[1A[2K[230/718] [chromium] › tests\PROJ-3-produktdatenbank-alias.spec.ts:345:7 › AC: API /api/produkte › GET /api/produkte?q=NONEXISTENT returns empty list
[1A[2K  153) [chromium] › tests\PROJ-3-produktdatenbank-alias.spec.ts:345:7 › AC: API /api/produkte › GET /api/produkte?q=NONEXISTENT returns empty list 

    Error: ENOENT: no such file or directory, open 'C:\Users\Flo\.antigravity\repos\ex_bon\ai-coding\data\ebons\REWE-ebon1.pdf'

      11 |
      12 | async function importPdf(request: import("@playwright/test").APIRequestContext, pdfPath: string) {
    > 13 |   const pdfBuffer = fs.readFileSync(pdfPath)
         |                        ^
      14 |   const filename = path.basename(pdfPath)
      15 |   await request.post("/api/import", {
      16 |     multipart: {
        at importPdf (C:\Users\Flo\.antigravity\repos\ex_bon\ai-coding\tests\PROJ-3-produktdatenbank-alias.spec.ts:13:24)
        at ensureBonsImported (C:\Users\Flo\.antigravity\repos\ex_bon\ai-coding\tests\PROJ-3-produktdatenbank-alias.spec.ts:23:9)
        at C:\Users\Flo\.antigravity\repos\ex_bon\ai-coding\tests\PROJ-3-produktdatenbank-alias.spec.ts:324:11


[1A[2K[231/718] [chromium] › tests\PROJ-3-produktdatenbank-alias.spec.ts:352:7 › AC: API /api/produkte › PUT /api/produkte/[name]/alias sets alias
[1A[2K  154) [chromium] › tests\PROJ-3-produktdatenbank-alias.spec.ts:352:7 › AC: API /api/produkte › PUT /api/produkte/[name]/alias sets alias 

    Error: ENOENT: no such file or directory, open 'C:\Users\Flo\.antigravity\repos\ex_bon\ai-coding\data\ebons\REWE-ebon1.pdf'

      11 |
      12 | async function importPdf(request: import("@playwright/test").APIRequestContext, pdfPath: string) {
    > 13 |   const pdfBuffer = fs.readFileSync(pdfPath)
         |                        ^
      14 |   const filename = path.basename(pdfPath)
      15 |   await request.post("/api/import", {
      16 |     multipart: {
        at importPdf (C:\Users\Flo\.antigravity\repos\ex_bon\ai-coding\tests\PROJ-3-produktdatenbank-alias.spec.ts:13:24)
        at ensureBonsImported (C:\Users\Flo\.antigravity\repos\ex_bon\ai-coding\tests\PROJ-3-produktdatenbank-alias.spec.ts:23:9)
        at C:\Users\Flo\.antigravity\repos\ex_bon\ai-coding\tests\PROJ-3-produktdatenbank-alias.spec.ts:324:11


[1A[2K[232/718] [chromium] › tests\PROJ-3-produktdatenbank-alias.spec.ts:367:7 › AC: API /api/produkte › PUT /api/produkte/[name]/alias rejects empty alias
[1A[2K  155) [chromium] › tests\PROJ-3-produktdatenbank-alias.spec.ts:367:7 › AC: API /api/produkte › PUT /api/produkte/[name]/alias rejects empty alias 

    Error: ENOENT: no such file or directory, open 'C:\Users\Flo\.antigravity\repos\ex_bon\ai-coding\data\ebons\REWE-ebon1.pdf'

      11 |
      12 | async function importPdf(request: import("@playwright/test").APIRequestContext, pdfPath: string) {
    > 13 |   const pdfBuffer = fs.readFileSync(pdfPath)
         |                        ^
      14 |   const filename = path.basename(pdfPath)
      15 |   await request.post("/api/import", {
      16 |     multipart: {
        at importPdf (C:\Users\Flo\.antigravity\repos\ex_bon\ai-coding\tests\PROJ-3-produktdatenbank-alias.spec.ts:13:24)
        at ensureBonsImported (C:\Users\Flo\.antigravity\repos\ex_bon\ai-coding\tests\PROJ-3-produktdatenbank-alias.spec.ts:23:9)
        at C:\Users\Flo\.antigravity\repos\ex_bon\ai-coding\tests\PROJ-3-produktdatenbank-alias.spec.ts:324:11


[1A[2K[233/718] [chromium] › tests\PROJ-3-produktdatenbank-alias.spec.ts:377:7 › AC: API /api/produkte › PUT /api/produkte/[name]/alias rejects alias > 200 chars
[1A[2K  156) [chromium] › tests\PROJ-3-produktdatenbank-alias.spec.ts:377:7 › AC: API /api/produkte › PUT /api/produkte/[name]/alias rejects alias > 200 chars 

    Error: ENOENT: no such file or directory, open 'C:\Users\Flo\.antigravity\repos\ex_bon\ai-coding\data\ebons\REWE-ebon1.pdf'

      11 |
      12 | async function importPdf(request: import("@playwright/test").APIRequestContext, pdfPath: string) {
    > 13 |   const pdfBuffer = fs.readFileSync(pdfPath)
         |                        ^
      14 |   const filename = path.basename(pdfPath)
      15 |   await request.post("/api/import", {
      16 |     multipart: {
        at importPdf (C:\Users\Flo\.antigravity\repos\ex_bon\ai-coding\tests\PROJ-3-produktdatenbank-alias.spec.ts:13:24)
        at ensureBonsImported (C:\Users\Flo\.antigravity\repos\ex_bon\ai-coding\tests\PROJ-3-produktdatenbank-alias.spec.ts:23:9)
        at C:\Users\Flo\.antigravity\repos\ex_bon\ai-coding\tests\PROJ-3-produktdatenbank-alias.spec.ts:324:11


[1A[2K[234/718] [chromium] › tests\PROJ-3-produktdatenbank-alias.spec.ts:387:7 › AC: API /api/produkte › PUT /api/produkte/NONEXISTENT/alias returns 404
[1A[2K  157) [chromium] › tests\PROJ-3-produktdatenbank-alias.spec.ts:387:7 › AC: API /api/produkte › PUT /api/produkte/NONEXISTENT/alias returns 404 

    Error: ENOENT: no such file or directory, open 'C:\Users\Flo\.antigravity\repos\ex_bon\ai-coding\data\ebons\REWE-ebon1.pdf'

      11 |
      12 | async function importPdf(request: import("@playwright/test").APIRequestContext, pdfPath: string) {
    > 13 |   const pdfBuffer = fs.readFileSync(pdfPath)
         |                        ^
      14 |   const filename = path.basename(pdfPath)
      15 |   await request.post("/api/import", {
      16 |     multipart: {
        at importPdf (C:\Users\Flo\.antigravity\repos\ex_bon\ai-coding\tests\PROJ-3-produktdatenbank-alias.spec.ts:13:24)
        at ensureBonsImported (C:\Users\Flo\.antigravity\repos\ex_bon\ai-coding\tests\PROJ-3-produktdatenbank-alias.spec.ts:23:9)
        at C:\Users\Flo\.antigravity\repos\ex_bon\ai-coding\tests\PROJ-3-produktdatenbank-alias.spec.ts:324:11


[1A[2K[235/718] [chromium] › tests\PROJ-3-produktdatenbank-alias.spec.ts:394:7 › AC: API /api/produkte › DELETE /api/produkte/[name]/alias removes alias
[1A[2K  158) [chromium] › tests\PROJ-3-produktdatenbank-alias.spec.ts:394:7 › AC: API /api/produkte › DELETE /api/produkte/[name]/alias removes alias 

    Error: ENOENT: no such file or directory, open 'C:\Users\Flo\.antigravity\repos\ex_bon\ai-coding\data\ebons\REWE-ebon1.pdf'

      11 |
      12 | async function importPdf(request: import("@playwright/test").APIRequestContext, pdfPath: string) {
    > 13 |   const pdfBuffer = fs.readFileSync(pdfPath)
         |                        ^
      14 |   const filename = path.basename(pdfPath)
      15 |   await request.post("/api/import", {
      16 |     multipart: {
        at importPdf (C:\Users\Flo\.antigravity\repos\ex_bon\ai-coding\tests\PROJ-3-produktdatenbank-alias.spec.ts:13:24)
        at ensureBonsImported (C:\Users\Flo\.antigravity\repos\ex_bon\ai-coding\tests\PROJ-3-produktdatenbank-alias.spec.ts:23:9)
        at C:\Users\Flo\.antigravity\repos\ex_bon\ai-coding\tests\PROJ-3-produktdatenbank-alias.spec.ts:324:11


[1A[2K[236/718] [chromium] › tests\PROJ-3-produktdatenbank-alias.spec.ts:411:7 › AC: API /api/produkte › DELETE /api/produkte/NONEXISTENT/alias returns 404
[1A[2K  159) [chromium] › tests\PROJ-3-produktdatenbank-alias.spec.ts:411:7 › AC: API /api/produkte › DELETE /api/produkte/NONEXISTENT/alias returns 404 

    Error: ENOENT: no such file or directory, open 'C:\Users\Flo\.antigravity\repos\ex_bon\ai-coding\data\ebons\REWE-ebon1.pdf'

      11 |
      12 | async function importPdf(request: import("@playwright/test").APIRequestContext, pdfPath: string) {
    > 13 |   const pdfBuffer = fs.readFileSync(pdfPath)
         |                        ^
      14 |   const filename = path.basename(pdfPath)
      15 |   await request.post("/api/import", {
      16 |     multipart: {
        at importPdf (C:\Users\Flo\.antigravity\repos\ex_bon\ai-coding\tests\PROJ-3-produktdatenbank-alias.spec.ts:13:24)
        at ensureBonsImported (C:\Users\Flo\.antigravity\repos\ex_bon\ai-coding\tests\PROJ-3-produktdatenbank-alias.spec.ts:23:9)
        at C:\Users\Flo\.antigravity\repos\ex_bon\ai-coding\tests\PROJ-3-produktdatenbank-alias.spec.ts:324:11


[1A[2K[237/718] [chromium] › tests\PROJ-3-produktdatenbank-alias.spec.ts:424:7 › Security: Input validation › SQL injection via search param is harmless
[1A[2K  160) [chromium] › tests\PROJ-3-produktdatenbank-alias.spec.ts:424:7 › Security: Input validation › SQL injection via search param is harmless 

    Error: ENOENT: no such file or directory, open 'C:\Users\Flo\.antigravity\repos\ex_bon\ai-coding\data\ebons\REWE-ebon1.pdf'

      11 |
      12 | async function importPdf(request: import("@playwright/test").APIRequestContext, pdfPath: string) {
    > 13 |   const pdfBuffer = fs.readFileSync(pdfPath)
         |                        ^
      14 |   const filename = path.basename(pdfPath)
      15 |   await request.post("/api/import", {
      16 |     multipart: {
        at importPdf (C:\Users\Flo\.antigravity\repos\ex_bon\ai-coding\tests\PROJ-3-produktdatenbank-alias.spec.ts:13:24)
        at ensureBonsImported (C:\Users\Flo\.antigravity\repos\ex_bon\ai-coding\tests\PROJ-3-produktdatenbank-alias.spec.ts:23:9)
        at C:\Users\Flo\.antigravity\repos\ex_bon\ai-coding\tests\PROJ-3-produktdatenbank-alias.spec.ts:421:11


[1A[2K[238/718] [chromium] › tests\PROJ-3-produktdatenbank-alias.spec.ts:432:7 › Security: Input validation › XSS in alias is stored as plain text
[1A[2K  161) [chromium] › tests\PROJ-3-produktdatenbank-alias.spec.ts:432:7 › Security: Input validation › XSS in alias is stored as plain text 

    Error: ENOENT: no such file or directory, open 'C:\Users\Flo\.antigravity\repos\ex_bon\ai-coding\data\ebons\REWE-ebon1.pdf'

      11 |
      12 | async function importPdf(request: import("@playwright/test").APIRequestContext, pdfPath: string) {
    > 13 |   const pdfBuffer = fs.readFileSync(pdfPath)
         |                        ^
      14 |   const filename = path.basename(pdfPath)
      15 |   await request.post("/api/import", {
      16 |     multipart: {
        at importPdf (C:\Users\Flo\.antigravity\repos\ex_bon\ai-coding\tests\PROJ-3-produktdatenbank-alias.spec.ts:13:24)
        at ensureBonsImported (C:\Users\Flo\.antigravity\repos\ex_bon\ai-coding\tests\PROJ-3-produktdatenbank-alias.spec.ts:23:9)
        at C:\Users\Flo\.antigravity\repos\ex_bon\ai-coding\tests\PROJ-3-produktdatenbank-alias.spec.ts:421:11


[1A[2K[239/718] [chromium] › tests\PROJ-3-produktdatenbank-alias.spec.ts:458:7 › Responsive: Mobile product list › product page is usable on mobile
[1A[2K  162) [chromium] › tests\PROJ-3-produktdatenbank-alias.spec.ts:458:7 › Responsive: Mobile product list › product page is usable on mobile 

    Error: ENOENT: no such file or directory, open 'C:\Users\Flo\.antigravity\repos\ex_bon\ai-coding\data\ebons\REWE-ebon1.pdf'

      11 |
      12 | async function importPdf(request: import("@playwright/test").APIRequestContext, pdfPath: string) {
    > 13 |   const pdfBuffer = fs.readFileSync(pdfPath)
         |                        ^
      14 |   const filename = path.basename(pdfPath)
      15 |   await request.post("/api/import", {
      16 |     multipart: {
        at importPdf (C:\Users\Flo\.antigravity\repos\ex_bon\ai-coding\tests\PROJ-3-produktdatenbank-alias.spec.ts:13:24)
        at ensureBonsImported (C:\Users\Flo\.antigravity\repos\ex_bon\ai-coding\tests\PROJ-3-produktdatenbank-alias.spec.ts:23:9)
        at C:\Users\Flo\.antigravity\repos\ex_bon\ai-coding\tests\PROJ-3-produktdatenbank-alias.spec.ts:459:11


[1A[2K[240/718] [chromium] › tests\PROJ-4-preisentwicklung-chart.spec.ts:47:7 › AC: Preis-Chart öffnen › each product row has a chart icon button
[1A[2K  163) [chromium] › tests\PROJ-4-preisentwicklung-chart.spec.ts:47:7 › AC: Preis-Chart öffnen › each product row has a chart icon button 

    Error: ENOENT: no such file or directory, open 'C:\Users\Flo\.antigravity\repos\ex_bon\ai-coding\data\ebons\REWE-ebon1.pdf'

      11 |
      12 | async function importPdf(request: import("@playwright/test").APIRequestContext, pdfPath: string) {
    > 13 |   const pdfBuffer = fs.readFileSync(pdfPath)
         |                        ^
      14 |   const filename = path.basename(pdfPath)
      15 |   await request.post("/api/import", {
      16 |     multipart: {
        at importPdf (C:\Users\Flo\.antigravity\repos\ex_bon\ai-coding\tests\PROJ-4-preisentwicklung-chart.spec.ts:13:24)
        at ensureBonsImported (C:\Users\Flo\.antigravity\repos\ex_bon\ai-coding\tests\PROJ-4-preisentwicklung-chart.spec.ts:23:9)
        at C:\Users\Flo\.antigravity\repos\ex_bon\ai-coding\tests\PROJ-4-preisentwicklung-chart.spec.ts:44:11


[1A[2K[241/718] [chromium] › tests\PROJ-4-preisentwicklung-chart.spec.ts:54:7 › AC: Preis-Chart öffnen › clicking chart icon opens the price sheet
[1A[2K  164) [chromium] › tests\PROJ-4-preisentwicklung-chart.spec.ts:54:7 › AC: Preis-Chart öffnen › clicking chart icon opens the price sheet 

    Error: ENOENT: no such file or directory, open 'C:\Users\Flo\.antigravity\repos\ex_bon\ai-coding\data\ebons\REWE-ebon1.pdf'

      11 |
      12 | async function importPdf(request: import("@playwright/test").APIRequestContext, pdfPath: string) {
    > 13 |   const pdfBuffer = fs.readFileSync(pdfPath)
         |                        ^
      14 |   const filename = path.basename(pdfPath)
      15 |   await request.post("/api/import", {
      16 |     multipart: {
        at importPdf (C:\Users\Flo\.antigravity\repos\ex_bon\ai-coding\tests\PROJ-4-preisentwicklung-chart.spec.ts:13:24)
        at ensureBonsImported (C:\Users\Flo\.antigravity\repos\ex_bon\ai-coding\tests\PROJ-4-preisentwicklung-chart.spec.ts:23:9)
        at C:\Users\Flo\.antigravity\repos\ex_bon\ai-coding\tests\PROJ-4-preisentwicklung-chart.spec.ts:44:11


[1A[2K[242/718] [chromium] › tests\PROJ-4-preisentwicklung-chart.spec.ts:70:7 › AC: Produktsuche im Chart-Sheet › product switcher combobox is present and shows current product
[1A[2K  165) [chromium] › tests\PROJ-4-preisentwicklung-chart.spec.ts:70:7 › AC: Produktsuche im Chart-Sheet › product switcher combobox is present and shows current product 

    Error: ENOENT: no such file or directory, open 'C:\Users\Flo\.antigravity\repos\ex_bon\ai-coding\data\ebons\REWE-ebon1.pdf'

      11 |
      12 | async function importPdf(request: import("@playwright/test").APIRequestContext, pdfPath: string) {
    > 13 |   const pdfBuffer = fs.readFileSync(pdfPath)
         |                        ^
      14 |   const filename = path.basename(pdfPath)
      15 |   await request.post("/api/import", {
      16 |     multipart: {
        at importPdf (C:\Users\Flo\.antigravity\repos\ex_bon\ai-coding\tests\PROJ-4-preisentwicklung-chart.spec.ts:13:24)
        at ensureBonsImported (C:\Users\Flo\.antigravity\repos\ex_bon\ai-coding\tests\PROJ-4-preisentwicklung-chart.spec.ts:23:9)
        at C:\Users\Flo\.antigravity\repos\ex_bon\ai-coding\tests\PROJ-4-preisentwicklung-chart.spec.ts:67:11


[1A[2K[243/718] [chromium] › tests\PROJ-4-preisentwicklung-chart.spec.ts:82:7 › AC: Produktsuche im Chart-Sheet › product switcher opens dropdown with searchable product list
[1A[2K  166) [chromium] › tests\PROJ-4-preisentwicklung-chart.spec.ts:82:7 › AC: Produktsuche im Chart-Sheet › product switcher opens dropdown with searchable product list 

    Error: ENOENT: no such file or directory, open 'C:\Users\Flo\.antigravity\repos\ex_bon\ai-coding\data\ebons\REWE-ebon1.pdf'

      11 |
      12 | async function importPdf(request: import("@playwright/test").APIRequestContext, pdfPath: string) {
    > 13 |   const pdfBuffer = fs.readFileSync(pdfPath)
         |                        ^
      14 |   const filename = path.basename(pdfPath)
      15 |   await request.post("/api/import", {
      16 |     multipart: {
        at importPdf (C:\Users\Flo\.antigravity\repos\ex_bon\ai-coding\tests\PROJ-4-preisentwicklung-chart.spec.ts:13:24)
        at ensureBonsImported (C:\Users\Flo\.antigravity\repos\ex_bon\ai-coding\tests\PROJ-4-preisentwicklung-chart.spec.ts:23:9)
        at C:\Users\Flo\.antigravity\repos\ex_bon\ai-coding\tests\PROJ-4-preisentwicklung-chart.spec.ts:67:11


[1A[2K[244/718] [chromium] › tests\PROJ-4-preisentwicklung-chart.spec.ts:93:7 › AC: Produktsuche im Chart-Sheet › switching product in combobox loads new price data
[1A[2K  167) [chromium] › tests\PROJ-4-preisentwicklung-chart.spec.ts:93:7 › AC: Produktsuche im Chart-Sheet › switching product in combobox loads new price data 

    Error: ENOENT: no such file or directory, open 'C:\Users\Flo\.antigravity\repos\ex_bon\ai-coding\data\ebons\REWE-ebon1.pdf'

      11 |
      12 | async function importPdf(request: import("@playwright/test").APIRequestContext, pdfPath: string) {
    > 13 |   const pdfBuffer = fs.readFileSync(pdfPath)
         |                        ^
      14 |   const filename = path.basename(pdfPath)
      15 |   await request.post("/api/import", {
      16 |     multipart: {
        at importPdf (C:\Users\Flo\.antigravity\repos\ex_bon\ai-coding\tests\PROJ-4-preisentwicklung-chart.spec.ts:13:24)
        at ensureBonsImported (C:\Users\Flo\.antigravity\repos\ex_bon\ai-coding\tests\PROJ-4-preisentwicklung-chart.spec.ts:23:9)
        at C:\Users\Flo\.antigravity\repos\ex_bon\ai-coding\tests\PROJ-4-preisentwicklung-chart.spec.ts:67:11


[1A[2K[245/718] [chromium] › tests\PROJ-4-preisentwicklung-chart.spec.ts:119:7 › AC: Linien-Chart Darstellung › chart area or single-purchase hint is visible after opening sheet
[1A[2K  168) [chromium] › tests\PROJ-4-preisentwicklung-chart.spec.ts:119:7 › AC: Linien-Chart Darstellung › chart area or single-purchase hint is visible after opening sheet 

    Error: ENOENT: no such file or directory, open 'C:\Users\Flo\.antigravity\repos\ex_bon\ai-coding\data\ebons\REWE-ebon1.pdf'

      11 |
      12 | async function importPdf(request: import("@playwright/test").APIRequestContext, pdfPath: string) {
    > 13 |   const pdfBuffer = fs.readFileSync(pdfPath)
         |                        ^
      14 |   const filename = path.basename(pdfPath)
      15 |   await request.post("/api/import", {
      16 |     multipart: {
        at importPdf (C:\Users\Flo\.antigravity\repos\ex_bon\ai-coding\tests\PROJ-4-preisentwicklung-chart.spec.ts:13:24)
        at ensureBonsImported (C:\Users\Flo\.antigravity\repos\ex_bon\ai-coding\tests\PROJ-4-preisentwicklung-chart.spec.ts:23:9)
        at C:\Users\Flo\.antigravity\repos\ex_bon\ai-coding\tests\PROJ-4-preisentwicklung-chart.spec.ts:116:11


[1A[2K[246/718] [chromium] › tests\PROJ-4-preisentwicklung-chart.spec.ts:137:7 › AC: Linien-Chart Darstellung › chart shows summary stats (lowest, average, highest) when multiple data points exist
[1A[2K  169) [chromium] › tests\PROJ-4-preisentwicklung-chart.spec.ts:137:7 › AC: Linien-Chart Darstellung › chart shows summary stats (lowest, average, highest) when multiple data points exist 

    Error: ENOENT: no such file or directory, open 'C:\Users\Flo\.antigravity\repos\ex_bon\ai-coding\data\ebons\REWE-ebon1.pdf'

      11 |
      12 | async function importPdf(request: import("@playwright/test").APIRequestContext, pdfPath: string) {
    > 13 |   const pdfBuffer = fs.readFileSync(pdfPath)
         |                        ^
      14 |   const filename = path.basename(pdfPath)
      15 |   await request.post("/api/import", {
      16 |     multipart: {
        at importPdf (C:\Users\Flo\.antigravity\repos\ex_bon\ai-coding\tests\PROJ-4-preisentwicklung-chart.spec.ts:13:24)
        at ensureBonsImported (C:\Users\Flo\.antigravity\repos\ex_bon\ai-coding\tests\PROJ-4-preisentwicklung-chart.spec.ts:23:9)
        at C:\Users\Flo\.antigravity\repos\ex_bon\ai-coding\tests\PROJ-4-preisentwicklung-chart.spec.ts:116:11


[1A[2K[247/718] [chromium] › tests\PROJ-4-preisentwicklung-chart.spec.ts:149:7 › AC: Linien-Chart Darstellung › chart legend shows normal and discount markers
[1A[2K  170) [chromium] › tests\PROJ-4-preisentwicklung-chart.spec.ts:149:7 › AC: Linien-Chart Darstellung › chart legend shows normal and discount markers 

    Error: ENOENT: no such file or directory, open 'C:\Users\Flo\.antigravity\repos\ex_bon\ai-coding\data\ebons\REWE-ebon1.pdf'

      11 |
      12 | async function importPdf(request: import("@playwright/test").APIRequestContext, pdfPath: string) {
    > 13 |   const pdfBuffer = fs.readFileSync(pdfPath)
         |                        ^
      14 |   const filename = path.basename(pdfPath)
      15 |   await request.post("/api/import", {
      16 |     multipart: {
        at importPdf (C:\Users\Flo\.antigravity\repos\ex_bon\ai-coding\tests\PROJ-4-preisentwicklung-chart.spec.ts:13:24)
        at ensureBonsImported (C:\Users\Flo\.antigravity\repos\ex_bon\ai-coding\tests\PROJ-4-preisentwicklung-chart.spec.ts:23:9)
        at C:\Users\Flo\.antigravity\repos\ex_bon\ai-coding\tests\PROJ-4-preisentwicklung-chart.spec.ts:116:11


[1A[2K[248/718] [chromium] › tests\PROJ-4-preisentwicklung-chart.spec.ts:168:7 › AC: Chart-Titel › sheet title shows product name (raw or alias)
[1A[2K  171) [chromium] › tests\PROJ-4-preisentwicklung-chart.spec.ts:168:7 › AC: Chart-Titel › sheet title shows product name (raw or alias) 

    Error: ENOENT: no such file or directory, open 'C:\Users\Flo\.antigravity\repos\ex_bon\ai-coding\data\ebons\REWE-ebon1.pdf'

      11 |
      12 | async function importPdf(request: import("@playwright/test").APIRequestContext, pdfPath: string) {
    > 13 |   const pdfBuffer = fs.readFileSync(pdfPath)
         |                        ^
      14 |   const filename = path.basename(pdfPath)
      15 |   await request.post("/api/import", {
      16 |     multipart: {
        at importPdf (C:\Users\Flo\.antigravity\repos\ex_bon\ai-coding\tests\PROJ-4-preisentwicklung-chart.spec.ts:13:24)
        at ensureBonsImported (C:\Users\Flo\.antigravity\repos\ex_bon\ai-coding\tests\PROJ-4-preisentwicklung-chart.spec.ts:23:9)
        at C:\Users\Flo\.antigravity\repos\ex_bon\ai-coding\tests\PROJ-4-preisentwicklung-chart.spec.ts:165:11


[1A[2K[249/718] [chromium] › tests\PROJ-4-preisentwicklung-chart.spec.ts:188:7 › AC: Einzelkauf-Hinweis › single-purchase product shows hint instead of chart
[1A[2K  172) [chromium] › tests\PROJ-4-preisentwicklung-chart.spec.ts:188:7 › AC: Einzelkauf-Hinweis › single-purchase product shows hint instead of chart 

    Error: ENOENT: no such file or directory, open 'C:\Users\Flo\.antigravity\repos\ex_bon\ai-coding\data\ebons\REWE-ebon1.pdf'

      11 |
      12 | async function importPdf(request: import("@playwright/test").APIRequestContext, pdfPath: string) {
    > 13 |   const pdfBuffer = fs.readFileSync(pdfPath)
         |                        ^
      14 |   const filename = path.basename(pdfPath)
      15 |   await request.post("/api/import", {
      16 |     multipart: {
        at importPdf (C:\Users\Flo\.antigravity\repos\ex_bon\ai-coding\tests\PROJ-4-preisentwicklung-chart.spec.ts:13:24)
        at ensureBonsImported (C:\Users\Flo\.antigravity\repos\ex_bon\ai-coding\tests\PROJ-4-preisentwicklung-chart.spec.ts:23:9)
        at C:\Users\Flo\.antigravity\repos\ex_bon\ai-coding\tests\PROJ-4-preisentwicklung-chart.spec.ts:185:11


[1A[2K[250/718] [chromium] › tests\PROJ-4-preisentwicklung-chart.spec.ts:231:7 › AC: Sheet Interaktion › sheet can be closed and re-opened for a different product
[1A[2K  173) [chromium] › tests\PROJ-4-preisentwicklung-chart.spec.ts:231:7 › AC: Sheet Interaktion › sheet can be closed and re-opened for a different product 

    Error: ENOENT: no such file or directory, open 'C:\Users\Flo\.antigravity\repos\ex_bon\ai-coding\data\ebons\REWE-ebon1.pdf'

      11 |
      12 | async function importPdf(request: import("@playwright/test").APIRequestContext, pdfPath: string) {
    > 13 |   const pdfBuffer = fs.readFileSync(pdfPath)
         |                        ^
      14 |   const filename = path.basename(pdfPath)
      15 |   await request.post("/api/import", {
      16 |     multipart: {
        at importPdf (C:\Users\Flo\.antigravity\repos\ex_bon\ai-coding\tests\PROJ-4-preisentwicklung-chart.spec.ts:13:24)
        at ensureBonsImported (C:\Users\Flo\.antigravity\repos\ex_bon\ai-coding\tests\PROJ-4-preisentwicklung-chart.spec.ts:23:9)
        at C:\Users\Flo\.antigravity\repos\ex_bon\ai-coding\tests\PROJ-4-preisentwicklung-chart.spec.ts:228:11


[1A[2K[251/718] [chromium] › tests\PROJ-4-preisentwicklung-chart.spec.ts:262:7 › AC: API /api/produkte/[name]/preise › returns price history with correct structure
[1A[2K  174) [chromium] › tests\PROJ-4-preisentwicklung-chart.spec.ts:262:7 › AC: API /api/produkte/[name]/preise › returns price history with correct structure 

    Error: ENOENT: no such file or directory, open 'C:\Users\Flo\.antigravity\repos\ex_bon\ai-coding\data\ebons\REWE-ebon1.pdf'

      11 |
      12 | async function importPdf(request: import("@playwright/test").APIRequestContext, pdfPath: string) {
    > 13 |   const pdfBuffer = fs.readFileSync(pdfPath)
         |                        ^
      14 |   const filename = path.basename(pdfPath)
      15 |   await request.post("/api/import", {
      16 |     multipart: {
        at importPdf (C:\Users\Flo\.antigravity\repos\ex_bon\ai-coding\tests\PROJ-4-preisentwicklung-chart.spec.ts:13:24)
        at ensureBonsImported (C:\Users\Flo\.antigravity\repos\ex_bon\ai-coding\tests\PROJ-4-preisentwicklung-chart.spec.ts:23:9)
        at C:\Users\Flo\.antigravity\repos\ex_bon\ai-coding\tests\PROJ-4-preisentwicklung-chart.spec.ts:259:11


[1A[2K[252/718] [chromium] › tests\PROJ-4-preisentwicklung-chart.spec.ts:288:7 › AC: API /api/produkte/[name]/preise › returns empty array for nonexistent product
[1A[2K  175) [chromium] › tests\PROJ-4-preisentwicklung-chart.spec.ts:288:7 › AC: API /api/produkte/[name]/preise › returns empty array for nonexistent product 

    Error: ENOENT: no such file or directory, open 'C:\Users\Flo\.antigravity\repos\ex_bon\ai-coding\data\ebons\REWE-ebon1.pdf'

      11 |
      12 | async function importPdf(request: import("@playwright/test").APIRequestContext, pdfPath: string) {
    > 13 |   const pdfBuffer = fs.readFileSync(pdfPath)
         |                        ^
      14 |   const filename = path.basename(pdfPath)
      15 |   await request.post("/api/import", {
      16 |     multipart: {
        at importPdf (C:\Users\Flo\.antigravity\repos\ex_bon\ai-coding\tests\PROJ-4-preisentwicklung-chart.spec.ts:13:24)
        at ensureBonsImported (C:\Users\Flo\.antigravity\repos\ex_bon\ai-coding\tests\PROJ-4-preisentwicklung-chart.spec.ts:23:9)
        at C:\Users\Flo\.antigravity\repos\ex_bon\ai-coding\tests\PROJ-4-preisentwicklung-chart.spec.ts:259:11


[1A[2K[253/718] [chromium] › tests\PROJ-4-preisentwicklung-chart.spec.ts:296:7 › AC: API /api/produkte/[name]/preise › preise are sorted by date ascending
[1A[2K  176) [chromium] › tests\PROJ-4-preisentwicklung-chart.spec.ts:296:7 › AC: API /api/produkte/[name]/preise › preise are sorted by date ascending 

    Error: ENOENT: no such file or directory, open 'C:\Users\Flo\.antigravity\repos\ex_bon\ai-coding\data\ebons\REWE-ebon1.pdf'

      11 |
      12 | async function importPdf(request: import("@playwright/test").APIRequestContext, pdfPath: string) {
    > 13 |   const pdfBuffer = fs.readFileSync(pdfPath)
         |                        ^
      14 |   const filename = path.basename(pdfPath)
      15 |   await request.post("/api/import", {
      16 |     multipart: {
        at importPdf (C:\Users\Flo\.antigravity\repos\ex_bon\ai-coding\tests\PROJ-4-preisentwicklung-chart.spec.ts:13:24)
        at ensureBonsImported (C:\Users\Flo\.antigravity\repos\ex_bon\ai-coding\tests\PROJ-4-preisentwicklung-chart.spec.ts:23:9)
        at C:\Users\Flo\.antigravity\repos\ex_bon\ai-coding\tests\PROJ-4-preisentwicklung-chart.spec.ts:259:11


[1A[2K[254/718] [chromium] › tests\PROJ-4-preisentwicklung-chart.spec.ts:311:7 › AC: API /api/produkte/[name]/preise › all returned prices are positive (zero/negative excluded)
[1A[2K  177) [chromium] › tests\PROJ-4-preisentwicklung-chart.spec.ts:311:7 › AC: API /api/produkte/[name]/preise › all returned prices are positive (zero/negative excluded) 

    Error: ENOENT: no such file or directory, open 'C:\Users\Flo\.antigravity\repos\ex_bon\ai-coding\data\ebons\REWE-ebon1.pdf'

      11 |
      12 | async function importPdf(request: import("@playwright/test").APIRequestContext, pdfPath: string) {
    > 13 |   const pdfBuffer = fs.readFileSync(pdfPath)
         |                        ^
      14 |   const filename = path.basename(pdfPath)
      15 |   await request.post("/api/import", {
      16 |     multipart: {
        at importPdf (C:\Users\Flo\.antigravity\repos\ex_bon\ai-coding\tests\PROJ-4-preisentwicklung-chart.spec.ts:13:24)
        at ensureBonsImported (C:\Users\Flo\.antigravity\repos\ex_bon\ai-coding\tests\PROJ-4-preisentwicklung-chart.spec.ts:23:9)
        at C:\Users\Flo\.antigravity\repos\ex_bon\ai-coding\tests\PROJ-4-preisentwicklung-chart.spec.ts:259:11


[1A[2K[255/718] [chromium] › tests\PROJ-4-preisentwicklung-chart.spec.ts:326:7 › AC: API /api/produkte/[name]/preise › returns alias when product has one
[1A[2K  178) [chromium] › tests\PROJ-4-preisentwicklung-chart.spec.ts:326:7 › AC: API /api/produkte/[name]/preise › returns alias when product has one 

    Error: ENOENT: no such file or directory, open 'C:\Users\Flo\.antigravity\repos\ex_bon\ai-coding\data\ebons\REWE-ebon1.pdf'

      11 |
      12 | async function importPdf(request: import("@playwright/test").APIRequestContext, pdfPath: string) {
    > 13 |   const pdfBuffer = fs.readFileSync(pdfPath)
         |                        ^
      14 |   const filename = path.basename(pdfPath)
      15 |   await request.post("/api/import", {
      16 |     multipart: {
        at importPdf (C:\Users\Flo\.antigravity\repos\ex_bon\ai-coding\tests\PROJ-4-preisentwicklung-chart.spec.ts:13:24)
        at ensureBonsImported (C:\Users\Flo\.antigravity\repos\ex_bon\ai-coding\tests\PROJ-4-preisentwicklung-chart.spec.ts:23:9)
        at C:\Users\Flo\.antigravity\repos\ex_bon\ai-coding\tests\PROJ-4-preisentwicklung-chart.spec.ts:259:11


[1A[2K[256/718] [chromium] › tests\PROJ-4-preisentwicklung-chart.spec.ts:352:7 › Security: Preise API › SQL injection via product name is harmless
[1A[2K  179) [chromium] › tests\PROJ-4-preisentwicklung-chart.spec.ts:352:7 › Security: Preise API › SQL injection via product name is harmless 

    Error: ENOENT: no such file or directory, open 'C:\Users\Flo\.antigravity\repos\ex_bon\ai-coding\data\ebons\REWE-ebon1.pdf'

      11 |
      12 | async function importPdf(request: import("@playwright/test").APIRequestContext, pdfPath: string) {
    > 13 |   const pdfBuffer = fs.readFileSync(pdfPath)
         |                        ^
      14 |   const filename = path.basename(pdfPath)
      15 |   await request.post("/api/import", {
      16 |     multipart: {
        at importPdf (C:\Users\Flo\.antigravity\repos\ex_bon\ai-coding\tests\PROJ-4-preisentwicklung-chart.spec.ts:13:24)
        at ensureBonsImported (C:\Users\Flo\.antigravity\repos\ex_bon\ai-coding\tests\PROJ-4-preisentwicklung-chart.spec.ts:23:9)
        at C:\Users\Flo\.antigravity\repos\ex_bon\ai-coding\tests\PROJ-4-preisentwicklung-chart.spec.ts:349:11


[1A[2K[257/718] [chromium] › tests\PROJ-4-preisentwicklung-chart.spec.ts:364:7 › Security: Preise API › special characters in product name are handled safely
[1A[2K  180) [chromium] › tests\PROJ-4-preisentwicklung-chart.spec.ts:364:7 › Security: Preise API › special characters in product name are handled safely 

    Error: ENOENT: no such file or directory, open 'C:\Users\Flo\.antigravity\repos\ex_bon\ai-coding\data\ebons\REWE-ebon1.pdf'

      11 |
      12 | async function importPdf(request: import("@playwright/test").APIRequestContext, pdfPath: string) {
    > 13 |   const pdfBuffer = fs.readFileSync(pdfPath)
         |                        ^
      14 |   const filename = path.basename(pdfPath)
      15 |   await request.post("/api/import", {
      16 |     multipart: {
        at importPdf (C:\Users\Flo\.antigravity\repos\ex_bon\ai-coding\tests\PROJ-4-preisentwicklung-chart.spec.ts:13:24)
        at ensureBonsImported (C:\Users\Flo\.antigravity\repos\ex_bon\ai-coding\tests\PROJ-4-preisentwicklung-chart.spec.ts:23:9)
        at C:\Users\Flo\.antigravity\repos\ex_bon\ai-coding\tests\PROJ-4-preisentwicklung-chart.spec.ts:349:11


[1A[2K[258/718] [chromium] › tests\PROJ-4-preisentwicklung-chart.spec.ts:380:7 › Responsive: Mobile chart › chart icon is visible and functional on mobile
[1A[2K  181) [chromium] › tests\PROJ-4-preisentwicklung-chart.spec.ts:380:7 › Responsive: Mobile chart › chart icon is visible and functional on mobile 

    Error: ENOENT: no such file or directory, open 'C:\Users\Flo\.antigravity\repos\ex_bon\ai-coding\data\ebons\REWE-ebon1.pdf'

      11 |
      12 | async function importPdf(request: import("@playwright/test").APIRequestContext, pdfPath: string) {
    > 13 |   const pdfBuffer = fs.readFileSync(pdfPath)
         |                        ^
      14 |   const filename = path.basename(pdfPath)
      15 |   await request.post("/api/import", {
      16 |     multipart: {
        at importPdf (C:\Users\Flo\.antigravity\repos\ex_bon\ai-coding\tests\PROJ-4-preisentwicklung-chart.spec.ts:13:24)
        at ensureBonsImported (C:\Users\Flo\.antigravity\repos\ex_bon\ai-coding\tests\PROJ-4-preisentwicklung-chart.spec.ts:23:9)
        at C:\Users\Flo\.antigravity\repos\ex_bon\ai-coding\tests\PROJ-4-preisentwicklung-chart.spec.ts:377:11


[1A[2K[259/718] [chromium] › tests\PROJ-5-statistik-dashboard.spec.ts:35:7 › AC: API Monatliche Ausgaben › returns monthly spending with correct structure
[1A[2K  182) [chromium] › tests\PROJ-5-statistik-dashboard.spec.ts:35:7 › AC: API Monatliche Ausgaben › returns monthly spending with correct structure 

    Error: ENOENT: no such file or directory, open 'C:\Users\Flo\.antigravity\repos\ex_bon\ai-coding\data\ebons\REWE-ebon1.pdf'

      11 |
      12 | async function importPdf(request: import("@playwright/test").APIRequestContext, pdfPath: string) {
    > 13 |   const pdfBuffer = fs.readFileSync(pdfPath)
         |                        ^
      14 |   const filename = path.basename(pdfPath)
      15 |   await request.post("/api/import", {
      16 |     multipart: {
        at importPdf (C:\Users\Flo\.antigravity\repos\ex_bon\ai-coding\tests\PROJ-5-statistik-dashboard.spec.ts:13:24)
        at ensureBonsImported (C:\Users\Flo\.antigravity\repos\ex_bon\ai-coding\tests\PROJ-5-statistik-dashboard.spec.ts:23:9)
        at C:\Users\Flo\.antigravity\repos\ex_bon\ai-coding\tests\PROJ-5-statistik-dashboard.spec.ts:32:11


[1A[2K[260/718] [chromium] › tests\PROJ-5-statistik-dashboard.spec.ts:51:7 › AC: API Monatliche Ausgaben › months are sorted ascending
[1A[2K  183) [chromium] › tests\PROJ-5-statistik-dashboard.spec.ts:51:7 › AC: API Monatliche Ausgaben › months are sorted ascending 

    Error: ENOENT: no such file or directory, open 'C:\Users\Flo\.antigravity\repos\ex_bon\ai-coding\data\ebons\REWE-ebon1.pdf'

      11 |
      12 | async function importPdf(request: import("@playwright/test").APIRequestContext, pdfPath: string) {
    > 13 |   const pdfBuffer = fs.readFileSync(pdfPath)
         |                        ^
      14 |   const filename = path.basename(pdfPath)
      15 |   await request.post("/api/import", {
      16 |     multipart: {
        at importPdf (C:\Users\Flo\.antigravity\repos\ex_bon\ai-coding\tests\PROJ-5-statistik-dashboard.spec.ts:13:24)
        at ensureBonsImported (C:\Users\Flo\.antigravity\repos\ex_bon\ai-coding\tests\PROJ-5-statistik-dashboard.spec.ts:23:9)
        at C:\Users\Flo\.antigravity\repos\ex_bon\ai-coding\tests\PROJ-5-statistik-dashboard.spec.ts:32:11


[1A[2K[261/718] [chromium] › tests\PROJ-5-statistik-dashboard.spec.ts:62:7 › AC: API Monatliche Ausgaben › vergleich shows diff when 2+ months exist
[1A[2K  184) [chromium] › tests\PROJ-5-statistik-dashboard.spec.ts:62:7 › AC: API Monatliche Ausgaben › vergleich shows diff when 2+ months exist 

    Error: ENOENT: no such file or directory, open 'C:\Users\Flo\.antigravity\repos\ex_bon\ai-coding\data\ebons\REWE-ebon1.pdf'

      11 |
      12 | async function importPdf(request: import("@playwright/test").APIRequestContext, pdfPath: string) {
    > 13 |   const pdfBuffer = fs.readFileSync(pdfPath)
         |                        ^
      14 |   const filename = path.basename(pdfPath)
      15 |   await request.post("/api/import", {
      16 |     multipart: {
        at importPdf (C:\Users\Flo\.antigravity\repos\ex_bon\ai-coding\tests\PROJ-5-statistik-dashboard.spec.ts:13:24)
        at ensureBonsImported (C:\Users\Flo\.antigravity\repos\ex_bon\ai-coding\tests\PROJ-5-statistik-dashboard.spec.ts:23:9)
        at C:\Users\Flo\.antigravity\repos\ex_bon\ai-coding\tests\PROJ-5-statistik-dashboard.spec.ts:32:11


[1A[2K[262/718] [chromium] › tests\PROJ-5-statistik-dashboard.spec.ts:75:7 › AC: API Monatliche Ausgaben › monate filter restricts results
[1A[2K  185) [chromium] › tests\PROJ-5-statistik-dashboard.spec.ts:75:7 › AC: API Monatliche Ausgaben › monate filter restricts results 

    Error: ENOENT: no such file or directory, open 'C:\Users\Flo\.antigravity\repos\ex_bon\ai-coding\data\ebons\REWE-ebon1.pdf'

      11 |
      12 | async function importPdf(request: import("@playwright/test").APIRequestContext, pdfPath: string) {
    > 13 |   const pdfBuffer = fs.readFileSync(pdfPath)
         |                        ^
      14 |   const filename = path.basename(pdfPath)
      15 |   await request.post("/api/import", {
      16 |     multipart: {
        at importPdf (C:\Users\Flo\.antigravity\repos\ex_bon\ai-coding\tests\PROJ-5-statistik-dashboard.spec.ts:13:24)
        at ensureBonsImported (C:\Users\Flo\.antigravity\repos\ex_bon\ai-coding\tests\PROJ-5-statistik-dashboard.spec.ts:23:9)
        at C:\Users\Flo\.antigravity\repos\ex_bon\ai-coding\tests\PROJ-5-statistik-dashboard.spec.ts:32:11


[1A[2K[263/718] [chromium] › tests\PROJ-5-statistik-dashboard.spec.ts:95:7 › AC: API Top-Produkte › returns top products sorted by frequency
[1A[2K  186) [chromium] › tests\PROJ-5-statistik-dashboard.spec.ts:95:7 › AC: API Top-Produkte › returns top products sorted by frequency 

    Error: ENOENT: no such file or directory, open 'C:\Users\Flo\.antigravity\repos\ex_bon\ai-coding\data\ebons\REWE-ebon1.pdf'

      11 |
      12 | async function importPdf(request: import("@playwright/test").APIRequestContext, pdfPath: string) {
    > 13 |   const pdfBuffer = fs.readFileSync(pdfPath)
         |                        ^
      14 |   const filename = path.basename(pdfPath)
      15 |   await request.post("/api/import", {
      16 |     multipart: {
        at importPdf (C:\Users\Flo\.antigravity\repos\ex_bon\ai-coding\tests\PROJ-5-statistik-dashboard.spec.ts:13:24)
        at ensureBonsImported (C:\Users\Flo\.antigravity\repos\ex_bon\ai-coding\tests\PROJ-5-statistik-dashboard.spec.ts:23:9)
        at C:\Users\Flo\.antigravity\repos\ex_bon\ai-coding\tests\PROJ-5-statistik-dashboard.spec.ts:92:11


[1A[2K[264/718] [chromium] › tests\PROJ-5-statistik-dashboard.spec.ts:117:7 › AC: API Top-Produkte › returns top products sorted by spending
[1A[2K  187) [chromium] › tests\PROJ-5-statistik-dashboard.spec.ts:117:7 › AC: API Top-Produkte › returns top products sorted by spending 

    Error: ENOENT: no such file or directory, open 'C:\Users\Flo\.antigravity\repos\ex_bon\ai-coding\data\ebons\REWE-ebon1.pdf'

      11 |
      12 | async function importPdf(request: import("@playwright/test").APIRequestContext, pdfPath: string) {
    > 13 |   const pdfBuffer = fs.readFileSync(pdfPath)
         |                        ^
      14 |   const filename = path.basename(pdfPath)
      15 |   await request.post("/api/import", {
      16 |     multipart: {
        at importPdf (C:\Users\Flo\.antigravity\repos\ex_bon\ai-coding\tests\PROJ-5-statistik-dashboard.spec.ts:13:24)
        at ensureBonsImported (C:\Users\Flo\.antigravity\repos\ex_bon\ai-coding\tests\PROJ-5-statistik-dashboard.spec.ts:23:9)
        at C:\Users\Flo\.antigravity\repos\ex_bon\ai-coding\tests\PROJ-5-statistik-dashboard.spec.ts:92:11


[1A[2K[265/718] [chromium] › tests\PROJ-5-statistik-dashboard.spec.ts:130:7 › AC: API Top-Produkte › excludes zero/negative price items (Leergut)
[1A[2K  188) [chromium] › tests\PROJ-5-statistik-dashboard.spec.ts:130:7 › AC: API Top-Produkte › excludes zero/negative price items (Leergut) 

    Error: ENOENT: no such file or directory, open 'C:\Users\Flo\.antigravity\repos\ex_bon\ai-coding\data\ebons\REWE-ebon1.pdf'

      11 |
      12 | async function importPdf(request: import("@playwright/test").APIRequestContext, pdfPath: string) {
    > 13 |   const pdfBuffer = fs.readFileSync(pdfPath)
         |                        ^
      14 |   const filename = path.basename(pdfPath)
      15 |   await request.post("/api/import", {
      16 |     multipart: {
        at importPdf (C:\Users\Flo\.antigravity\repos\ex_bon\ai-coding\tests\PROJ-5-statistik-dashboard.spec.ts:13:24)
        at ensureBonsImported (C:\Users\Flo\.antigravity\repos\ex_bon\ai-coding\tests\PROJ-5-statistik-dashboard.spec.ts:23:9)
        at C:\Users\Flo\.antigravity\repos\ex_bon\ai-coding\tests\PROJ-5-statistik-dashboard.spec.ts:92:11


[1A[2K[266/718] [chromium] › tests\PROJ-5-statistik-dashboard.spec.ts:139:7 › AC: API Top-Produkte › shows alias when product has one
[1A[2K  189) [chromium] › tests\PROJ-5-statistik-dashboard.spec.ts:139:7 › AC: API Top-Produkte › shows alias when product has one 

    Error: ENOENT: no such file or directory, open 'C:\Users\Flo\.antigravity\repos\ex_bon\ai-coding\data\ebons\REWE-ebon1.pdf'

      11 |
      12 | async function importPdf(request: import("@playwright/test").APIRequestContext, pdfPath: string) {
    > 13 |   const pdfBuffer = fs.readFileSync(pdfPath)
         |                        ^
      14 |   const filename = path.basename(pdfPath)
      15 |   await request.post("/api/import", {
      16 |     multipart: {
        at importPdf (C:\Users\Flo\.antigravity\repos\ex_bon\ai-coding\tests\PROJ-5-statistik-dashboard.spec.ts:13:24)
        at ensureBonsImported (C:\Users\Flo\.antigravity\repos\ex_bon\ai-coding\tests\PROJ-5-statistik-dashboard.spec.ts:23:9)
        at C:\Users\Flo\.antigravity\repos\ex_bon\ai-coding\tests\PROJ-5-statistik-dashboard.spec.ts:92:11


[1A[2K[267/718] [chromium] › tests\PROJ-5-statistik-dashboard.spec.ts:168:7 › AC: API Rabatt-Tracking › returns discount data with correct structure
[1A[2K  190) [chromium] › tests\PROJ-5-statistik-dashboard.spec.ts:168:7 › AC: API Rabatt-Tracking › returns discount data with correct structure 

    Error: ENOENT: no such file or directory, open 'C:\Users\Flo\.antigravity\repos\ex_bon\ai-coding\data\ebons\REWE-ebon1.pdf'

      11 |
      12 | async function importPdf(request: import("@playwright/test").APIRequestContext, pdfPath: string) {
    > 13 |   const pdfBuffer = fs.readFileSync(pdfPath)
         |                        ^
      14 |   const filename = path.basename(pdfPath)
      15 |   await request.post("/api/import", {
      16 |     multipart: {
        at importPdf (C:\Users\Flo\.antigravity\repos\ex_bon\ai-coding\tests\PROJ-5-statistik-dashboard.spec.ts:13:24)
        at ensureBonsImported (C:\Users\Flo\.antigravity\repos\ex_bon\ai-coding\tests\PROJ-5-statistik-dashboard.spec.ts:23:9)
        at C:\Users\Flo\.antigravity\repos\ex_bon\ai-coding\tests\PROJ-5-statistik-dashboard.spec.ts:165:11


[1A[2K[268/718] [chromium] › tests\PROJ-5-statistik-dashboard.spec.ts:181:7 › AC: API Rabatt-Tracking › monthly discounts are sorted ascending by month
[1A[2K  191) [chromium] › tests\PROJ-5-statistik-dashboard.spec.ts:181:7 › AC: API Rabatt-Tracking › monthly discounts are sorted ascending by month 

    Error: ENOENT: no such file or directory, open 'C:\Users\Flo\.antigravity\repos\ex_bon\ai-coding\data\ebons\REWE-ebon1.pdf'

      11 |
      12 | async function importPdf(request: import("@playwright/test").APIRequestContext, pdfPath: string) {
    > 13 |   const pdfBuffer = fs.readFileSync(pdfPath)
         |                        ^
      14 |   const filename = path.basename(pdfPath)
      15 |   await request.post("/api/import", {
      16 |     multipart: {
        at importPdf (C:\Users\Flo\.antigravity\repos\ex_bon\ai-coding\tests\PROJ-5-statistik-dashboard.spec.ts:13:24)
        at ensureBonsImported (C:\Users\Flo\.antigravity\repos\ex_bon\ai-coding\tests\PROJ-5-statistik-dashboard.spec.ts:23:9)
        at C:\Users\Flo\.antigravity\repos\ex_bon\ai-coding\tests\PROJ-5-statistik-dashboard.spec.ts:165:11


[1A[2K[269/718] [chromium] › tests\PROJ-5-statistik-dashboard.spec.ts:192:7 › AC: API Rabatt-Tracking › top_aktionen have description, count and total
[1A[2K  192) [chromium] › tests\PROJ-5-statistik-dashboard.spec.ts:192:7 › AC: API Rabatt-Tracking › top_aktionen have description, count and total 

    Error: ENOENT: no such file or directory, open 'C:\Users\Flo\.antigravity\repos\ex_bon\ai-coding\data\ebons\REWE-ebon1.pdf'

      11 |
      12 | async function importPdf(request: import("@playwright/test").APIRequestContext, pdfPath: string) {
    > 13 |   const pdfBuffer = fs.readFileSync(pdfPath)
         |                        ^
      14 |   const filename = path.basename(pdfPath)
      15 |   await request.post("/api/import", {
      16 |     multipart: {
        at importPdf (C:\Users\Flo\.antigravity\repos\ex_bon\ai-coding\tests\PROJ-5-statistik-dashboard.spec.ts:13:24)
        at ensureBonsImported (C:\Users\Flo\.antigravity\repos\ex_bon\ai-coding\tests\PROJ-5-statistik-dashboard.spec.ts:23:9)
        at C:\Users\Flo\.antigravity\repos\ex_bon\ai-coding\tests\PROJ-5-statistik-dashboard.spec.ts:165:11


[1A[2K[270/718] [chromium] › tests\PROJ-5-statistik-dashboard.spec.ts:205:7 › AC: API Rabatt-Tracking › top_aktionen limited to 5
[1A[2K  193) [chromium] › tests\PROJ-5-statistik-dashboard.spec.ts:205:7 › AC: API Rabatt-Tracking › top_aktionen limited to 5 

    Error: ENOENT: no such file or directory, open 'C:\Users\Flo\.antigravity\repos\ex_bon\ai-coding\data\ebons\REWE-ebon1.pdf'

      11 |
      12 | async function importPdf(request: import("@playwright/test").APIRequestContext, pdfPath: string) {
    > 13 |   const pdfBuffer = fs.readFileSync(pdfPath)
         |                        ^
      14 |   const filename = path.basename(pdfPath)
      15 |   await request.post("/api/import", {
      16 |     multipart: {
        at importPdf (C:\Users\Flo\.antigravity\repos\ex_bon\ai-coding\tests\PROJ-5-statistik-dashboard.spec.ts:13:24)
        at ensureBonsImported (C:\Users\Flo\.antigravity\repos\ex_bon\ai-coding\tests\PROJ-5-statistik-dashboard.spec.ts:23:9)
        at C:\Users\Flo\.antigravity\repos\ex_bon\ai-coding\tests\PROJ-5-statistik-dashboard.spec.ts:165:11


[1A[2K[271/718] [chromium] › tests\PROJ-5-statistik-dashboard.spec.ts:219:7 › AC: API MwSt-Aufteilung › returns VAT categories with correct structure
[1A[2K  194) [chromium] › tests\PROJ-5-statistik-dashboard.spec.ts:219:7 › AC: API MwSt-Aufteilung › returns VAT categories with correct structure 

    Error: ENOENT: no such file or directory, open 'C:\Users\Flo\.antigravity\repos\ex_bon\ai-coding\data\ebons\REWE-ebon1.pdf'

      11 |
      12 | async function importPdf(request: import("@playwright/test").APIRequestContext, pdfPath: string) {
    > 13 |   const pdfBuffer = fs.readFileSync(pdfPath)
         |                        ^
      14 |   const filename = path.basename(pdfPath)
      15 |   await request.post("/api/import", {
      16 |     multipart: {
        at importPdf (C:\Users\Flo\.antigravity\repos\ex_bon\ai-coding\tests\PROJ-5-statistik-dashboard.spec.ts:13:24)
        at ensureBonsImported (C:\Users\Flo\.antigravity\repos\ex_bon\ai-coding\tests\PROJ-5-statistik-dashboard.spec.ts:23:9)
        at C:\Users\Flo\.antigravity\repos\ex_bon\ai-coding\tests\PROJ-5-statistik-dashboard.spec.ts:216:11


[1A[2K[272/718] [chromium] › tests\PROJ-5-statistik-dashboard.spec.ts:236:7 › AC: API MwSt-Aufteilung › anteil_prozent values sum to ~100
[1A[2K  195) [chromium] › tests\PROJ-5-statistik-dashboard.spec.ts:236:7 › AC: API MwSt-Aufteilung › anteil_prozent values sum to ~100 

    Error: ENOENT: no such file or directory, open 'C:\Users\Flo\.antigravity\repos\ex_bon\ai-coding\data\ebons\REWE-ebon1.pdf'

      11 |
      12 | async function importPdf(request: import("@playwright/test").APIRequestContext, pdfPath: string) {
    > 13 |   const pdfBuffer = fs.readFileSync(pdfPath)
         |                        ^
      14 |   const filename = path.basename(pdfPath)
      15 |   await request.post("/api/import", {
      16 |     multipart: {
        at importPdf (C:\Users\Flo\.antigravity\repos\ex_bon\ai-coding\tests\PROJ-5-statistik-dashboard.spec.ts:13:24)
        at ensureBonsImported (C:\Users\Flo\.antigravity\repos\ex_bon\ai-coding\tests\PROJ-5-statistik-dashboard.spec.ts:23:9)
        at C:\Users\Flo\.antigravity\repos\ex_bon\ai-coding\tests\PROJ-5-statistik-dashboard.spec.ts:216:11


[1A[2K[273/718] [chromium] › tests\PROJ-5-statistik-dashboard.spec.ts:248:7 › AC: API MwSt-Aufteilung › labels are human-readable (Lebensmittel/Nicht-Lebensmittel)
[1A[2K  196) [chromium] › tests\PROJ-5-statistik-dashboard.spec.ts:248:7 › AC: API MwSt-Aufteilung › labels are human-readable (Lebensmittel/Nicht-Lebensmittel) 

    Error: ENOENT: no such file or directory, open 'C:\Users\Flo\.antigravity\repos\ex_bon\ai-coding\data\ebons\REWE-ebon1.pdf'

      11 |
      12 | async function importPdf(request: import("@playwright/test").APIRequestContext, pdfPath: string) {
    > 13 |   const pdfBuffer = fs.readFileSync(pdfPath)
         |                        ^
      14 |   const filename = path.basename(pdfPath)
      15 |   await request.post("/api/import", {
      16 |     multipart: {
        at importPdf (C:\Users\Flo\.antigravity\repos\ex_bon\ai-coding\tests\PROJ-5-statistik-dashboard.spec.ts:13:24)
        at ensureBonsImported (C:\Users\Flo\.antigravity\repos\ex_bon\ai-coding\tests\PROJ-5-statistik-dashboard.spec.ts:23:9)
        at C:\Users\Flo\.antigravity\repos\ex_bon\ai-coding\tests\PROJ-5-statistik-dashboard.spec.ts:216:11


[1A[2K[274/718] [chromium] › tests\PROJ-5-statistik-dashboard.spec.ts:269:7 › AC: Dashboard – Monatliche Ausgaben › bar chart is visible on statistiken page
[1A[2K  197) [chromium] › tests\PROJ-5-statistik-dashboard.spec.ts:269:7 › AC: Dashboard – Monatliche Ausgaben › bar chart is visible on statistiken page 

    Error: ENOENT: no such file or directory, open 'C:\Users\Flo\.antigravity\repos\ex_bon\ai-coding\data\ebons\REWE-ebon1.pdf'

      11 |
      12 | async function importPdf(request: import("@playwright/test").APIRequestContext, pdfPath: string) {
    > 13 |   const pdfBuffer = fs.readFileSync(pdfPath)
         |                        ^
      14 |   const filename = path.basename(pdfPath)
      15 |   await request.post("/api/import", {
      16 |     multipart: {
        at importPdf (C:\Users\Flo\.antigravity\repos\ex_bon\ai-coding\tests\PROJ-5-statistik-dashboard.spec.ts:13:24)
        at ensureBonsImported (C:\Users\Flo\.antigravity\repos\ex_bon\ai-coding\tests\PROJ-5-statistik-dashboard.spec.ts:23:9)
        at C:\Users\Flo\.antigravity\repos\ex_bon\ai-coding\tests\PROJ-5-statistik-dashboard.spec.ts:266:11


[1A[2K[275/718] [chromium] › tests\PROJ-5-statistik-dashboard.spec.ts:277:7 › AC: Dashboard – Monatliche Ausgaben › month-over-month comparison badge is shown
[1A[2K  198) [chromium] › tests\PROJ-5-statistik-dashboard.spec.ts:277:7 › AC: Dashboard – Monatliche Ausgaben › month-over-month comparison badge is shown 

    Error: ENOENT: no such file or directory, open 'C:\Users\Flo\.antigravity\repos\ex_bon\ai-coding\data\ebons\REWE-ebon1.pdf'

      11 |
      12 | async function importPdf(request: import("@playwright/test").APIRequestContext, pdfPath: string) {
    > 13 |   const pdfBuffer = fs.readFileSync(pdfPath)
         |                        ^
      14 |   const filename = path.basename(pdfPath)
      15 |   await request.post("/api/import", {
      16 |     multipart: {
        at importPdf (C:\Users\Flo\.antigravity\repos\ex_bon\ai-coding\tests\PROJ-5-statistik-dashboard.spec.ts:13:24)
        at ensureBonsImported (C:\Users\Flo\.antigravity\repos\ex_bon\ai-coding\tests\PROJ-5-statistik-dashboard.spec.ts:23:9)
        at C:\Users\Flo\.antigravity\repos\ex_bon\ai-coding\tests\PROJ-5-statistik-dashboard.spec.ts:266:11


[1A[2K[276/718] [chromium] › tests\PROJ-5-statistik-dashboard.spec.ts:297:7 › AC: Dashboard – Top-10 Produkte › top products card shows tabs for Häufigste and Teuerste
[1A[2K  199) [chromium] › tests\PROJ-5-statistik-dashboard.spec.ts:297:7 › AC: Dashboard – Top-10 Produkte › top products card shows tabs for Häufigste and Teuerste 

    Error: ENOENT: no such file or directory, open 'C:\Users\Flo\.antigravity\repos\ex_bon\ai-coding\data\ebons\REWE-ebon1.pdf'

      11 |
      12 | async function importPdf(request: import("@playwright/test").APIRequestContext, pdfPath: string) {
    > 13 |   const pdfBuffer = fs.readFileSync(pdfPath)
         |                        ^
      14 |   const filename = path.basename(pdfPath)
      15 |   await request.post("/api/import", {
      16 |     multipart: {
        at importPdf (C:\Users\Flo\.antigravity\repos\ex_bon\ai-coding\tests\PROJ-5-statistik-dashboard.spec.ts:13:24)
        at ensureBonsImported (C:\Users\Flo\.antigravity\repos\ex_bon\ai-coding\tests\PROJ-5-statistik-dashboard.spec.ts:23:9)
        at C:\Users\Flo\.antigravity\repos\ex_bon\ai-coding\tests\PROJ-5-statistik-dashboard.spec.ts:294:11


[1A[2K[277/718] [chromium] › tests\PROJ-5-statistik-dashboard.spec.ts:303:7 › AC: Dashboard – Top-10 Produkte › product list shows items with purchase count
[1A[2K  200) [chromium] › tests\PROJ-5-statistik-dashboard.spec.ts:303:7 › AC: Dashboard – Top-10 Produkte › product list shows items with purchase count 

    Error: ENOENT: no such file or directory, open 'C:\Users\Flo\.antigravity\repos\ex_bon\ai-coding\data\ebons\REWE-ebon1.pdf'

      11 |
      12 | async function importPdf(request: import("@playwright/test").APIRequestContext, pdfPath: string) {
    > 13 |   const pdfBuffer = fs.readFileSync(pdfPath)
         |                        ^
      14 |   const filename = path.basename(pdfPath)
      15 |   await request.post("/api/import", {
      16 |     multipart: {
        at importPdf (C:\Users\Flo\.antigravity\repos\ex_bon\ai-coding\tests\PROJ-5-statistik-dashboard.spec.ts:13:24)
        at ensureBonsImported (C:\Users\Flo\.antigravity\repos\ex_bon\ai-coding\tests\PROJ-5-statistik-dashboard.spec.ts:23:9)
        at C:\Users\Flo\.antigravity\repos\ex_bon\ai-coding\tests\PROJ-5-statistik-dashboard.spec.ts:294:11


[1A[2K[278/718] [chromium] › tests\PROJ-5-statistik-dashboard.spec.ts:311:7 › AC: Dashboard – Top-10 Produkte › switching to Teuerste tab changes the list
[1A[2K  201) [chromium] › tests\PROJ-5-statistik-dashboard.spec.ts:311:7 › AC: Dashboard – Top-10 Produkte › switching to Teuerste tab changes the list 

    Error: ENOENT: no such file or directory, open 'C:\Users\Flo\.antigravity\repos\ex_bon\ai-coding\data\ebons\REWE-ebon1.pdf'

      11 |
      12 | async function importPdf(request: import("@playwright/test").APIRequestContext, pdfPath: string) {
    > 13 |   const pdfBuffer = fs.readFileSync(pdfPath)
         |                        ^
      14 |   const filename = path.basename(pdfPath)
      15 |   await request.post("/api/import", {
      16 |     multipart: {
        at importPdf (C:\Users\Flo\.antigravity\repos\ex_bon\ai-coding\tests\PROJ-5-statistik-dashboard.spec.ts:13:24)
        at ensureBonsImported (C:\Users\Flo\.antigravity\repos\ex_bon\ai-coding\tests\PROJ-5-statistik-dashboard.spec.ts:23:9)
        at C:\Users\Flo\.antigravity\repos\ex_bon\ai-coding\tests\PROJ-5-statistik-dashboard.spec.ts:294:11


[1A[2K[279/718] [chromium] › tests\PROJ-5-statistik-dashboard.spec.ts:326:7 › AC: Dashboard – Top-10 Produkte › clicking a product opens the price chart sheet (PROJ-4)
[1A[2K  202) [chromium] › tests\PROJ-5-statistik-dashboard.spec.ts:326:7 › AC: Dashboard – Top-10 Produkte › clicking a product opens the price chart sheet (PROJ-4) 

    Error: ENOENT: no such file or directory, open 'C:\Users\Flo\.antigravity\repos\ex_bon\ai-coding\data\ebons\REWE-ebon1.pdf'

      11 |
      12 | async function importPdf(request: import("@playwright/test").APIRequestContext, pdfPath: string) {
    > 13 |   const pdfBuffer = fs.readFileSync(pdfPath)
         |                        ^
      14 |   const filename = path.basename(pdfPath)
      15 |   await request.post("/api/import", {
      16 |     multipart: {
        at importPdf (C:\Users\Flo\.antigravity\repos\ex_bon\ai-coding\tests\PROJ-5-statistik-dashboard.spec.ts:13:24)
        at ensureBonsImported (C:\Users\Flo\.antigravity\repos\ex_bon\ai-coding\tests\PROJ-5-statistik-dashboard.spec.ts:23:9)
        at C:\Users\Flo\.antigravity\repos\ex_bon\ai-coding\tests\PROJ-5-statistik-dashboard.spec.ts:294:11


[1A[2K[280/718] [chromium] › tests\PROJ-5-statistik-dashboard.spec.ts:350:7 › AC: Dashboard – Rabatt-Tracking › rabatt card shows total savings or empty state
[1A[2K  203) [chromium] › tests\PROJ-5-statistik-dashboard.spec.ts:350:7 › AC: Dashboard – Rabatt-Tracking › rabatt card shows total savings or empty state 

    Error: ENOENT: no such file or directory, open 'C:\Users\Flo\.antigravity\repos\ex_bon\ai-coding\data\ebons\REWE-ebon1.pdf'

      11 |
      12 | async function importPdf(request: import("@playwright/test").APIRequestContext, pdfPath: string) {
    > 13 |   const pdfBuffer = fs.readFileSync(pdfPath)
         |                        ^
      14 |   const filename = path.basename(pdfPath)
      15 |   await request.post("/api/import", {
      16 |     multipart: {
        at importPdf (C:\Users\Flo\.antigravity\repos\ex_bon\ai-coding\tests\PROJ-5-statistik-dashboard.spec.ts:13:24)
        at ensureBonsImported (C:\Users\Flo\.antigravity\repos\ex_bon\ai-coding\tests\PROJ-5-statistik-dashboard.spec.ts:23:9)
        at C:\Users\Flo\.antigravity\repos\ex_bon\ai-coding\tests\PROJ-5-statistik-dashboard.spec.ts:347:11


[1A[2K[281/718] [chromium] › tests\PROJ-5-statistik-dashboard.spec.ts:364:7 › AC: Dashboard – Rabatt-Tracking › top discount actions are listed if data exists
[1A[2K  204) [chromium] › tests\PROJ-5-statistik-dashboard.spec.ts:364:7 › AC: Dashboard – Rabatt-Tracking › top discount actions are listed if data exists 

    Error: ENOENT: no such file or directory, open 'C:\Users\Flo\.antigravity\repos\ex_bon\ai-coding\data\ebons\REWE-ebon1.pdf'

      11 |
      12 | async function importPdf(request: import("@playwright/test").APIRequestContext, pdfPath: string) {
    > 13 |   const pdfBuffer = fs.readFileSync(pdfPath)
         |                        ^
      14 |   const filename = path.basename(pdfPath)
      15 |   await request.post("/api/import", {
      16 |     multipart: {
        at importPdf (C:\Users\Flo\.antigravity\repos\ex_bon\ai-coding\tests\PROJ-5-statistik-dashboard.spec.ts:13:24)
        at ensureBonsImported (C:\Users\Flo\.antigravity\repos\ex_bon\ai-coding\tests\PROJ-5-statistik-dashboard.spec.ts:23:9)
        at C:\Users\Flo\.antigravity\repos\ex_bon\ai-coding\tests\PROJ-5-statistik-dashboard.spec.ts:347:11


[1A[2K[282/718] [chromium] › tests\PROJ-5-statistik-dashboard.spec.ts:387:7 › AC: Dashboard – MwSt-Aufteilung › MwSt card shows donut chart or empty state
[1A[2K  205) [chromium] › tests\PROJ-5-statistik-dashboard.spec.ts:387:7 › AC: Dashboard – MwSt-Aufteilung › MwSt card shows donut chart or empty state 

    Error: ENOENT: no such file or directory, open 'C:\Users\Flo\.antigravity\repos\ex_bon\ai-coding\data\ebons\REWE-ebon1.pdf'

      11 |
      12 | async function importPdf(request: import("@playwright/test").APIRequestContext, pdfPath: string) {
    > 13 |   const pdfBuffer = fs.readFileSync(pdfPath)
         |                        ^
      14 |   const filename = path.basename(pdfPath)
      15 |   await request.post("/api/import", {
      16 |     multipart: {
        at importPdf (C:\Users\Flo\.antigravity\repos\ex_bon\ai-coding\tests\PROJ-5-statistik-dashboard.spec.ts:13:24)
        at ensureBonsImported (C:\Users\Flo\.antigravity\repos\ex_bon\ai-coding\tests\PROJ-5-statistik-dashboard.spec.ts:23:9)
        at C:\Users\Flo\.antigravity\repos\ex_bon\ai-coding\tests\PROJ-5-statistik-dashboard.spec.ts:384:11


[1A[2K[283/718] [chromium] › tests\PROJ-5-statistik-dashboard.spec.ts:403:7 › AC: Dashboard – MwSt-Aufteilung › MwSt categories show absolute amounts
[1A[2K  206) [chromium] › tests\PROJ-5-statistik-dashboard.spec.ts:403:7 › AC: Dashboard – MwSt-Aufteilung › MwSt categories show absolute amounts 

    Error: ENOENT: no such file or directory, open 'C:\Users\Flo\.antigravity\repos\ex_bon\ai-coding\data\ebons\REWE-ebon1.pdf'

      11 |
      12 | async function importPdf(request: import("@playwright/test").APIRequestContext, pdfPath: string) {
    > 13 |   const pdfBuffer = fs.readFileSync(pdfPath)
         |                        ^
      14 |   const filename = path.basename(pdfPath)
      15 |   await request.post("/api/import", {
      16 |     multipart: {
        at importPdf (C:\Users\Flo\.antigravity\repos\ex_bon\ai-coding\tests\PROJ-5-statistik-dashboard.spec.ts:13:24)
        at ensureBonsImported (C:\Users\Flo\.antigravity\repos\ex_bon\ai-coding\tests\PROJ-5-statistik-dashboard.spec.ts:23:9)
        at C:\Users\Flo\.antigravity\repos\ex_bon\ai-coding\tests\PROJ-5-statistik-dashboard.spec.ts:384:11


[1A[2K[284/718] [chromium] › tests\PROJ-5-statistik-dashboard.spec.ts:427:7 › AC: Zeitraum-Filter › filter buttons are visible (3M, 6M, 12M, Alle)
[1A[2K  207) [chromium] › tests\PROJ-5-statistik-dashboard.spec.ts:427:7 › AC: Zeitraum-Filter › filter buttons are visible (3M, 6M, 12M, Alle) 

    Error: ENOENT: no such file or directory, open 'C:\Users\Flo\.antigravity\repos\ex_bon\ai-coding\data\ebons\REWE-ebon1.pdf'

      11 |
      12 | async function importPdf(request: import("@playwright/test").APIRequestContext, pdfPath: string) {
    > 13 |   const pdfBuffer = fs.readFileSync(pdfPath)
         |                        ^
      14 |   const filename = path.basename(pdfPath)
      15 |   await request.post("/api/import", {
      16 |     multipart: {
        at importPdf (C:\Users\Flo\.antigravity\repos\ex_bon\ai-coding\tests\PROJ-5-statistik-dashboard.spec.ts:13:24)
        at ensureBonsImported (C:\Users\Flo\.antigravity\repos\ex_bon\ai-coding\tests\PROJ-5-statistik-dashboard.spec.ts:23:9)
        at C:\Users\Flo\.antigravity\repos\ex_bon\ai-coding\tests\PROJ-5-statistik-dashboard.spec.ts:424:11


[1A[2K[285/718] [chromium] › tests\PROJ-5-statistik-dashboard.spec.ts:435:7 › AC: Zeitraum-Filter › clicking a filter button triggers data reload
[1A[2K  208) [chromium] › tests\PROJ-5-statistik-dashboard.spec.ts:435:7 › AC: Zeitraum-Filter › clicking a filter button triggers data reload 

    Error: ENOENT: no such file or directory, open 'C:\Users\Flo\.antigravity\repos\ex_bon\ai-coding\data\ebons\REWE-ebon1.pdf'

      11 |
      12 | async function importPdf(request: import("@playwright/test").APIRequestContext, pdfPath: string) {
    > 13 |   const pdfBuffer = fs.readFileSync(pdfPath)
         |                        ^
      14 |   const filename = path.basename(pdfPath)
      15 |   await request.post("/api/import", {
      16 |     multipart: {
        at importPdf (C:\Users\Flo\.antigravity\repos\ex_bon\ai-coding\tests\PROJ-5-statistik-dashboard.spec.ts:13:24)
        at ensureBonsImported (C:\Users\Flo\.antigravity\repos\ex_bon\ai-coding\tests\PROJ-5-statistik-dashboard.spec.ts:23:9)
        at C:\Users\Flo\.antigravity\repos\ex_bon\ai-coding\tests\PROJ-5-statistik-dashboard.spec.ts:424:11


[1A[2K[286/718] [chromium] › tests\PROJ-5-statistik-dashboard.spec.ts:450:7 › Edge Case: Empty state › API returns empty data when no bons exist
[1A[2K[287/718] [chromium] › tests\PROJ-5-statistik-dashboard.spec.ts:465:7 › Security: Statistiken APIs › monatlich API handles malicious monate parameter
[1A[2K  209) [chromium] › tests\PROJ-5-statistik-dashboard.spec.ts:465:7 › Security: Statistiken APIs › monatlich API handles malicious monate parameter 

    Error: ENOENT: no such file or directory, open 'C:\Users\Flo\.antigravity\repos\ex_bon\ai-coding\data\ebons\REWE-ebon1.pdf'

      11 |
      12 | async function importPdf(request: import("@playwright/test").APIRequestContext, pdfPath: string) {
    > 13 |   const pdfBuffer = fs.readFileSync(pdfPath)
         |                        ^
      14 |   const filename = path.basename(pdfPath)
      15 |   await request.post("/api/import", {
      16 |     multipart: {
        at importPdf (C:\Users\Flo\.antigravity\repos\ex_bon\ai-coding\tests\PROJ-5-statistik-dashboard.spec.ts:13:24)
        at ensureBonsImported (C:\Users\Flo\.antigravity\repos\ex_bon\ai-coding\tests\PROJ-5-statistik-dashboard.spec.ts:23:9)
        at C:\Users\Flo\.antigravity\repos\ex_bon\ai-coding\tests\PROJ-5-statistik-dashboard.spec.ts:462:11


[1A[2K[288/718] [chromium] › tests\PROJ-5-statistik-dashboard.spec.ts:473:7 › Security: Statistiken APIs › top-produkte API handles malicious sort parameter
[1A[2K  210) [chromium] › tests\PROJ-5-statistik-dashboard.spec.ts:473:7 › Security: Statistiken APIs › top-produkte API handles malicious sort parameter 

    Error: ENOENT: no such file or directory, open 'C:\Users\Flo\.antigravity\repos\ex_bon\ai-coding\data\ebons\REWE-ebon1.pdf'

      11 |
      12 | async function importPdf(request: import("@playwright/test").APIRequestContext, pdfPath: string) {
    > 13 |   const pdfBuffer = fs.readFileSync(pdfPath)
         |                        ^
      14 |   const filename = path.basename(pdfPath)
      15 |   await request.post("/api/import", {
      16 |     multipart: {
        at importPdf (C:\Users\Flo\.antigravity\repos\ex_bon\ai-coding\tests\PROJ-5-statistik-dashboard.spec.ts:13:24)
        at ensureBonsImported (C:\Users\Flo\.antigravity\repos\ex_bon\ai-coding\tests\PROJ-5-statistik-dashboard.spec.ts:23:9)
        at C:\Users\Flo\.antigravity\repos\ex_bon\ai-coding\tests\PROJ-5-statistik-dashboard.spec.ts:462:11


[1A[2K[289/718] [chromium] › tests\PROJ-5-statistik-dashboard.spec.ts:480:7 › Security: Statistiken APIs › rabatte API handles malicious monate parameter
[1A[2K  211) [chromium] › tests\PROJ-5-statistik-dashboard.spec.ts:480:7 › Security: Statistiken APIs › rabatte API handles malicious monate parameter 

    Error: ENOENT: no such file or directory, open 'C:\Users\Flo\.antigravity\repos\ex_bon\ai-coding\data\ebons\REWE-ebon1.pdf'

      11 |
      12 | async function importPdf(request: import("@playwright/test").APIRequestContext, pdfPath: string) {
    > 13 |   const pdfBuffer = fs.readFileSync(pdfPath)
         |                        ^
      14 |   const filename = path.basename(pdfPath)
      15 |   await request.post("/api/import", {
      16 |     multipart: {
        at importPdf (C:\Users\Flo\.antigravity\repos\ex_bon\ai-coding\tests\PROJ-5-statistik-dashboard.spec.ts:13:24)
        at ensureBonsImported (C:\Users\Flo\.antigravity\repos\ex_bon\ai-coding\tests\PROJ-5-statistik-dashboard.spec.ts:23:9)
        at C:\Users\Flo\.antigravity\repos\ex_bon\ai-coding\tests\PROJ-5-statistik-dashboard.spec.ts:462:11


[1A[2K[290/718] [chromium] › tests\PROJ-5-statistik-dashboard.spec.ts:485:7 › Security: Statistiken APIs › mwst API handles malicious monate parameter
[1A[2K  212) [chromium] › tests\PROJ-5-statistik-dashboard.spec.ts:485:7 › Security: Statistiken APIs › mwst API handles malicious monate parameter 

    Error: ENOENT: no such file or directory, open 'C:\Users\Flo\.antigravity\repos\ex_bon\ai-coding\data\ebons\REWE-ebon1.pdf'

      11 |
      12 | async function importPdf(request: import("@playwright/test").APIRequestContext, pdfPath: string) {
    > 13 |   const pdfBuffer = fs.readFileSync(pdfPath)
         |                        ^
      14 |   const filename = path.basename(pdfPath)
      15 |   await request.post("/api/import", {
      16 |     multipart: {
        at importPdf (C:\Users\Flo\.antigravity\repos\ex_bon\ai-coding\tests\PROJ-5-statistik-dashboard.spec.ts:13:24)
        at ensureBonsImported (C:\Users\Flo\.antigravity\repos\ex_bon\ai-coding\tests\PROJ-5-statistik-dashboard.spec.ts:23:9)
        at C:\Users\Flo\.antigravity\repos\ex_bon\ai-coding\tests\PROJ-5-statistik-dashboard.spec.ts:462:11


[1A[2K[291/718] [chromium] › tests\PROJ-5-statistik-dashboard.spec.ts:500:7 › Responsive: Mobile dashboard › dashboard renders correctly on mobile
[1A[2K  213) [chromium] › tests\PROJ-5-statistik-dashboard.spec.ts:500:7 › Responsive: Mobile dashboard › dashboard renders correctly on mobile 

    Error: ENOENT: no such file or directory, open 'C:\Users\Flo\.antigravity\repos\ex_bon\ai-coding\data\ebons\REWE-ebon1.pdf'

      11 |
      12 | async function importPdf(request: import("@playwright/test").APIRequestContext, pdfPath: string) {
    > 13 |   const pdfBuffer = fs.readFileSync(pdfPath)
         |                        ^
      14 |   const filename = path.basename(pdfPath)
      15 |   await request.post("/api/import", {
      16 |     multipart: {
        at importPdf (C:\Users\Flo\.antigravity\repos\ex_bon\ai-coding\tests\PROJ-5-statistik-dashboard.spec.ts:13:24)
        at ensureBonsImported (C:\Users\Flo\.antigravity\repos\ex_bon\ai-coding\tests\PROJ-5-statistik-dashboard.spec.ts:23:9)
        at C:\Users\Flo\.antigravity\repos\ex_bon\ai-coding\tests\PROJ-5-statistik-dashboard.spec.ts:497:11


[1A[2K[292/718] [chromium] › tests\PROJ-7-export.spec.ts:14:7 › PROJ-7: Datenexport (CSV & Excel) › AC 1: Export-Button is visible on Bon-Übersichtsseite
[1A[2K  214) [chromium] › tests\PROJ-7-export.spec.ts:14:7 › PROJ-7: Datenexport (CSV & Excel) › AC 1: Export-Button is visible on Bon-Übersichtsseite 

    Error: [2mexpect([22m[31mlocator[39m[2m).[22mtoBeVisible[2m([22m[2m)[22m failed

    Locator: locator('button:has-text("Exportieren")')
    Expected: visible
    Timeout: 5000ms
    Error: element(s) not found

    Call log:
    [2m  - Expect "toBeVisible" with timeout 5000ms[22m
    [2m  - waiting for locator('button:has-text("Exportieren")')[22m


      14 |   test("AC 1: Export-Button is visible on Bon-Übersichtsseite", async ({ page }) => {
      15 |     const exportButton = page.locator('button:has-text("Exportieren")')
    > 16 |     await expect(exportButton).toBeVisible()
         |                                ^
      17 |   })
      18 |
      19 |   test("AC 1: Export-Button opens dialog", async ({ page }) => {
        at C:\Users\Flo\.antigravity\repos\ex_bon\ai-coding\tests\PROJ-7-export.spec.ts:16:32

    Error Context: test-results\PROJ-7-export-PROJ-7-Daten-e5333-ible-on-Bon-Übersichtsseite-chromium\error-context.md


[1A[2K[293/718] [chromium] › tests\PROJ-7-export.spec.ts:19:7 › PROJ-7: Datenexport (CSV & Excel) › AC 1: Export-Button opens dialog
[1A[2K  215) [chromium] › tests\PROJ-7-export.spec.ts:19:7 › PROJ-7: Datenexport (CSV & Excel) › AC 1: Export-Button opens dialog 

    [31mTest timeout of 30000ms exceeded.[39m

    Error: locator.click: Test timeout of 30000ms exceeded.
    Call log:
    [2m  - waiting for locator('button:has-text("Exportieren")')[22m


      19 |   test("AC 1: Export-Button opens dialog", async ({ page }) => {
      20 |     const exportButton = page.locator('button:has-text("Exportieren")')
    > 21 |     await exportButton.click()
         |                        ^
      22 |
      23 |     // Dialog should appear
      24 |     const dialog = page.locator('[role="dialog"]')
        at C:\Users\Flo\.antigravity\repos\ex_bon\ai-coding\tests\PROJ-7-export.spec.ts:21:24

    Error Context: test-results\PROJ-7-export-PROJ-7-Daten-f573f--Export-Button-opens-dialog-chromium\error-context.md


[1A[2K[294/718] [chromium] › tests\PROJ-7-export.spec.ts:34:7 › PROJ-7: Datenexport (CSV & Excel) › AC 2 & 3: CSV Export with correct format
[1A[2K  216) [chromium] › tests\PROJ-7-export.spec.ts:34:7 › PROJ-7: Datenexport (CSV & Excel) › AC 2 & 3: CSV Export with correct format 

    [31mTest timeout of 30000ms exceeded.[39m

    Error: locator.click: Test timeout of 30000ms exceeded.
    Call log:
    [2m  - waiting for locator('button:has-text("Exportieren")')[22m


      37 |
      38 |     const exportButton = page.locator('button:has-text("Exportieren")')
    > 39 |     await exportButton.click()
         |                        ^
      40 |
      41 |     // Wait for dialog
      42 |     const csvButton = page.locator('button:has-text("CSV exportieren")')
        at C:\Users\Flo\.antigravity\repos\ex_bon\ai-coding\tests\PROJ-7-export.spec.ts:39:24

    Error: browserContext.waitForEvent: Test timeout of 30000ms exceeded.

      34 |   test("AC 2 & 3: CSV Export with correct format", async ({ page, context }) => {
      35 |     // Listen for download
    > 36 |     const downloadPromise = context.waitForEvent("download")
         |                                     ^
      37 |
      38 |     const exportButton = page.locator('button:has-text("Exportieren")')
      39 |     await exportButton.click()
        at C:\Users\Flo\.antigravity\repos\ex_bon\ai-coding\tests\PROJ-7-export.spec.ts:36:37

    Error Context: test-results\PROJ-7-export-PROJ-7-Daten-292c1--Export-with-correct-format-chromium\error-context.md


[1A[2K[295/718] [chromium] › tests\PROJ-7-export.spec.ts:85:7 › PROJ-7: Datenexport (CSV & Excel) › AC 4 & 5: Excel Export with 3 sheets
[1A[2K  217) [chromium] › tests\PROJ-7-export.spec.ts:85:7 › PROJ-7: Datenexport (CSV & Excel) › AC 4 & 5: Excel Export with 3 sheets 

    [31mTest timeout of 30000ms exceeded.[39m

    Error: locator.click: Test timeout of 30000ms exceeded.
    Call log:
    [2m  - waiting for locator('button:has-text("Exportieren")')[22m


      87 |
      88 |     const exportButton = page.locator('button:has-text("Exportieren")')
    > 89 |     await exportButton.click()
         |                        ^
      90 |
      91 |     const excelButton = page.locator('button:has-text("Excel exportieren")')
      92 |     await expect(excelButton).toBeVisible()
        at C:\Users\Flo\.antigravity\repos\ex_bon\ai-coding\tests\PROJ-7-export.spec.ts:89:24

    Error: browserContext.waitForEvent: Test timeout of 30000ms exceeded.

      84 |
      85 |   test("AC 4 & 5: Excel Export with 3 sheets", async ({ page, context }) => {
    > 86 |     const downloadPromise = context.waitForEvent("download")
         |                                     ^
      87 |
      88 |     const exportButton = page.locator('button:has-text("Exportieren")')
      89 |     await exportButton.click()
        at C:\Users\Flo\.antigravity\repos\ex_bon\ai-coding\tests\PROJ-7-export.spec.ts:86:37

    Error Context: test-results\PROJ-7-export-PROJ-7-Daten-75d23--Excel-Export-with-3-sheets-chromium\error-context.md


[1A[2K[296/718] [chromium] › tests\PROJ-7-export.spec.ts:107:7 › PROJ-7: Datenexport (CSV & Excel) › AC 6: Date filter in Export dialog
[1A[2K  218) [chromium] › tests\PROJ-7-export.spec.ts:107:7 › PROJ-7: Datenexport (CSV & Excel) › AC 6: Date filter in Export dialog 

    [31mTest timeout of 30000ms exceeded.[39m

    Error: locator.click: Test timeout of 30000ms exceeded.
    Call log:
    [2m  - waiting for locator('button:has-text("Exportieren")')[22m


      107 |   test("AC 6: Date filter in Export dialog", async ({ page }) => {
      108 |     const exportButton = page.locator('button:has-text("Exportieren")')
    > 109 |     await exportButton.click()
          |                        ^
      110 |
      111 |     // Check for date inputs
      112 |     const dateFromInput = page.locator('input[id="dateFrom"]')
        at C:\Users\Flo\.antigravity\repos\ex_bon\ai-coding\tests\PROJ-7-export.spec.ts:109:24

    Error Context: test-results\PROJ-7-export-PROJ-7-Daten-85f17-ate-filter-in-Export-dialog-chromium\error-context.md


[1A[2K[297/718] [chromium] › tests\PROJ-7-export.spec.ts:128:7 › PROJ-7: Datenexport (CSV & Excel) › AC 7: Alias checkbox in Export dialog
[1A[2K  219) [chromium] › tests\PROJ-7-export.spec.ts:128:7 › PROJ-7: Datenexport (CSV & Excel) › AC 7: Alias checkbox in Export dialog 

    [31mTest timeout of 30000ms exceeded.[39m

    Error: locator.click: Test timeout of 30000ms exceeded.
    Call log:
    [2m  - waiting for locator('button:has-text("Exportieren")')[22m


      128 |   test("AC 7: Alias checkbox in Export dialog", async ({ page }) => {
      129 |     const exportButton = page.locator('button:has-text("Exportieren")')
    > 130 |     await exportButton.click()
          |                        ^
      131 |
      132 |     const aliasCheckbox = page.locator('input[id="useAlias"]')
      133 |     await expect(aliasCheckbox).toBeVisible()
        at C:\Users\Flo\.antigravity\repos\ex_bon\ai-coding\tests\PROJ-7-export.spec.ts:130:24

    Error Context: test-results\PROJ-7-export-PROJ-7-Daten-5596f-s-checkbox-in-Export-dialog-chromium\error-context.md


[1A[2K[298/718] [chromium] › tests\PROJ-7-export.spec.ts:147:7 › PROJ-7: Datenexport (CSV & Excel) › Edge Case: Dialog handles errors gracefully
[1A[2K  220) [chromium] › tests\PROJ-7-export.spec.ts:147:7 › PROJ-7: Datenexport (CSV & Excel) › Edge Case: Dialog handles errors gracefully 

    [31mTest timeout of 30000ms exceeded.[39m

    Error: locator.click: Test timeout of 30000ms exceeded.
    Call log:
    [2m  - waiting for locator('button:has-text("Exportieren")')[22m


      147 |   test("Edge Case: Dialog handles errors gracefully", async ({ page }) => {
      148 |     const exportButton = page.locator('button:has-text("Exportieren")')
    > 149 |     await exportButton.click()
          |                        ^
      150 |
      151 |     // Set invalid date range (From > To)
      152 |     const dateFromInput = page.locator('input[id="dateFrom"]')
        at C:\Users\Flo\.antigravity\repos\ex_bon\ai-coding\tests\PROJ-7-export.spec.ts:149:24

    Error Context: test-results\PROJ-7-export-PROJ-7-Daten-ecab4-g-handles-errors-gracefully-chromium\error-context.md


[1A[2K[299/718] [chromium] › tests\PROJ-7-export.spec.ts:169:7 › PROJ-7: Datenexport (CSV & Excel) › Export-Button is visible on Statistik-Dashboard
[1A[2K[300/718] [chromium] › tests\PROJ-7-export.spec.ts:177:7 › PROJ-7: Datenexport (CSV & Excel) › Export from Statistik-Dashboard opens dialog
[1A[2K[301/718] [chromium] › tests\PROJ-7-export.spec.ts:190:7 › PROJ-7: Datenexport (CSV & Excel) › Export dialog is responsive on mobile (375px)
[1A[2K  221) [chromium] › tests\PROJ-7-export.spec.ts:190:7 › PROJ-7: Datenexport (CSV & Excel) › Export dialog is responsive on mobile (375px) 

    Error: [2mexpect([22m[31mlocator[39m[2m).[22mtoBeVisible[2m([22m[2m)[22m failed

    Locator: locator('button:has-text("Exportieren")')
    Expected: visible
    Timeout: 5000ms
    Error: element(s) not found

    Call log:
    [2m  - Expect "toBeVisible" with timeout 5000ms[22m
    [2m  - waiting for locator('button:has-text("Exportieren")')[22m


      194 |
      195 |     const exportButton = page.locator('button:has-text("Exportieren")')
    > 196 |     await expect(exportButton).toBeVisible()
          |                                ^
      197 |
      198 |     await exportButton.click()
      199 |
        at C:\Users\Flo\.antigravity\repos\ex_bon\ai-coding\tests\PROJ-7-export.spec.ts:196:32

    Error Context: test-results\PROJ-7-export-PROJ-7-Daten-4ddc8-responsive-on-mobile-375px--chromium\error-context.md


[1A[2K[302/718] [chromium] › tests\PROJ-7-export.spec.ts:213:7 › PROJ-7: Datenexport (CSV & Excel) › Export dialog works on tablet (768px)
[1A[2K  222) [chromium] › tests\PROJ-7-export.spec.ts:213:7 › PROJ-7: Datenexport (CSV & Excel) › Export dialog works on tablet (768px) 

    [31mTest timeout of 30000ms exceeded.[39m

    Error: locator.click: Test timeout of 30000ms exceeded.
    Call log:
    [2m  - waiting for locator('button:has-text("Exportieren")')[22m


      217 |
      218 |     const exportButton = page.locator('button:has-text("Exportieren")')
    > 219 |     await exportButton.click()
          |                        ^
      220 |
      221 |     const dialog = page.locator('[role="dialog"]')
      222 |     await expect(dialog).toBeVisible()
        at C:\Users\Flo\.antigravity\repos\ex_bon\ai-coding\tests\PROJ-7-export.spec.ts:219:24

    Error Context: test-results\PROJ-7-export-PROJ-7-Daten-ebb92-alog-works-on-tablet-768px--chromium\error-context.md


[1A[2K[303/718] [chromium] › tests\PROJ-7-export.spec.ts:227:7 › PROJ-7: Datenexport (CSV & Excel) › Export dialog works on desktop (1440px)
